Component: ARM Compiler 5.06 update 5 (build 528) Tool: armlink [4d35e2]

==============================================================================

Section Cross References

    main.o(i.main) refers to _printf_percent.o(.ARM.Collect$$_printf_percent$$00000000) for _printf_percent
    main.o(i.main) refers to _printf_d.o(.ARM.Collect$$_printf_percent$$00000009) for _printf_d
    main.o(i.main) refers to _printf_f.o(.ARM.Collect$$_printf_percent$$00000003) for _printf_f
    main.o(i.main) refers to _printf_dec.o(.text) for _printf_int_dec
    main.o(i.main) refers to printf1.o(x$fpl$printf1) for _printf_fp_dec
    main.o(i.main) refers to beep.o(i.BEEP_Init) for BEEP_Init
    main.o(i.main) refers to delay.o(i.delay_init) for delay_init
    main.o(i.main) refers to misc.o(i.NVIC_PriorityGroupConfig) for NVIC_PriorityGroupConfig
    main.o(i.main) refers to led.o(i.LED_Init) for LED_Init
    main.o(i.main) refers to key.o(i.KEY_Init) for KEY_Init
    main.o(i.main) refers to exti.o(i.EXTIX_Init) for EXTIX_Init
    main.o(i.main) refers to dht11.o(i.DHT11_Init) for DHT11_Init
    main.o(i.main) refers to bh1750.o(i.BH1750_Init) for BH1750_Init
    main.o(i.main) refers to usart.o(i.Usart1_Init) for Usart1_Init
    main.o(i.main) refers to usart.o(i.Usart2_Init) for Usart2_Init
    main.o(i.main) refers to oled.o(i.OLED_Init) for OLED_Init
    main.o(i.main) refers to oled.o(i.OLED_ColorTurn) for OLED_ColorTurn
    main.o(i.main) refers to oled.o(i.OLED_DisplayTurn) for OLED_DisplayTurn
    main.o(i.main) refers to oled.o(i.OLED_Clear) for OLED_Clear
    main.o(i.main) refers to timer.o(i.TIM2_Int_Init) for TIM2_Int_Init
    main.o(i.main) refers to timer.o(i.TIM3_Int_Init) for TIM3_Int_Init
    main.o(i.main) refers to usart.o(i.UsartPrintf) for UsartPrintf
    main.o(i.main) refers to esp8266.o(i.ESP8266_Init) for ESP8266_Init
    main.o(i.main) refers to delay.o(i.delay_ms) for delay_ms
    main.o(i.main) refers to onenet.o(i.OneNet_DevLink) for OneNet_DevLink
    main.o(i.main) refers to onenet.o(i.OneNet_Subscribe) for OneNet_Subscribe
    main.o(i.main) refers to dht11.o(i.DHT11_Read_Data) for DHT11_Read_Data
    main.o(i.main) refers to bh1750.o(i.i2c_CheckDevice) for i2c_CheckDevice
    main.o(i.main) refers to bh1750.o(i.LIght_Intensity) for LIght_Intensity
    main.o(i.main) refers to f2d.o(x$fpl$f2d) for __aeabi_f2d
    main.o(i.main) refers to fleqf.o(x$fpl$fleqf) for __aeabi_cfcmple
    main.o(i.main) refers to stm32f10x_gpio.o(i.GPIO_ReadInputDataBit) for GPIO_ReadInputDataBit
    main.o(i.main) refers to __2sprintf.o(.text) for __2sprintf
    main.o(i.main) refers to onenet.o(i.OneNet_Publish) for OneNet_Publish
    main.o(i.main) refers to esp8266.o(i.ESP8266_Clear) for ESP8266_Clear
    main.o(i.main) refers to esp8266.o(i.ESP8266_GetIPD) for ESP8266_GetIPD
    main.o(i.main) refers to onenet.o(i.OneNet_RevPro) for OneNet_RevPro
    main.o(i.main) refers to main.o(.data) for devSubTopic
    main.o(i.main) refers to main.o(.bss) for PUB_BUF
    main.o(i.main) refers to main.o(.constdata) for devPubTopic
    main.o(.data) refers to main.o(.conststring) for .conststring
    system_stm32f10x.o(i.SetSysClock) refers to system_stm32f10x.o(i.SetSysClockTo72) for SetSysClockTo72
    system_stm32f10x.o(i.SystemCoreClockUpdate) refers to system_stm32f10x.o(.data) for SystemCoreClock
    system_stm32f10x.o(i.SystemInit) refers to system_stm32f10x.o(i.SetSysClock) for SetSysClock
    led.o(i.LED_Init) refers to stm32f10x_rcc.o(i.RCC_APB2PeriphClockCmd) for RCC_APB2PeriphClockCmd
    led.o(i.LED_Init) refers to stm32f10x_gpio.o(i.GPIO_Init) for GPIO_Init
    led.o(i.LED_Init) refers to stm32f10x_gpio.o(i.GPIO_SetBits) for GPIO_SetBits
    beep.o(i.BEEP_Init) refers to stm32f10x_rcc.o(i.RCC_APB2PeriphClockCmd) for RCC_APB2PeriphClockCmd
    beep.o(i.BEEP_Init) refers to stm32f10x_gpio.o(i.GPIO_Init) for GPIO_Init
    beep.o(i.BEEP_Init) refers to stm32f10x_gpio.o(i.GPIO_SetBits) for GPIO_SetBits
    dht11.o(i.DHT11_Check) refers to delay.o(i.delay_us) for delay_us
    dht11.o(i.DHT11_Init) refers to stm32f10x_rcc.o(i.RCC_APB2PeriphClockCmd) for RCC_APB2PeriphClockCmd
    dht11.o(i.DHT11_Init) refers to stm32f10x_gpio.o(i.GPIO_Init) for GPIO_Init
    dht11.o(i.DHT11_Init) refers to stm32f10x_gpio.o(i.GPIO_SetBits) for GPIO_SetBits
    dht11.o(i.DHT11_Init) refers to dht11.o(i.DHT11_Rst) for DHT11_Rst
    dht11.o(i.DHT11_Init) refers to dht11.o(i.DHT11_Check) for DHT11_Check
    dht11.o(i.DHT11_Read_Bit) refers to delay.o(i.delay_us) for delay_us
    dht11.o(i.DHT11_Read_Byte) refers to dht11.o(i.DHT11_Read_Bit) for DHT11_Read_Bit
    dht11.o(i.DHT11_Read_Data) refers to dht11.o(i.DHT11_Rst) for DHT11_Rst
    dht11.o(i.DHT11_Read_Data) refers to dht11.o(i.DHT11_Check) for DHT11_Check
    dht11.o(i.DHT11_Read_Data) refers to dht11.o(i.DHT11_Read_Byte) for DHT11_Read_Byte
    dht11.o(i.DHT11_Rst) refers to delay.o(i.delay_ms) for delay_ms
    dht11.o(i.DHT11_Rst) refers to delay.o(i.delay_us) for delay_us
[...]
    EXTI15_10_IRQHandler                     0x0800029b   Thumb Code     0  startup_stm32f10x_hd.o(.text)
    EXTI2_IRQHandler                         0x0800029b   Thumb Code     0  startup_stm32f10x_hd.o(.text)
    EXTI3_IRQHandler                         0x0800029b   Thumb Code     0  startup_stm32f10x_hd.o(.text)
    EXTI4_IRQHandler                         0x0800029b   Thumb Code     0  startup_stm32f10x_hd.o(.text)
    EXTI9_5_IRQHandler                       0x0800029b   Thumb Code     0  startup_stm32f10x_hd.o(.text)
    FLASH_IRQHandler                         0x0800029b   Thumb Code     0  startup_stm32f10x_hd.o(.text)
    FSMC_IRQHandler                          0x0800029b   Thumb Code     0  startup_stm32f10x_hd.o(.text)
    I2C1_ER_IRQHandler                       0x0800029b   Thumb Code     0  startup_stm32f10x_hd.o(.text)
    I2C1_EV_IRQHandler                       0x0800029b   Thumb Code     0  startup_stm32f10x_hd.o(.text)
    I2C2_ER_IRQHandler                       0x0800029b   Thumb Code     0  startup_stm32f10x_hd.o(.text)
    I2C2_EV_IRQHandler                       0x0800029b   Thumb Code     0  startup_stm32f10x_hd.o(.text)
    PVD_IRQHandler                           0x0800029b   Thumb Code     0  startup_stm32f10x_hd.o(.text)
    RCC_IRQHandler                           0x0800029b   Thumb Code     0  startup_stm32f10x_hd.o(.text)
    RTCAlarm_IRQHandler                      0x0800029b   Thumb Code     0  startup_stm32f10x_hd.o(.text)
    RTC_IRQHandler                           0x0800029b   Thumb Code     0  startup_stm32f10x_hd.o(.text)
    SDIO_IRQHandler                          0x0800029b   Thumb Code     0  startup_stm32f10x_hd.o(.text)
    SPI1_IRQHandler                          0x0800029b   Thumb Code     0  startup_stm32f10x_hd.o(.text)
    SPI2_IRQHandler                          0x0800029b   Thumb Code     0  startup_stm32f10x_hd.o(.text)
    SPI3_IRQHandler                          0x0800029b   Thumb Code     0  startup_stm32f10x_hd.o(.text)
    TAMPER_IRQHandler                        0x0800029b   Thumb Code     0  startup_stm32f10x_hd.o(.text)
    TIM1_BRK_IRQHandler                      0x0800029b   Thumb Code     0  startup_stm32f10x_hd.o(.text)
    TIM1_CC_IRQHandler                       0x0800029b   Thumb Code     0  startup_stm32f10x_hd.o(.text)
    TIM1_TRG_COM_IRQHandler                  0x0800029b   Thumb Code     0  startup_stm32f10x_hd.o(.text)
    TIM1_UP_IRQHandler                       0x0800029b   Thumb Code     0  startup_stm32f10x_hd.o(.text)
    TIM4_IRQHandler                          0x0800029b   Thumb Code     0  startup_stm32f10x_hd.o(.text)
    TIM5_IRQHandler                          0x0800029b   Thumb Code     0  startup_stm32f10x_hd.o(.text)
    TIM6_IRQHandler                          0x0800029b   Thumb Code     0  startup_stm32f10x_hd.o(.text)
    TIM7_IRQHandler                          0x0800029b   Thumb Code     0  startup_stm32f10x_hd.o(.text)
    TIM8_BRK_IRQHandler                      0x0800029b   Thumb Code     0  startup_stm32f10x_hd.o(.text)
    TIM8_CC_IRQHandler                       0x0800029b   Thumb Code     0  startup_stm32f10x_hd.o(.text)
    TIM8_TRG_COM_IRQHandler                  0x0800029b   Thumb Code     0  startup_stm32f10x_hd.o(.text)
    TIM8_UP_IRQHandler                       0x0800029b   Thumb Code     0  startup_stm32f10x_hd.o(.text)
    UART4_IRQHandler                         0x0800029b   Thumb Code     0  startup_stm32f10x_hd.o(.text)
    UART5_IRQHandler                         0x0800029b   Thumb Code     0  startup_stm32f10x_hd.o(.text)
    USART3_IRQHandler                        0x0800029b   Thumb Code     0  startup_stm32f10x_hd.o(.text)
    USBWakeUp_IRQHandler                     0x0800029b   Thumb Code     0  startup_stm32f10x_hd.o(.text)
    USB_HP_CAN1_TX_IRQHandler                0x0800029b   Thumb Code     0  startup_stm32f10x_hd.o(.text)
    USB_LP_CAN1_RX0_IRQHandler               0x0800029b   Thumb Code     0  startup_stm32f10x_hd.o(.text)
    WWDG_IRQHandler                          0x0800029b   Thumb Code     0  startup_stm32f10x_hd.o(.text)
    __user_initial_stackheap                 0x0800029d   Thumb Code     0  startup_stm32f10x_hd.o(.text)
    malloc                                   0x080002c1   Thumb Code    94  h1_alloc.o(.text)
    free                                     0x0800031f   Thumb Code    78  h1_free.o(.text)
    realloc                                  0x0800036d   Thumb Code   184  h1_realloc.o(.text)
    tolower                                  0x08000425   Thumb Code    26  tolower.o(.text)
    vsnprintf                                0x08000441   Thumb Code    48  vsnprintf.o(.text)
    __2sprintf                               0x08000475   Thumb Code    38  __2sprintf.o(.text)
    _printf_pre_padding                      0x080004a1   Thumb Code    44  _printf_pad.o(.text)
    _printf_post_padding                     0x080004cd   Thumb Code    34  _printf_pad.o(.text)
    _printf_str                              0x080004ef   Thumb Code    82  _printf_str.o(.text)
    _printf_int_dec                          0x08000541   Thumb Code   104  _printf_dec.o(.text)
    _printf_longlong_hex                     0x080005b9   Thumb Code    86  _printf_hex_int_ll_ptr.o(.text)
    _printf_int_hex                          0x0800060f   Thumb Code    28  _printf_hex_int_ll_ptr.o(.text)
    _printf_ll_hex                           0x0800062b   Thumb Code    12  _printf_hex_int_ll_ptr.o(.text)
    _printf_hex_ptr                          0x08000637   Thumb Code    18  _printf_hex_int_ll_ptr.o(.text)
    __printf                                 0x0800064d   Thumb Code   388  __printf_flags_ss_wp.o(.text)
    atoi                                     0x080007d5   Thumb Code    26  atoi.o(.text)
    strchr                                   0x080007ef   Thumb Code    20  strchr.o(.text)
    strncat                                  0x08000803   Thumb Code    36  strncat.o(.text)
    strstr                                   0x08000827   Thumb Code    36  strstr.o(.text)
    strlen                                   0x0800084b   Thumb Code    62  strlen.o(.text)
    strncmp                                  0x08000889   Thumb Code   150  strncmp.o(.text)
    __aeabi_memcpy                           0x0800091f   Thumb Code     0  rt_memcpy_v6.o(.text)
    __rt_memcpy                              0x0800091f   Thumb Code   138  rt_memcpy_v6.o(.text)
    _memcpy_lastbytes                        0x08000985   Thumb Code     0  rt_memcpy_v6.o(.text)
    __aeabi_memcpy4                          0x080009a9   Thumb Code     0  rt_memcpy_w.o(.text)
    __aeabi_memcpy8                          0x080009a9   Thumb Code     0  rt_memcpy_w.o(.text)
    __rt_memcpy_w                            0x080009a9   Thumb Code   100  rt_memcpy_w.o(.text)
    _memcpy_lastbytes_aligned                0x080009f1   Thumb Code     0  rt_memcpy_w.o(.text)
    __aeabi_memclr                           0x08000a0d   Thumb Code     0  rt_memclr.o(.text)
    __rt_memclr                              0x08000a0d   Thumb Code    68  rt_memclr.o(.text)
    _memset                                  0x08000a11   Thumb Code     0  rt_memclr.o(.text)
    __aeabi_memclr4                          0x08000a51   Thumb Code     0  rt_memclr_w.o(.text)
    __aeabi_memclr8                          0x08000a51   Thumb Code     0  rt_memclr_w.o(.text)
    __rt_memclr_w                            0x08000a51   Thumb Code    78  rt_memclr_w.o(.text)
    _memset_w                                0x08000a55   Thumb Code     0  rt_memclr_w.o(.text)
    strcmp                                   0x08000aa1   Thumb Code   128  strcmpv7m.o(.text)
    __use_two_region_memory                  0x08000b21   Thumb Code     2  heapauxi.o(.text)
    __rt_heap_escrow                         0x08000b23   Thumb Code     2  heapauxi.o(.text)
    __rt_heap_expand                         0x08000b25   Thumb Code     2  heapauxi.o(.text)
    __rt_ctype_table                         0x08000b29   Thumb Code    16  rt_ctype_table.o(.text)
    __rt_heap_descriptor                     0x08000b39   Thumb Code     8  rt_heap_descriptor_intlibspace.o(.text)
    __aeabi_errno_addr                       0x08000b41   Thumb Code     8  rt_errno_addr_intlibspace.o(.text)
    __errno$intlibspace                      0x08000b41   Thumb Code     0  rt_errno_addr_intlibspace.o(.text)
    __rt_errno_addr$intlibspace              0x08000b41   Thumb Code     0  rt_errno_addr_intlibspace.o(.text)
    __use_no_heap                            0x08000b49   Thumb Code     2  hguard.o(.text)
    __heap$guard                             0x08000b4b   Thumb Code     2  hguard.o(.text)
    _terminate_user_alloc                    0x08000b4d   Thumb Code     2  init_alloc.o(.text)
    _init_user_alloc                         0x08000b4f   Thumb Code     2  init_alloc.o(.text)
    __Heap_Full                              0x08000b51   Thumb Code    34  init_alloc.o(.text)
    __Heap_Broken                            0x08000b73   Thumb Code     6  init_alloc.o(.text)
    _init_alloc                              0x08000b79   Thumb Code    94  init_alloc.o(.text)
    __Heap_Initialize                        0x08000bd7   Thumb Code    10  h1_init.o(.text)
    __Heap_DescSize                          0x08000be1   Thumb Code     4  h1_init.o(.text)
    _printf_truncate_signed                  0x08000be5   Thumb Code    18  _printf_truncate.o(.text)
    _printf_truncate_unsigned                0x08000bf7   Thumb Code    18  _printf_truncate.o(.text)
    _printf_int_common                       0x08000c09   Thumb Code   178  _printf_intcommon.o(.text)
    _printf_charcount                        0x08000cbb   Thumb Code    40  _printf_charcount.o(.text)
    __lib_sel_fp_printf                      0x08000ce3   Thumb Code     2  _printf_fp_dec.o(.text)
    _printf_fp_dec_real                      0x08000e95   Thumb Code   620  _printf_fp_dec.o(.text)
    _printf_char_common                      0x0800110b   Thumb Code    32  _printf_char_common.o(.text)
    _sputc                                   0x08001131   Thumb Code    10  _sputc.o(.text)
    _snputc                                  0x0800113b   Thumb Code    16  _snputc.o(.text)
    _printf_cs_common                        0x0800114b   Thumb Code    20  _printf_char.o(.text)
    _printf_char                             0x0800115f   Thumb Code    16  _printf_char.o(.text)
    _printf_string                           0x0800116f   Thumb Code     8  _printf_char.o(.text)
    _printf_wctomb                           0x08001179   Thumb Code   182  _printf_wctomb.o(.text)
    _printf_longlong_dec                     0x08001235   Thumb Code   108  _printf_longlong_dec.o(.text)
    _printf_longlong_oct                     0x080012b1   Thumb Code    66  _printf_oct_int_ll.o(.text)
    _printf_int_oct                          0x080012f3   Thumb Code    24  _printf_oct_int_ll.o(.text)
    _printf_ll_oct                           0x0800130b   Thumb Code    12  _printf_oct_int_ll.o(.text)
    _scanf_really_real                       0x0800156d   Thumb Code   684  scanf_fp.o(.text)
    _sgetc                                   0x08001819   Thumb Code    30  _sgetc.o(.text)
    _sbackspace                              0x08001837   Thumb Code    34  _sgetc.o(.text)
    __strtod_int                             0x08001895   Thumb Code    90  strtod.o(.text)
    strtol                                   0x080018fd   Thumb Code   112  strtol.o(.text)
    __user_libspace                          0x0800196d   Thumb Code     8  libspace.o(.text)
    __user_perproc_libspace                  0x0800196d   Thumb Code     0  libspace.o(.text)
    __user_perthread_libspace                0x0800196d   Thumb Code     0  libspace.o(.text)
    __rt_locale                              0x08001975   Thumb Code     8  rt_locale_intlibspace.o(.text)
    __Heap_ProvideMemory                     0x0800197d   Thumb Code    52  h1_extend.o(.text)
    _ll_udiv10                               0x080019b1   Thumb Code   138  lludiv10.o(.text)
    isspace                                  0x08001a3b   Thumb Code    18  isspace.o(.text)
    _printf_fp_hex_real                      0x08001a4d   Thumb Code   756  _printf_fp_hex.o(.text)
    _printf_fp_infnan                        0x08001d49   Thumb Code   112  _printf_fp_infnan.o(.text)
    _printf_lcs_common                       0x08001dc9   Thumb Code    20  _printf_wchar.o(.text)
    _printf_wchar                            0x08001ddd   Thumb Code    16  _printf_wchar.o(.text)
    _printf_wstring                          0x08001ded   Thumb Code     8  _printf_wchar.o(.text)
    _strtoul                                 0x08001df5   Thumb Code   158  _strtoul.o(.text)
    _btod_etento                             0x08001e95   Thumb Code   224  bigflt0.o(.text)
    _wcrtomb                                 0x08001f79   Thumb Code    64  _wcrtomb.o(.text)
    __rt_SIGRTMEM                            0x08001fb9   Thumb Code    14  defsig_rtmem_outer.o(.text)
    __I$use$semihosting                      0x08001fc7   Thumb Code     0  use_no_semi.o(.text)
    __use_no_semihosting_swi                 0x08001fc7   Thumb Code     2  use_no_semi.o(.text)
    __semihosting_library_function           0x08001fc9   Thumb Code     0  indicate_semi.o(.text)
    __user_setup_stackheap                   0x08001fc9   Thumb Code    74  sys_stackheap_outer.o(.text)
    __read_errno                             0x08002013   Thumb Code    10  _rserrno.o(.text)
    __set_errno                              0x0800201d   Thumb Code    12  _rserrno.o(.text)
    _chval                                   0x08002029   Thumb Code    28  _chval.o(.text)
    _scanf_really_hex_real                   0x08002045   Thumb Code   786  scanf_hexfp.o(.text)
    _scanf_really_infnan                     0x08002365   Thumb Code   292  scanf_infnan.o(.text)
    exit                                     0x08002499   Thumb Code    18  exit.o(.text)
    __sig_exit                               0x080024ab   Thumb Code    10  defsig_exit.o(.text)
    __rt_SIGRTMEM_inner                      0x080024b5   Thumb Code    22  defsig_rtmem_inner.o(.text)
    _sys_exit                                0x08002505   Thumb Code     8  sys_exit.o(.text)
    __aeabi_llsl                             0x08002511   Thumb Code     0  llshl.o(.text)
    _ll_shift_l                              0x08002511   Thumb Code    38  llshl.o(.text)
    __default_signal_display                 0x08002537   Thumb Code    50  defsig_general.o(.text)
    _ttywrch                                 0x08002569   Thumb Code    14  sys_wrch.o(.text)
    _btod_d2e                                0x08002577   Thumb Code    62  btod.o(CL$$btod_d2e)
    _d2e_denorm_low                          0x080025b5   Thumb Code    70  btod.o(CL$$btod_d2e_denorm_low)
    _d2e_norm_op1                            0x080025fb   Thumb Code    96  btod.o(CL$$btod_d2e_norm_op1)
    __btod_div_common                        0x0800265b   Thumb Code   696  btod.o(CL$$btod_div_common)
    _e2d                                     0x08002995   Thumb Code   122  btod.o(CL$$btod_e2d)
    _e2e                                     0x08002a19   Thumb Code   220  btod.o(CL$$btod_e2e)
    _btod_ediv                               0x08002af5   Thumb Code    42  btod.o(CL$$btod_ediv)
    _btod_edivd                              0x08002b1f   Thumb Code    42  btod.o(CL$$btod_edivd)
    _btod_emul                               0x08002b49   Thumb Code    42  btod.o(CL$$btod_emul)
    _btod_emuld                              0x08002b73   Thumb Code    42  btod.o(CL$$btod_emuld)
    __btod_mult_common                       0x08002b9d   Thumb Code   580  btod.o(CL$$btod_mult_common)
    BEEP_Init                                0x08002de1   Thumb Code    46  beep.o(i.BEEP_Init)
    BH1750_Byte_Write                        0x08002e15   Thumb Code    50  bh1750.o(i.BH1750_Byte_Write)
    BH1750_Init                              0x08002e47   Thumb Code    18  bh1750.o(i.BH1750_Init)
    BH1750_Power_ON                          0x08002e59   Thumb Code    10  bh1750.o(i.BH1750_Power_ON)
    BH1750_Read_Measure                      0x08002e63   Thumb Code    58  bh1750.o(i.BH1750_Read_Measure)
    BusFault_Handler                         0x08002e9d   Thumb Code     4  stm32f10x_it.o(i.BusFault_Handler)
    DEBUG_LOG                                0x08002ea1   Thumb Code    86  usart.o(i.DEBUG_LOG)
    DHT11_Check                              0x08002f0d   Thumb Code    92  dht11.o(i.DHT11_Check)
    DHT11_Init                               0x08002f71   Thumb Code    58  dht11.o(i.DHT11_Init)
    DHT11_Read_Bit                           0x08002fb1   Thumb Code    70  dht11.o(i.DHT11_Read_Bit)
    DHT11_Read_Byte                          0x08002ffd   Thumb Code    30  dht11.o(i.DHT11_Read_Byte)
    DHT11_Read_Data                          0x0800301b   Thumb Code   110  dht11.o(i.DHT11_Read_Data)
    DHT11_Rst                                0x08003089   Thumb Code    52  dht11.o(i.DHT11_Rst)
    DebugMon_Handler                         0x080030c9   Thumb Code     2  stm32f10x_it.o(i.DebugMon_Handler)
    ESP8266_Clear                            0x080030cd   Thumb Code    18  esp8266.o(i.ESP8266_Clear)
    ESP8266_GetIPD                           0x080030e9   Thumb Code    66  esp8266.o(i.ESP8266_GetIPD)
    ESP8266_Init                             0x08003139   Thumb Code   274  esp8266.o(i.ESP8266_Init)
    ESP8266_SendCmd                          0x08003369   Thumb Code    76  esp8266.o(i.ESP8266_SendCmd)
    ESP8266_SendData                         0x080033bd   Thumb Code    46  esp8266.o(i.ESP8266_SendData)
    ESP8266_WaitRecive                       0x08003405   Thumb Code    42  esp8266.o(i.ESP8266_WaitRecive)
    EXTI0_IRQHandler                         0x08003439   Thumb Code    60  exti.o(i.EXTI0_IRQHandler)
    EXTI1_IRQHandler                         0x08003485   Thumb Code    48  exti.o(i.EXTI1_IRQHandler)
    EXTIX_Init                               0x080034c1   Thumb Code   144  exti.o(i.EXTIX_Init)
    EXTI_ClearITPendingBit                   0x08003551   Thumb Code     6  stm32f10x_exti.o(i.EXTI_ClearITPendingBit)
    EXTI_Init                                0x0800355d   Thumb Code   142  stm32f10x_exti.o(i.EXTI_Init)
    GPIO_EXTILineConfig                      0x080035f1   Thumb Code    60  stm32f10x_gpio.o(i.GPIO_EXTILineConfig)
    GPIO_Init                                0x08003631   Thumb Code   278  stm32f10x_gpio.o(i.GPIO_Init)
    GPIO_ReadInputDataBit                    0x08003747   Thumb Code    18  stm32f10x_gpio.o(i.GPIO_ReadInputDataBit)
    GPIO_ResetBits                           0x08003759   Thumb Code     4  stm32f10x_gpio.o(i.GPIO_ResetBits)
    GPIO_SetBits                             0x0800375d   Thumb Code     4  stm32f10x_gpio.o(i.GPIO_SetBits)
    GPIO_WriteBit                            0x08003761   Thumb Code    10  stm32f10x_gpio.o(i.GPIO_WriteBit)
    HardFault_Handler                        0x0800376b   Thumb Code     4  stm32f10x_it.o(i.HardFault_Handler)
    I2C_Start                                0x080037a1   Thumb Code    36  oled.o(i.I2C_Start)
    I2C_Stop                                 0x080037c9   Thumb Code    28  oled.o(i.I2C_Stop)
    I2C_WaitAck                              0x080037e9   Thumb Code    20  oled.o(i.I2C_WaitAck)
    KEY_Init                                 0x08003801   Thumb Code    52  key.o(i.KEY_Init)
    LED_Init                                 0x08003839   Thumb Code    70  led.o(i.LED_Init)
    LIght_Intensity                          0x08003889   Thumb Code    32  bh1750.o(i.LIght_Intensity)
    MQTT_DeleteBuffer                        0x080038ad   Thumb Code    28  mqttkit.o(i.MQTT_DeleteBuffer)
    MQTT_DumpLength                          0x080038c9   Thumb Code    46  mqttkit.o(i.MQTT_DumpLength)
    MQTT_NewBuffer                           0x080038f7   Thumb Code    88  mqttkit.o(i.MQTT_NewBuffer)
    MQTT_PacketConnect                       0x08003951   Thumb Code   666  mqttkit.o(i.MQTT_PacketConnect)
    MQTT_PacketPublish                       0x08003bf1   Thumb Code   440  mqttkit.o(i.MQTT_PacketPublish)
    MQTT_PacketPublishComp                   0x08003da9   Thumb Code    72  mqttkit.o(i.MQTT_PacketPublishComp)
    MQTT_PacketPublishRel                    0x08003df1   Thumb Code    72  mqttkit.o(i.MQTT_PacketPublishRel)
    MQTT_PacketSubscribe                     0x08003e39   Thumb Code   254  mqttkit.o(i.MQTT_PacketSubscribe)
    MQTT_ReadLength                          0x08003f37   Thumb Code    70  mqttkit.o(i.MQTT_ReadLength)
    MQTT_UnPacketCmd                         0x08003f7d   Thumb Code   140  mqttkit.o(i.MQTT_UnPacketCmd)
    MQTT_UnPacketConnectAck                  0x08004009   Thumb Code    30  mqttkit.o(i.MQTT_UnPacketConnectAck)
    MQTT_UnPacketPublish                     0x08004029   Thumb Code   438  mqttkit.o(i.MQTT_UnPacketPublish)
    MQTT_UnPacketPublishAck                  0x080041e9   Thumb Code    30  mqttkit.o(i.MQTT_UnPacketPublishAck)
    MQTT_UnPacketPublishComp                 0x08004207   Thumb Code    30  mqttkit.o(i.MQTT_UnPacketPublishComp)
    MQTT_UnPacketPublishRec                  0x08004225   Thumb Code    30  mqttkit.o(i.MQTT_UnPacketPublishRec)
    MQTT_UnPacketPublishRel                  0x08004243   Thumb Code    36  mqttkit.o(i.MQTT_UnPacketPublishRel)
    MQTT_UnPacketRecv                        0x08004269   Thumb Code   106  mqttkit.o(i.MQTT_UnPacketRecv)
    MQTT_UnPacketSubscribe                   0x080042dd   Thumb Code    52  mqttkit.o(i.MQTT_UnPacketSubscribe)
    MQTT_UnPacketUnSubscribe                 0x08004311   Thumb Code    18  mqttkit.o(i.MQTT_UnPacketUnSubscribe)
    MemManage_Handler                        0x08004323   Thumb Code     4  stm32f10x_it.o(i.MemManage_Handler)
    NMI_Handler                              0x08004327   Thumb Code     2  stm32f10x_it.o(i.NMI_Handler)
    NVIC_Init                                0x08004329   Thumb Code   100  misc.o(i.NVIC_Init)
    NVIC_PriorityGroupConfig                 0x08004399   Thumb Code    10  misc.o(i.NVIC_PriorityGroupConfig)
    OLED_Clear                               0x080043ad   Thumb Code    42  oled.o(i.OLED_Clear)
    OLED_ClearPoint                          0x080043dd   Thumb Code    90  oled.o(i.OLED_ClearPoint)
    OLED_ColorTurn                           0x0800443d   Thumb Code    28  oled.o(i.OLED_ColorTurn)
    OLED_DisplayTurn                         0x08004459   Thumb Code    44  oled.o(i.OLED_DisplayTurn)
    OLED_DrawPoint                           0x08004485   Thumb Code    54  oled.o(i.OLED_DrawPoint)
    OLED_Init                                0x080044c1   Thumb Code   308  oled.o(i.OLED_Init)
    OLED_Refresh                             0x080045f9   Thumb Code    70  oled.o(i.OLED_Refresh)
    OLED_ShowChar                            0x08004645   Thumb Code   240  oled.o(i.OLED_ShowChar)
    OLED_ShowString                          0x08004741   Thumb Code    66  oled.o(i.OLED_ShowString)
    OLED_WR_Byte                             0x08004783   Thumb Code    56  oled.o(i.OLED_WR_Byte)
    OneNet_DevLink                           0x080047bd   Thumb Code   212  onenet.o(i.OneNet_DevLink)
    OneNet_Publish                           0x080049e5   Thumb Code    86  onenet.o(i.OneNet_Publish)
    OneNet_RevPro                            0x08004a61   Thumb Code   610  onenet.o(i.OneNet_RevPro)
    OneNet_Subscribe                         0x08004e85   Thumb Code    80  onenet.o(i.OneNet_Subscribe)
    PendSV_Handler                           0x08004ef1   Thumb Code     2  stm32f10x_it.o(i.PendSV_Handler)
    RCC_APB1PeriphClockCmd                   0x08004ef5   Thumb Code    26  stm32f10x_rcc.o(i.RCC_APB1PeriphClockCmd)
    RCC_APB2PeriphClockCmd                   0x08004f15   Thumb Code    26  stm32f10x_rcc.o(i.RCC_APB2PeriphClockCmd)
    RCC_GetClocksFreq                        0x08004f35   Thumb Code   192  stm32f10x_rcc.o(i.RCC_GetClocksFreq)
    SVC_Handler                              0x08005009   Thumb Code     2  stm32f10x_it.o(i.SVC_Handler)
    Send_Byte                                0x0800500d   Thumb Code    70  oled.o(i.Send_Byte)
    SysTick_CLKSourceConfig                  0x08005141   Thumb Code    40  misc.o(i.SysTick_CLKSourceConfig)
    SysTick_Handler                          0x08005169   Thumb Code     2  stm32f10x_it.o(i.SysTick_Handler)
    SystemInit                               0x0800516d   Thumb Code    78  system_stm32f10x.o(i.SystemInit)
    TIM2_IRQHandler                          0x080051cd   Thumb Code   138  timer.o(i.TIM2_IRQHandler)
    TIM2_Int_Init                            0x080052a9   Thumb Code    92  timer.o(i.TIM2_Int_Init)
    TIM3_IRQHandler                          0x08005305   Thumb Code    70  timer.o(i.TIM3_IRQHandler)
    TIM3_Int_Init                            0x08005361   Thumb Code    90  timer.o(i.TIM3_Int_Init)
    TIM_ClearITPendingBit                    0x080053c1   Thumb Code     6  stm32f10x_tim.o(i.TIM_ClearITPendingBit)
    TIM_Cmd                                  0x080053c7   Thumb Code    24  stm32f10x_tim.o(i.TIM_Cmd)
    TIM_GetITStatus                          0x080053df   Thumb Code    34  stm32f10x_tim.o(i.TIM_GetITStatus)
    TIM_ITConfig                             0x08005401   Thumb Code    18  stm32f10x_tim.o(i.TIM_ITConfig)
    TIM_TimeBaseInit                         0x08005415   Thumb Code   122  stm32f10x_tim.o(i.TIM_TimeBaseInit)
    USART1_IRQHandler                        0x080054b9   Thumb Code    24  usart.o(i.USART1_IRQHandler)
    USART2_IRQHandler                        0x080054d5   Thumb Code    62  esp8266.o(i.USART2_IRQHandler)
    USART_ClearFlag                          0x08005521   Thumb Code    18  stm32f10x_usart.o(i.USART_ClearFlag)
    USART_Cmd                                0x08005533   Thumb Code    24  stm32f10x_usart.o(i.USART_Cmd)
    USART_GetFlagStatus                      0x0800554b   Thumb Code    26  stm32f10x_usart.o(i.USART_GetFlagStatus)
    USART_GetITStatus                        0x08005565   Thumb Code    84  stm32f10x_usart.o(i.USART_GetITStatus)
    USART_ITConfig                           0x080055b9   Thumb Code    74  stm32f10x_usart.o(i.USART_ITConfig)
    USART_Init                               0x08005605   Thumb Code   210  stm32f10x_usart.o(i.USART_Init)
    USART_SendData                           0x080056dd   Thumb Code     8  stm32f10x_usart.o(i.USART_SendData)
    UsageFault_Handler                       0x080056e5   Thumb Code     4  stm32f10x_it.o(i.UsageFault_Handler)
    Usart1_Init                              0x080056e9   Thumb Code   166  usart.o(i.Usart1_Init)
    Usart2_Init                              0x08005799   Thumb Code   162  usart.o(i.Usart2_Init)
    UsartPrintf                              0x08005845   Thumb Code    72  usart.o(i.UsartPrintf)
    Usart_SendString                         0x0800588d   Thumb Code    50  usart.o(i.Usart_SendString)
    __ARM_fpclassify                         0x080058bf   Thumb Code    40  fpclassify.o(i.__ARM_fpclassify)
    __mathlib_dbl_overflow                   0x080058e7   Thumb Code    14  dunder.o(i.__mathlib_dbl_overflow)
    __mathlib_dbl_underflow                  0x080058f5   Thumb Code    10  dunder.o(i.__mathlib_dbl_underflow)
    __mathlib_narrow                         0x08005905   Thumb Code    16  narrow.o(i.__mathlib_narrow)
    __mathlib_tofloat                        0x08005915   Thumb Code   184  narrow.o(i.__mathlib_tofloat)
    __support_ldexp                          0x080059d1   Thumb Code    22  ldexp.o(i.__support_ldexp)
    _is_digit                                0x080059e7   Thumb Code    14  __printf_wp.o(i._is_digit)
    cJSON_Delete                             0x08005a3d   Thumb Code    84  cjson.o(i.cJSON_Delete)
    cJSON_GetErrorPtr                        0x08005a95   Thumb Code    12  cjson.o(i.cJSON_GetErrorPtr)
    cJSON_GetObjectItem                      0x08005aa5   Thumb Code    18  cjson.o(i.cJSON_GetObjectItem)
    cJSON_Parse                              0x08005ad1   Thumb Code    16  cjson.o(i.cJSON_Parse)
    cJSON_ParseWithLengthOpts                0x08005ae1   Thumb Code   204  cjson.o(i.cJSON_ParseWithLengthOpts)
    cJSON_ParseWithOpts                      0x08005bb5   Thumb Code    40  cjson.o(i.cJSON_ParseWithOpts)
    delay_init                               0x08005c25   Thumb Code    50  delay.o(i.delay_init)
    delay_ms                                 0x08005c69   Thumb Code    72  delay.o(i.delay_ms)
    delay_us                                 0x08005cb5   Thumb Code    72  delay.o(i.delay_us)
    frexp                                    0x08005d01   Thumb Code    80  frexp.o(i.frexp)
    i2c_Ack                                  0x08005db1   Thumb Code    44  bh1750.o(i.i2c_Ack)
    i2c_CheckDevice                          0x08005de1   Thumb Code    28  bh1750.o(i.i2c_CheckDevice)
    i2c_NAck                                 0x08005e0d   Thumb Code    36  bh1750.o(i.i2c_NAck)
    i2c_ReadByte                             0x08005e35   Thumb Code    62  bh1750.o(i.i2c_ReadByte)
    i2c_SendByte                             0x08005e79   Thumb Code    80  bh1750.o(i.i2c_SendByte)
    i2c_Start                                0x08005ecd   Thumb Code    42  bh1750.o(i.i2c_Start)
    i2c_Stop                                 0x08005efd   Thumb Code    28  bh1750.o(i.i2c_Stop)
    i2c_WaitAck                              0x08005f1d   Thumb Code    56  bh1750.o(i.i2c_WaitAck)
    ldexp                                    0x08005f59   Thumb Code   116  ldexp.o(i.ldexp)
    main                                     0x08005fcd   Thumb Code   452  main.o(i.main)
    strtod                                   0x08006935   Thumb Code    28  strtod.o(i.strtod)
    _get_lc_ctype                            0x08006a7d   Thumb Code    44  lc_ctype_c.o(locale$$code)
    _get_lc_numeric                          0x08006aa9   Thumb Code    44  lc_numeric_c.o(locale$$code)
    __aeabi_d2f                              0x08006ad5   Thumb Code     0  d2f.o(x$fpl$d2f)
    _d2f                                     0x08006ad5   Thumb Code    98  d2f.o(x$fpl$d2f)
    __fpl_dcheck_NaN1                        0x08006b39   Thumb Code    10  dcheck1.o(x$fpl$dcheck1)
    __fpl_dcmp_Inf                           0x08006b49   Thumb Code    24  dcmpi.o(x$fpl$dcmpinf)
    __aeabi_cdcmpeq                          0x08006b61   Thumb Code     0  deqf.o(x$fpl$deqf)
    _dcmpeq                                  0x08006b61   Thumb Code   120  deqf.o(x$fpl$deqf)
    __aeabi_d2iz                             0x08006bd9   Thumb Code     0  dfix.o(x$fpl$dfix)
    _dfix                                    0x08006bd9   Thumb Code    94  dfix.o(x$fpl$dfix)
    __aeabi_cdcmple                          0x08006c39   Thumb Code     0  dleqf.o(x$fpl$dleqf)
    _dcmple                                  0x08006c39   Thumb Code   120  dleqf.o(x$fpl$dleqf)
    __fpl_dcmple_InfNaN                      0x08006c9b   Thumb Code     0  dleqf.o(x$fpl$dleqf)
    __fpl_dnaninf                            0x08006cb1   Thumb Code   156  dnaninf.o(x$fpl$dnaninf)
    __fpl_dretinf                            0x08006d4d   Thumb Code    12  dretinf.o(x$fpl$dretinf)
    __aeabi_cdrcmple                         0x08006d59   Thumb Code     0  drleqf.o(x$fpl$drleqf)
    _drcmple                                 0x08006d59   Thumb Code   108  drleqf.o(x$fpl$drleqf)
    __aeabi_f2d                              0x08006dc5   Thumb Code     0  f2d.o(x$fpl$f2d)
    _f2d                                     0x08006dc5   Thumb Code    86  f2d.o(x$fpl$f2d)
    __fpl_fcmp_Inf                           0x08006e1b   Thumb Code    24  fcmpi.o(x$fpl$fcmpinf)
    __aeabi_fdiv                             0x08006e35   Thumb Code     0  fdiv.o(x$fpl$fdiv)
    _fdiv                                    0x08006e35   Thumb Code   384  fdiv.o(x$fpl$fdiv)
    __aeabi_ui2f                             0x08006fb9   Thumb Code     0  fflt_clz.o(x$fpl$ffltu)
    _ffltu                                   0x08006fb9   Thumb Code    38  fflt_clz.o(x$fpl$ffltu)
    __aeabi_cfcmple                          0x08006fe1   Thumb Code     0  fleqf.o(x$fpl$fleqf)
    _fcmple                                  0x08006fe1   Thumb Code   104  fleqf.o(x$fpl$fleqf)
    __fpl_fcmple_InfNaN                      0x08007033   Thumb Code     0  fleqf.o(x$fpl$fleqf)
    __aeabi_fmul                             0x08007049   Thumb Code     0  fmul.o(x$fpl$fmul)
    _fmul                                    0x08007049   Thumb Code   258  fmul.o(x$fpl$fmul)
    __fpl_fnaninf                            0x0800714b   Thumb Code   140  fnaninf.o(x$fpl$fnaninf)
    __fpl_fretinf                            0x080071d7   Thumb Code    10  fretinf.o(x$fpl$fretinf)
    __ieee_status                            0x080071e1   Thumb Code     6  istatus.o(x$fpl$ieeestatus)
    _printf_fp_dec                           0x080071e7   Thumb Code     4  printf1.o(x$fpl$printf1)
    _printf_fp_hex                           0x080071eb   Thumb Code     4  printf2.o(x$fpl$printf2)
    __fpl_return_NaN                         0x080071ef   Thumb Code   100  retnan.o(x$fpl$retnan)
    __ARM_scalbn                             0x08007253   Thumb Code    92  scalbn.o(x$fpl$scalbn)
    _scanf_real                              0x080072af   Thumb Code     4  scanf1.o(x$fpl$scanf1)
    _scanf_hex_real                          0x080072b3   Thumb Code     4  scanf2.o(x$fpl$scanf2)
    _scanf_infnan                            0x080072b7   Thumb Code     4  scanf2.o(x$fpl$scanf2)
    __fpl_cmpreturn                          0x080072bb   Thumb Code    48  trapv.o(x$fpl$trapveneer)
    __I$use$fp                               0x080072ea   Number         0  usenofp.o(x$fpl$usenofp)
    devPubTopic                              0x080072ea   Data          14  main.o(.constdata)
    asc2_1206                                0x080072f8   Data        1140  oled.o(.constdata)
    asc2_1608                                0x0800776c   Data        1520  oled.o(.constdata)
    asc2_2412                                0x08007d5c   Data        3420  oled.o(.constdata)
    Region$$Table$$Base                      0x08008bc8   Number         0  anon$$obj.o(Region$$Table)
    Region$$Table$$Limit                     0x08008be8   Number         0  anon$$obj.o(Region$$Table)
    __aeabi_HUGE_VAL                         0x08008be8   Data           0  fpconst.o(c$$dinf)
    __aeabi_HUGE_VALL                        0x08008be8   Data           0  fpconst.o(c$$dinf)
    __aeabi_INFINITY                         0x08008be8   Data           0  fpconst.o(c$$dinf)
    __dInf                                   0x08008be8   Data           0  fpconst.o(c$$dinf)
    __huge_val                               0x08008be8   Data           0  fpconst.o(c$$dinf)
    __dbl_max                                0x08008bf0   Data           0  fpconst.o(c$$dmax)
    __ctype                                  0x08008c05   Data           0  lc_ctype_c.o(locale$$data)
    Flag                                     0x20000000   Data           1  main.o(.data)
    Free                                     0x20000001   Data           1  main.o(.data)
    humiH                                    0x20000002   Data           1  main.o(.data)
    humiL                                    0x20000003   Data           1  main.o(.data)
    tempH                                    0x20000004   Data           1  main.o(.data)
    tempL                                    0x20000005   Data           1  main.o(.data)
    LED_Status                               0x20000006   Data           1  main.o(.data)
    ESP8266_INIT_OK                          0x20000007   Data           1  main.o(.data)
    Light                                    0x20000008   Data           4  main.o(.data)
    devSubTopic                              0x2000000c   Data           4  main.o(.data)
    SystemCoreClock                          0x20000010   Data           4  system_stm32f10x.o(.data)
    AHBPrescTable                            0x20000014   Data          16  system_stm32f10x.o(.data)
    esp8266_cnt                              0x20000024   Data           2  esp8266.o(.data)
    esp8266_cntPre                           0x20000026   Data           2  esp8266.o(.data)
    PUB_BUF                                  0x20000058   Data         256  main.o(.bss)
    OLED_GRAM                                0x20000158   Data        1152  oled.o(.bss)
    esp8266_buf                              0x200005d8   Data         128  esp8266.o(.bss)
    oledBuf                                  0x20000658   Data          20  timer.o(.bss)
    __libspace_start                         0x2000066c   Data          96  libspace.o(.bss)
    __temporary_stack_top$libspace           0x200006cc   Data           0  libspace.o(.bss)



==============================================================================

Memory Map of the image

  Image Entry point : 0x08000281

  Load Region LR_1 (Base: 0x08000000, Size: 0x00008d7c, Max: 0xffffffff, ABSOLUTE)

    Execution Region ER_RO (Exec base: 0x08000000, Load base: 0x08000000, Size: 0x00008d24, Max: 0xffffffff, ABSOLUTE)

    Exec Addr    Load Addr    Size         Type   Attr      Idx    E Section Name        Object

    0x08000000   0x08000000   0x00000130   Data   RO         1969    RESET               startup_stm32f10x_hd.o
    0x08000130   0x08000130   0x00000008   Code   RO         3640  * !!!main             c_w.l(__main.o)
    0x08000138   0x08000138   0x00000034   Code   RO         4099    !!!scatter          c_w.l(__scatter.o)
    0x0800016c   0x0800016c   0x0000001a   Code   RO         4101    !!handler_copy      c_w.l(__scatter_copy.o)
    0x08000186   0x08000186   0x00000002   PAD
    0x08000188   0x08000188   0x0000001c   Code   RO         4103    !!handler_zi        c_w.l(__scatter_zi.o)
    0x080001a4   0x080001a4   0x00000000   Code   RO         3611    .ARM.Collect$$_printf_percent$$00000000  c_w.l(_printf_percent.o)
    0x080001a4   0x080001a4   0x00000006   Code   RO         3753    .ARM.Collect$$_printf_percent$$00000001  c_w.l(_printf_n.o)
    0x080001aa   0x080001aa   0x00000006   Code   RO         3754    .ARM.Collect$$_printf_percent$$00000002  c_w.l(_printf_p.o)
    0x080001b0   0x080001b0   0x00000006   Code   RO         3609    .ARM.Collect$$_printf_percent$$00000003  c_w.l(_printf_f.o)
    0x080001b6   0x080001b6   0x00000006   Code   RO         3757    .ARM.Collect$$_printf_percent$$00000004  c_w.l(_printf_e.o)
    0x080001bc   0x080001bc   0x00000006   Code   RO         3610    .ARM.Collect$$_printf_percent$$00000005  c_w.l(_printf_g.o)
    0x080001c2   0x080001c2   0x00000006   Code   RO         3758    .ARM.Collect$$_printf_percent$$00000006  c_w.l(_printf_a.o)
    0x080001c8   0x080001c8   0x0000000a   Code   RO         3763    .ARM.Collect$$_printf_percent$$00000007  c_w.l(_printf_ll.o)
    0x080001d2   0x080001d2   0x00000006   Code   RO         3607    .ARM.Collect$$_printf_percent$$00000008  c_w.l(_printf_i.o)
    0x080001d8   0x080001d8   0x00000006   Code   RO         3608    .ARM.Collect$$_printf_percent$$00000009  c_w.l(_printf_d.o)
    0x080001de   0x080001de   0x00000006   Code   RO         3756    .ARM.Collect$$_printf_percent$$0000000A  c_w.l(_printf_u.o)
    0x080001e4   0x080001e4   0x00000006   Code   RO         3755    .ARM.Collect$$_printf_percent$$0000000B  c_w.l(_printf_o.o)
    0x080001ea   0x080001ea   0x00000006   Code   RO         3606    .ARM.Collect$$_printf_percent$$0000000C  c_w.l(_printf_x.o)
    0x080001f0   0x080001f0   0x00000006   Code   RO         3760    .ARM.Collect$$_printf_percent$$0000000D  c_w.l(_printf_lli.o)
    0x080001f6   0x080001f6   0x00000006   Code   RO         3761    .ARM.Collect$$_printf_percent$$0000000E  c_w.l(_printf_lld.o)
    0x080001fc   0x080001fc   0x00000006   Code   RO         3762    .ARM.Collect$$_printf_percent$$0000000F  c_w.l(_printf_llu.o)
    0x08000202   0x08000202   0x00000006   Code   RO         3767    .ARM.Collect$$_printf_percent$$00000010  c_w.l(_printf_llo.o)
    0x08000208   0x08000208   0x00000006   Code   RO         3768    .ARM.Collect$$_printf_percent$$00000011  c_w.l(_printf_llx.o)
    0x0800020e   0x0800020e   0x0000000a   Code   RO         3764    .ARM.Collect$$_printf_percent$$00000012  c_w.l(_printf_l.o)
    0x08000218   0x08000218   0x00000006   Code   RO         3752    .ARM.Collect$$_printf_percent$$00000013  c_w.l(_printf_c.o)
    0x0800021e   0x0800021e   0x00000006   Code   RO         3605    .ARM.Collect$$_printf_percent$$00000014  c_w.l(_printf_s.o)
    0x08000224   0x08000224   0x00000006   Code   RO         3765    .ARM.Collect$$_printf_percent$$00000015  c_w.l(_printf_lc.o)
    0x0800022a   0x0800022a   0x00000006   Code   RO         3766    .ARM.Collect$$_printf_percent$$00000016  c_w.l(_printf_ls.o)
    0x08000230   0x08000230   0x00000004   Code   RO         3759    .ARM.Collect$$_printf_percent$$00000017  c_w.l(_printf_percent_end.o)
    0x08000234   0x08000234   0x00000002   Code   RO         3991    .ARM.Collect$$libinit$$00000000  c_w.l(libinit.o)
    0x08000236   0x08000236   0x00000000   Code   RO         3782    .ARM.Collect$$libinit$$00000002  c_w.l(libinit2.o)
    0x08000236   0x08000236   0x00000000   Code   RO         3784    .ARM.Collect$$libinit$$00000004  c_w.l(libinit2.o)
    0x08000236   0x08000236   0x00000008   Code   RO         3785    .ARM.Collect$$libinit$$00000005  c_w.l(libinit2.o)
    0x0800023e   0x0800023e   0x00000000   Code   RO         3787    .ARM.Collect$$libinit$$0000000A  c_w.l(libinit2.o)
    0x0800023e   0x0800023e   0x00000000   Code   RO         3789    .ARM.Collect$$libinit$$0000000C  c_w.l(libinit2.o)
    0x0800023e   0x0800023e   0x00000000   Code   RO         3791    .ARM.Collect$$libinit$$0000000E  c_w.l(libinit2.o)
    0x0800023e   0x0800023e   0x00000006   Code   RO         3792    .ARM.Collect$$libinit$$0000000F  c_w.l(libinit2.o)
    0x08000244   0x08000244   0x00000000   Code   RO         3794    .ARM.Collect$$libinit$$00000011  c_w.l(libinit2.o)
    0x08000244   0x08000244   0x0000000c   Code   RO         3795    .ARM.Collect$$libinit$$00000012  c_w.l(libinit2.o)
    0x08000250   0x08000250   0x00000000   Code   RO         3796    .ARM.Collect$$libinit$$00000013  c_w.l(libinit2.o)
    0x08000250   0x08000250   0x00000000   Code   RO         3798    .ARM.Collect$$libinit$$00000015  c_w.l(libinit2.o)
    0x08000250   0x08000250   0x0000000a   Code   RO         3799    .ARM.Collect$$libinit$$00000016  c_w.l(libinit2.o)
    0x0800025a   0x0800025a   0x00000000   Code   RO         3800    .ARM.Collect$$libinit$$00000017  c_w.l(libinit2.o)
    0x0800025a   0x0800025a   0x00000000   Code   RO         3802    .ARM.Collect$$libinit$$00000019  c_w.l(libinit2.o)
    0x0800025a   0x0800025a   0x00000000   Code   RO         3804    .ARM.Collect$$libinit$$0000001B  c_w.l(libinit2.o)
    0x0800025a   0x0800025a   0x00000000   Code   RO         3806    .ARM.Collect$$libinit$$0000001D  c_w.l(libinit2.o)
    0x0800025a   0x0800025a   0x00000000   Code   RO         3808    .ARM.Collect$$libinit$$0000001F  c_w.l(libinit2.o)
    0x0800025a   0x0800025a   0x00000000   Code   RO         3810    .ARM.Collect$$libinit$$00000021  c_w.l(libinit2.o)
    0x0800025a   0x0800025a   0x00000000   Code   RO         3812    .ARM.Collect$$libinit$$00000023  c_w.l(libinit2.o)
    0x0800025a   0x0800025a   0x00000000   Code   RO         3814    .ARM.Collect$$libinit$$00000025  c_w.l(libinit2.o)
    0x0800025a   0x0800025a   0x00000000   Code   RO         3818    .ARM.Collect$$libinit$$0000002C  c_w.l(libinit2.o)
    0x0800025a   0x0800025a   0x00000000   Code   RO         3820    .ARM.Collect$$libinit$$0000002E  c_w.l(libinit2.o)
    0x0800025a   0x0800025a   0x00000000   Code   RO         3822    .ARM.Collect$$libinit$$00000030  c_w.l(libinit2.o)
    0x0800025a   0x0800025a   0x00000000   Code   RO         3824    .ARM.Collect$$libinit$$00000032  c_w.l(libinit2.o)
    0x0800025a   0x0800025a   0x00000002   Code   RO         3825    .ARM.Collect$$libinit$$00000033  c_w.l(libinit2.o)
    0x0800025c   0x0800025c   0x00000002   Code   RO         4088    .ARM.Collect$$libshutdown$$00000000  c_w.l(libshutdown.o)
    0x0800025e   0x0800025e   0x00000000   Code   RO         4013    .ARM.Collect$$libshutdown$$00000002  c_w.l(libshutdown2.o)
    0x0800025e   0x0800025e   0x00000000   Code   RO         4015    .ARM.Collect$$libshutdown$$00000004  c_w.l(libshutdown2.o)
    0x0800025e   0x0800025e   0x00000000   Code   RO         4018    .ARM.Collect$$libshutdown$$00000007  c_w.l(libshutdown2.o)
    0x0800025e   0x0800025e   0x00000000   Code   RO         4021    .ARM.Collect$$libshutdown$$0000000A  c_w.l(libshutdown2.o)
    0x0800025e   0x0800025e   0x00000000   Code   RO         4023    .ARM.Collect$$libshutdown$$0000000C  c_w.l(libshutdown2.o)
    0x0800025e   0x0800025e   0x00000000   Code   RO         4026    .ARM.Collect$$libshutdown$$0000000F  c_w.l(libshutdown2.o)
    0x0800025e   0x0800025e   0x00000002   Code   RO         4027    .ARM.Collect$$libshutdown$$00000010  c_w.l(libshutdown2.o)
    0x08000260   0x08000260   0x00000000   Code   RO         3692    .ARM.Collect$$rtentry$$00000000  c_w.l(__rtentry.o)
    0x08000260   0x08000260   0x00000000   Code   RO         3851    .ARM.Collect$$rtentry$$00000002  c_w.l(__rtentry2.o)
    0x08000260   0x08000260   0x00000006   Code   RO         3863    .ARM.Collect$$rtentry$$00000004  c_w.l(__rtentry4.o)
    0x08000266   0x08000266   0x00000000   Code   RO         3853    .ARM.Collect$$rtentry$$00000009  c_w.l(__rtentry2.o)
    0x08000266   0x08000266   0x00000004   Code   RO         3854    .ARM.Collect$$rtentry$$0000000A  c_w.l(__rtentry2.o)
    0x0800026a   0x0800026a   0x00000000   Code   RO         3856    .ARM.Collect$$rtentry$$0000000C  c_w.l(__rtentry2.o)
    0x0800026a   0x0800026a   0x00000008   Code   RO         3857    .ARM.Collect$$rtentry$$0000000D  c_w.l(__rtentry2.o)
    0x08000272   0x08000272   0x00000002   Code   RO         4000    .ARM.Collect$$rtexit$$00000000  c_w.l(rtexit.o)
    0x08000274   0x08000274   0x00000000   Code   RO         4045    .ARM.Collect$$rtexit$$00000002  c_w.l(rtexit2.o)
    0x08000274   0x08000274   0x00000004   Code   RO         4046    .ARM.Collect$$rtexit$$00000003  c_w.l(rtexit2.o)
    0x08000278   0x08000278   0x00000006   Code   RO         4047    .ARM.Collect$$rtexit$$00000004  c_w.l(rtexit2.o)
    0x0800027e   0x0800027e   0x00000002   PAD
    0x08000280   0x08000280   0x00000000   Code   RO         3872    .emb_text           c_w.l(maybetermalloc1.o)
    0x08000280   0x08000280   0x00000040   Code   RO         1970  * .text               startup_stm32f10x_hd.o
    0x080002c0   0x080002c0   0x0000005e   Code   RO         3486    .text               c_w.l(h1_alloc.o)
    0x0800031e   0x0800031e   0x0000004e   Code   RO         3488    .text               c_w.l(h1_free.o)
    0x0800036c   0x0800036c   0x000000b8   Code   RO         3490    .text               c_w.l(h1_realloc.o)
    0x08000424   0x08000424   0x0000001a   Code   RO         3548    .text               c_w.l(tolower.o)
    0x0800043e   0x0800043e   0x00000002   PAD
    0x08000440   0x08000440   0x00000034   Code   RO         3550    .text               c_w.l(vsnprintf.o)
    0x08000474   0x08000474   0x0000002c   Code   RO         3552    .text               c_w.l(__2sprintf.o)
    0x080004a0   0x080004a0   0x0000004e   Code   RO         3558    .text               c_w.l(_printf_pad.o)
    0x080004ee   0x080004ee   0x00000052   Code   RO         3560    .text               c_w.l(_printf_str.o)
    0x08000540   0x08000540   0x00000078   Code   RO         3562    .text               c_w.l(_printf_dec.o)
    0x080005b8   0x080005b8   0x00000094   Code   RO         3582    .text               c_w.l(_printf_hex_int_ll_ptr.o)
    0x0800064c   0x0800064c   0x00000188   Code   RO         3602    .text               c_w.l(__printf_flags_ss_wp.o)
    0x080007d4   0x080007d4   0x0000001a   Code   RO         3614    .text               c_w.l(atoi.o)
    0x080007ee   0x080007ee   0x00000014   Code   RO         3616    .text               c_w.l(strchr.o)
    0x08000802   0x08000802   0x00000024   Code   RO         3618    .text               c_w.l(strncat.o)
    0x08000826   0x08000826   0x00000024   Code   RO         3620    .text               c_w.l(strstr.o)
    0x0800084a   0x0800084a   0x0000003e   Code   RO         3624    .text               c_w.l(strlen.o)
    0x08000888   0x08000888   0x00000096   Code   RO         3626    .text               c_w.l(strncmp.o)
    0x0800091e   0x0800091e   0x0000008a   Code   RO         3628    .text               c_w.l(rt_memcpy_v6.o)
    0x080009a8   0x080009a8   0x00000064   Code   RO         3630    .text               c_w.l(rt_memcpy_w.o)
    0x08000a0c   0x08000a0c   0x00000044   Code   RO         3632    .text               c_w.l(rt_memclr.o)
    0x08000a50   0x08000a50   0x0000004e   Code   RO         3634    .text               c_w.l(rt_memclr_w.o)
    0x08000a9e   0x08000a9e   0x00000002   PAD
    0x08000aa0   0x08000aa0   0x00000080   Code   RO         3636    .text               c_w.l(strcmpv7m.o)
    0x08000b20   0x08000b20   0x00000006   Code   RO         3638    .text               c_w.l(heapauxi.o)
    0x08000b26   0x08000b26   0x00000002   PAD
    0x08000b28   0x08000b28   0x00000010   Code   RO         3693    .text               c_w.l(rt_ctype_table.o)
    0x08000b38   0x08000b38   0x00000008   Code   RO         3698    .text               c_w.l(rt_heap_descriptor_intlibspace.o)
    0x08000b40   0x08000b40   0x00000008   Code   RO         3703    .text               c_w.l(rt_errno_addr_intlibspace.o)
    0x08000b48   0x08000b48   0x00000004   Code   RO         3705    .text               c_w.l(hguard.o)
    0x08000b4c   0x08000b4c   0x0000008a   Code   RO         3707    .text               c_w.l(init_alloc.o)
    0x08000bd6   0x08000bd6   0x0000000e   Code   RO         3711    .text               c_w.l(h1_init.o)
    0x08000be4   0x08000be4   0x00000024   Code   RO         3725    .text               c_w.l(_printf_truncate.o)
    0x08000c08   0x08000c08   0x000000b2   Code   RO         3727    .text               c_w.l(_printf_intcommon.o)
    0x08000cba   0x08000cba   0x00000028   Code   RO         3729    .text               c_w.l(_printf_charcount.o)
    0x08000ce2   0x08000ce2   0x0000041e   Code   RO         3731    .text               c_w.l(_printf_fp_dec.o)
    0x08001100   0x08001100   0x00000030   Code   RO         3733    .text               c_w.l(_printf_char_common.o)
    0x08001130   0x08001130   0x0000000a   Code   RO         3735    .text               c_w.l(_sputc.o)
    0x0800113a   0x0800113a   0x00000010   Code   RO         3737    .text               c_w.l(_snputc.o)
    0x0800114a   0x0800114a   0x0000002c   Code   RO         3739    .text               c_w.l(_printf_char.o)
    0x08001176   0x08001176   0x00000002   PAD
    0x08001178   0x08001178   0x000000bc   Code   RO         3741    .text               c_w.l(_printf_wctomb.o)
    0x08001234   0x08001234   0x0000007c   Code   RO         3744    .text               c_w.l(_printf_longlong_dec.o)
    0x080012b0   0x080012b0   0x00000070   Code   RO         3750    .text               c_w.l(_printf_oct_int_ll.o)
    0x08001320   0x08001320   0x000004f8   Code   RO         3769    .text               c_w.l(scanf_fp.o)
    0x08001818   0x08001818   0x00000040   Code   RO         3773    .text               c_w.l(_sgetc.o)
    0x08001858   0x08001858   0x000000a4   Code   RO         3775    .text               c_w.l(strtod.o)
    0x080018fc   0x080018fc   0x00000070   Code   RO         3777    .text               c_w.l(strtol.o)
    0x0800196c   0x0800196c   0x00000008   Code   RO         3847    .text               c_w.l(libspace.o)
    0x08001974   0x08001974   0x00000008   Code   RO         3868    .text               c_w.l(rt_locale_intlibspace.o)
    0x0800197c   0x0800197c   0x00000034   Code   RO         3874    .text               c_w.l(h1_extend.o)
    0x080019b0   0x080019b0   0x0000008a   Code   RO         3878    .text               c_w.l(lludiv10.o)
    0x08001a3a   0x08001a3a   0x00000012   Code   RO         3880    .text               c_w.l(isspace.o)
    0x08001a4c   0x08001a4c   0x000002fc   Code   RO         3882    .text               c_w.l(_printf_fp_hex.o)
    0x08001d48   0x08001d48   0x00000080   Code   RO         3885    .text               c_w.l(_printf_fp_infnan.o)
    0x08001dc8   0x08001dc8   0x0000002c   Code   RO         3889    .text               c_w.l(_printf_wchar.o)
    0x08001df4   0x08001df4   0x0000009e   Code   RO         3893    .text               c_w.l(_strtoul.o)
    0x08001e92   0x08001e92   0x00000002   PAD
    0x08001e94   0x08001e94   0x000000e4   Code   RO         3895    .text               c_w.l(bigflt0.o)
    0x08001f78   0x08001f78   0x00000040   Code   RO         3920    .text               c_w.l(_wcrtomb.o)
    0x08001fb8   0x08001fb8   0x0000000e   Code   RO         3928    .text               c_w.l(defsig_rtmem_outer.o)
    0x08001fc6   0x08001fc6   0x00000002   Code   RO         3959    .text               c_w.l(use_no_semi.o)
    0x08001fc8   0x08001fc8   0x00000000   Code   RO         3961    .text               c_w.l(indicate_semi.o)
    0x08001fc8   0x08001fc8   0x0000004a   Code   RO         3962    .text               c_w.l(sys_stackheap_outer.o)
    0x08002012   0x08002012   0x00000016   Code   RO         3968    .text               c_w.l(_rserrno.o)
    0x08002028   0x08002028   0x0000001c   Code   RO         3970    .text               c_w.l(_chval.o)
    0x08002044   0x08002044   0x00000320   Code   RO         3972    .text               c_w.l(scanf_hexfp.o)
    0x08002364   0x08002364   0x00000134   Code   RO         3974    .text               c_w.l(scanf_infnan.o)
    0x08002498   0x08002498   0x00000012   Code   RO         3976    .text               c_w.l(exit.o)
    0x080024aa   0x080024aa   0x0000000a   Code   RO         3978    .text               c_w.l(defsig_exit.o)
    0x080024b4   0x080024b4   0x00000050   Code   RO         3980    .text               c_w.l(defsig_rtmem_inner.o)
    0x08002504   0x08002504   0x0000000c   Code   RO         3998    .text               c_w.l(sys_exit.o)
    0x08002510   0x08002510   0x00000026   Code   RO         4006    .text               c_w.l(llshl.o)
    0x08002536   0x08002536   0x00000032   Code   RO         4010    .text               c_w.l(defsig_general.o)
    0x08002568   0x08002568   0x0000000e   Code   RO         4042    .text               c_w.l(sys_wrch.o)
    0x08002576   0x08002576   0x0000003e   Code   RO         3898    CL$$btod_d2e        c_w.l(btod.o)
    0x080025b4   0x080025b4   0x00000046   Code   RO         3900    CL$$btod_d2e_denorm_low  c_w.l(btod.o)
    0x080025fa   0x080025fa   0x00000060   Code   RO         3899    CL$$btod_d2e_norm_op1  c_w.l(btod.o)
    0x0800265a   0x0800265a   0x00000338   Code   RO         3908    CL$$btod_div_common  c_w.l(btod.o)
    0x08002992   0x08002992   0x00000002   PAD
    0x08002994   0x08002994   0x00000084   Code   RO         3906    CL$$btod_e2d        c_w.l(btod.o)
    0x08002a18   0x08002a18   0x000000dc   Code   RO         3905    CL$$btod_e2e        c_w.l(btod.o)
    0x08002af4   0x08002af4   0x0000002a   Code   RO         3902    CL$$btod_ediv       c_w.l(btod.o)
    0x08002b1e   0x08002b1e   0x0000002a   Code   RO         3904    CL$$btod_edivd      c_w.l(btod.o)
    0x08002b48   0x08002b48   0x0000002a   Code   RO         3901    CL$$btod_emul       c_w.l(btod.o)
    0x08002b72   0x08002b72   0x0000002a   Code   RO         3903    CL$$btod_emuld      c_w.l(btod.o)
    0x08002b9c   0x08002b9c   0x00000244   Code   RO         3907    CL$$btod_mult_common  c_w.l(btod.o)
    0x08002de0   0x08002de0   0x00000034   Code   RO          378    i.BEEP_Init         beep.o
    0x08002e14   0x08002e14   0x00000032   Code   RO          612    i.BH1750_Byte_Write  bh1750.o
    0x08002e46   0x08002e46   0x00000012   Code   RO          613    i.BH1750_Init       bh1750.o
    0x08002e58   0x08002e58   0x0000000a   Code   RO          615    i.BH1750_Power_ON   bh1750.o
    0x08002e62   0x08002e62   0x0000003a   Code   RO          617    i.BH1750_Read_Measure  bh1750.o
    0x08002e9c   0x08002e9c   0x00000004   Code   RO          154    i.BusFault_Handler  stm32f10x_it.o
    0x08002ea0   0x08002ea0   0x0000006c   Code   RO         1837    i.DEBUG_LOG         usart.o
    0x08002f0c   0x08002f0c   0x00000064   Code   RO          396    i.DHT11_Check       dht11.o
    0x08002f70   0x08002f70   0x00000040   Code   RO          397    i.DHT11_Init        dht11.o
    0x08002fb0   0x08002fb0   0x0000004c   Code   RO          398    i.DHT11_Read_Bit    dht11.o
    0x08002ffc   0x08002ffc   0x0000001e   Code   RO          399    i.DHT11_Read_Byte   dht11.o
    0x0800301a   0x0800301a   0x0000006e   Code   RO          400    i.DHT11_Read_Data   dht11.o
    0x08003088   0x08003088   0x00000040   Code   RO          401    i.DHT11_Rst         dht11.o
    0x080030c8   0x080030c8   0x00000002   Code   RO          155    i.DebugMon_Handler  stm32f10x_it.o
    0x080030ca   0x080030ca   0x00000002   PAD
    0x080030cc   0x080030cc   0x0000001c   Code   RO          721    i.ESP8266_Clear     esp8266.o
    0x080030e8   0x080030e8   0x00000050   Code   RO          722    i.ESP8266_GetIPD    esp8266.o
    0x08003138   0x08003138   0x00000230   Code   RO          723    i.ESP8266_Init      esp8266.o
    0x08003368   0x08003368   0x00000054   Code   RO          724    i.ESP8266_SendCmd   esp8266.o
    0x080033bc   0x080033bc   0x00000048   Code   RO          725    i.ESP8266_SendData  esp8266.o
    0x08003404   0x08003404   0x00000034   Code   RO          726    i.ESP8266_WaitRecive  esp8266.o
    0x08003438   0x08003438   0x0000004c   Code   RO         1929    i.EXTI0_IRQHandler  exti.o
    0x08003484   0x08003484   0x0000003c   Code   RO         1930    i.EXTI1_IRQHandler  exti.o
    0x080034c0   0x080034c0   0x00000090   Code   RO         1931    i.EXTIX_Init        exti.o
    0x08003550   0x08003550   0x0000000c   Code   RO         2529    i.EXTI_ClearITPendingBit  stm32f10x_exti.o
    0x0800355c   0x0800355c   0x00000094   Code   RO         2534    i.EXTI_Init         stm32f10x_exti.o
    0x080035f0   0x080035f0   0x00000040   Code   RO         2013    i.GPIO_EXTILineConfig  stm32f10x_gpio.o
    0x08003630   0x08003630   0x00000116   Code   RO         2016    i.GPIO_Init         stm32f10x_gpio.o
    0x08003746   0x08003746   0x00000012   Code   RO         2020    i.GPIO_ReadInputDataBit  stm32f10x_gpio.o
    0x08003758   0x08003758   0x00000004   Code   RO         2023    i.GPIO_ResetBits    stm32f10x_gpio.o
    0x0800375c   0x0800375c   0x00000004   Code   RO         2024    i.GPIO_SetBits      stm32f10x_gpio.o
    0x08003760   0x08003760   0x0000000a   Code   RO         2027    i.GPIO_WriteBit     stm32f10x_gpio.o
    0x0800376a   0x0800376a   0x00000004   Code   RO          156    i.HardFault_Handler  stm32f10x_it.o
    0x0800376e   0x0800376e   0x00000002   PAD
    0x08003770   0x08003770   0x00000030   Code   RO          618    i.I2C_BH1750_GPIOConfig  bh1750.o
    0x080037a0   0x080037a0   0x00000028   Code   RO          441    i.I2C_Start         oled.o
    0x080037c8   0x080037c8   0x00000020   Code   RO          442    i.I2C_Stop          oled.o
    0x080037e8   0x080037e8   0x00000018   Code   RO          443    i.I2C_WaitAck       oled.o
    0x08003800   0x08003800   0x00000038   Code   RO          590    i.KEY_Init          key.o
    0x08003838   0x08003838   0x00000050   Code   RO          334    i.LED_Init          led.o
    0x08003888   0x08003888   0x00000024   Code   RO          619    i.LIght_Intensity   bh1750.o
    0x080038ac   0x080038ac   0x0000001c   Code   RO          876    i.MQTT_DeleteBuffer  mqttkit.o
    0x080038c8   0x080038c8   0x0000002e   Code   RO          877    i.MQTT_DumpLength   mqttkit.o
    0x080038f6   0x080038f6   0x00000058   Code   RO          878    i.MQTT_NewBuffer    mqttkit.o
    0x0800394e   0x0800394e   0x00000002   PAD
    0x08003950   0x08003950   0x000002a0   Code   RO          880    i.MQTT_PacketConnect  mqttkit.o
    0x08003bf0   0x08003bf0   0x000001b8   Code   RO          883    i.MQTT_PacketPublish  mqttkit.o
    0x08003da8   0x08003da8   0x00000048   Code   RO          885    i.MQTT_PacketPublishComp  mqttkit.o
    0x08003df0   0x08003df0   0x00000048   Code   RO          887    i.MQTT_PacketPublishRel  mqttkit.o
    0x08003e38   0x08003e38   0x000000fe   Code   RO          890    i.MQTT_PacketSubscribe  mqttkit.o
    0x08003f36   0x08003f36   0x00000046   Code   RO          892    i.MQTT_ReadLength   mqttkit.o
    0x08003f7c   0x08003f7c   0x0000008c   Code   RO          893    i.MQTT_UnPacketCmd  mqttkit.o
    0x08004008   0x08004008   0x0000001e   Code   RO          894    i.MQTT_UnPacketConnectAck  mqttkit.o
    0x08004026   0x08004026   0x00000002   PAD
    0x08004028   0x08004028   0x000001c0   Code   RO          895    i.MQTT_UnPacketPublish  mqttkit.o
    0x080041e8   0x080041e8   0x0000001e   Code   RO          896    i.MQTT_UnPacketPublishAck  mqttkit.o
    0x08004206   0x08004206   0x0000001e   Code   RO          897    i.MQTT_UnPacketPublishComp  mqttkit.o
    0x08004224   0x08004224   0x0000001e   Code   RO          898    i.MQTT_UnPacketPublishRec  mqttkit.o
    0x08004242   0x08004242   0x00000024   Code   RO          899    i.MQTT_UnPacketPublishRel  mqttkit.o
    0x08004266   0x08004266   0x00000002   PAD
    0x08004268   0x08004268   0x00000074   Code   RO          900    i.MQTT_UnPacketRecv  mqttkit.o
    0x080042dc   0x080042dc   0x00000034   Code   RO          901    i.MQTT_UnPacketSubscribe  mqttkit.o
    0x08004310   0x08004310   0x00000012   Code   RO          902    i.MQTT_UnPacketUnSubscribe  mqttkit.o
    0x08004322   0x08004322   0x00000004   Code   RO          157    i.MemManage_Handler  stm32f10x_it.o
    0x08004326   0x08004326   0x00000002   Code   RO          158    i.NMI_Handler       stm32f10x_it.o
    0x08004328   0x08004328   0x00000070   Code   RO         1974    i.NVIC_Init         misc.o
    0x08004398   0x08004398   0x00000014   Code   RO         1975    i.NVIC_PriorityGroupConfig  misc.o
    0x080043ac   0x080043ac   0x00000030   Code   RO          444    i.OLED_Clear        oled.o
    0x080043dc   0x080043dc   0x00000060   Code   RO          445    i.OLED_ClearPoint   oled.o
    0x0800443c   0x0800443c   0x0000001c   Code   RO          446    i.OLED_ColorTurn    oled.o
    0x08004458   0x08004458   0x0000002c   Code   RO          449    i.OLED_DisplayTurn  oled.o
    0x08004484   0x08004484   0x0000003c   Code   RO          452    i.OLED_DrawPoint    oled.o
    0x080044c0   0x080044c0   0x00000138   Code   RO          453    i.OLED_Init         oled.o
    0x080045f8   0x080045f8   0x0000004c   Code   RO          455    i.OLED_Refresh      oled.o
    0x08004644   0x08004644   0x000000fc   Code   RO          456    i.OLED_ShowChar     oled.o
    0x08004740   0x08004740   0x00000042   Code   RO          459    i.OLED_ShowString   oled.o
    0x08004782   0x08004782   0x00000038   Code   RO          461    i.OLED_WR_Byte      oled.o
    0x080047ba   0x080047ba   0x00000002   PAD
    0x080047bc   0x080047bc   0x00000228   Code   RO         1060    i.OneNet_DevLink    onenet.o
    0x080049e4   0x080049e4   0x0000007c   Code   RO         1061    i.OneNet_Publish    onenet.o
    0x08004a60   0x08004a60   0x00000424   Code   RO         1062    i.OneNet_RevPro     onenet.o
    0x08004e84   0x08004e84   0x0000006c   Code   RO         1063    i.OneNet_Subscribe  onenet.o
    0x08004ef0   0x08004ef0   0x00000002   Code   RO          159    i.PendSV_Handler    stm32f10x_it.o
    0x08004ef2   0x08004ef2   0x00000002   PAD
    0x08004ef4   0x08004ef4   0x00000020   Code   RO         2150    i.RCC_APB1PeriphClockCmd  stm32f10x_rcc.o
    0x08004f14   0x08004f14   0x00000020   Code   RO         2152    i.RCC_APB2PeriphClockCmd  stm32f10x_rcc.o
    0x08004f34   0x08004f34   0x000000d4   Code   RO         2160    i.RCC_GetClocksFreq  stm32f10x_rcc.o
    0x08005008   0x08005008   0x00000002   Code   RO          160    i.SVC_Handler       stm32f10x_it.o
    0x0800500a   0x0800500a   0x00000002   PAD
    0x0800500c   0x0800500c   0x0000004c   Code   RO          462    i.Send_Byte         oled.o
    0x08005058   0x08005058   0x00000008   Code   RO          300    i.SetSysClock       system_stm32f10x.o
    0x08005060   0x08005060   0x000000e0   Code   RO          301    i.SetSysClockTo72   system_stm32f10x.o
    0x08005140   0x08005140   0x00000028   Code   RO         1978    i.SysTick_CLKSourceConfig  misc.o
    0x08005168   0x08005168   0x00000002   Code   RO          161    i.SysTick_Handler   stm32f10x_it.o
    0x0800516a   0x0800516a   0x00000002   PAD
    0x0800516c   0x0800516c   0x00000060   Code   RO          303    i.SystemInit        system_stm32f10x.o
    0x080051cc   0x080051cc   0x000000dc   Code   RO         1886    i.TIM2_IRQHandler   timer.o
    0x080052a8   0x080052a8   0x0000005c   Code   RO         1887    i.TIM2_Int_Init     timer.o
    0x08005304   0x08005304   0x0000005c   Code   RO         1888    i.TIM3_IRQHandler   timer.o
    0x08005360   0x08005360   0x00000060   Code   RO         1889    i.TIM3_Int_Init     timer.o
    0x080053c0   0x080053c0   0x00000006   Code   RO         2737    i.TIM_ClearITPendingBit  stm32f10x_tim.o
    0x080053c6   0x080053c6   0x00000018   Code   RO         2742    i.TIM_Cmd           stm32f10x_tim.o
    0x080053de   0x080053de   0x00000022   Code   RO         2763    i.TIM_GetITStatus   stm32f10x_tim.o
    0x08005400   0x08005400   0x00000012   Code   RO         2767    i.TIM_ITConfig      stm32f10x_tim.o
    0x08005412   0x08005412   0x00000002   PAD
    0x08005414   0x08005414   0x000000a4   Code   RO         2813    i.TIM_TimeBaseInit  stm32f10x_tim.o
    0x080054b8   0x080054b8   0x0000001c   Code   RO         1838    i.USART1_IRQHandler  usart.o
    0x080054d4   0x080054d4   0x0000004c   Code   RO          727    i.USART2_IRQHandler  esp8266.o
    0x08005520   0x08005520   0x00000012   Code   RO         2348    i.USART_ClearFlag   stm32f10x_usart.o
    0x08005532   0x08005532   0x00000018   Code   RO         2352    i.USART_Cmd         stm32f10x_usart.o
    0x0800554a   0x0800554a   0x0000001a   Code   RO         2355    i.USART_GetFlagStatus  stm32f10x_usart.o
    0x08005564   0x08005564   0x00000054   Code   RO         2356    i.USART_GetITStatus  stm32f10x_usart.o
    0x080055b8   0x080055b8   0x0000004a   Code   RO         2358    i.USART_ITConfig    stm32f10x_usart.o
    0x08005602   0x08005602   0x00000002   PAD
    0x08005604   0x08005604   0x000000d8   Code   RO         2359    i.USART_Init        stm32f10x_usart.o
    0x080056dc   0x080056dc   0x00000008   Code   RO         2369    i.USART_SendData    stm32f10x_usart.o
    0x080056e4   0x080056e4   0x00000004   Code   RO          162    i.UsageFault_Handler  stm32f10x_it.o
    0x080056e8   0x080056e8   0x000000b0   Code   RO         1839    i.Usart1_Init       usart.o
    0x08005798   0x08005798   0x000000ac   Code   RO         1840    i.Usart2_Init       usart.o
    0x08005844   0x08005844   0x00000048   Code   RO         1841    i.UsartPrintf       usart.o
    0x0800588c   0x0800588c   0x00000032   Code   RO         1842    i.Usart_SendString  usart.o
    0x080058be   0x080058be   0x00000028   Code   RO         3951    i.__ARM_fpclassify  m_ws.l(fpclassify.o)
    0x080058e6   0x080058e6   0x0000000e   Code   RO         4059    i.__mathlib_dbl_overflow  m_ws.l(dunder.o)
    0x080058f4   0x080058f4   0x00000010   Code   RO         4061    i.__mathlib_dbl_underflow  m_ws.l(dunder.o)
    0x08005904   0x08005904   0x00000010   Code   RO         3953    i.__mathlib_narrow  m_ws.l(narrow.o)
    0x08005914   0x08005914   0x000000bc   Code   RO         3954    i.__mathlib_tofloat  m_ws.l(narrow.o)
    0x080059d0   0x080059d0   0x00000016   Code   RO         4031    i.__support_ldexp   m_ws.l(ldexp.o)
    0x080059e6   0x080059e6   0x0000000e   Code   RO         3595    i._is_digit         c_w.l(__printf_wp.o)
    0x080059f4   0x080059f4   0x00000048   Code   RO         1115    i.buffer_skip_whitespace  cjson.o
    0x08005a3c   0x08005a3c   0x00000058   Code   RO         1147    i.cJSON_Delete      cjson.o
    0x08005a94   0x08005a94   0x00000010   Code   RO         1158    i.cJSON_GetErrorPtr  cjson.o
    0x08005aa4   0x08005aa4   0x00000012   Code   RO         1160    i.cJSON_GetObjectItem  cjson.o
    0x08005ab6   0x08005ab6   0x0000001a   Code   RO         1177    i.cJSON_New_Item    cjson.o
    0x08005ad0   0x08005ad0   0x00000010   Code   RO         1178    i.cJSON_Parse       cjson.o
    0x08005ae0   0x08005ae0   0x000000d4   Code   RO         1180    i.cJSON_ParseWithLengthOpts  cjson.o
    0x08005bb4   0x08005bb4   0x00000028   Code   RO         1181    i.cJSON_ParseWithOpts  cjson.o
    0x08005bdc   0x08005bdc   0x00000048   Code   RO         1196    i.case_insensitive_strcmp  cjson.o
    0x08005c24   0x08005c24   0x00000044   Code   RO         1782    i.delay_init        delay.o
    0x08005c68   0x08005c68   0x0000004c   Code   RO         1783    i.delay_ms          delay.o
    0x08005cb4   0x08005cb4   0x0000004c   Code   RO         1784    i.delay_us          delay.o
    0x08005d00   0x08005d00   0x00000058   Code   RO         3995    i.frexp             m_ws.l(frexp.o)
    0x08005d58   0x08005d58   0x00000004   Code   RO         1202    i.get_decimal_point  cjson.o
    0x08005d5c   0x08005d5c   0x00000052   Code   RO         1203    i.get_object_item   cjson.o
    0x08005dae   0x08005dae   0x00000002   PAD
    0x08005db0   0x08005db0   0x00000030   Code   RO          620    i.i2c_Ack           bh1750.o
    0x08005de0   0x08005de0   0x0000001c   Code   RO          621    i.i2c_CheckDevice   bh1750.o
    0x08005dfc   0x08005dfc   0x0000000e   Code   RO          622    i.i2c_Delay         bh1750.o
    0x08005e0a   0x08005e0a   0x00000002   PAD
    0x08005e0c   0x08005e0c   0x00000028   Code   RO          623    i.i2c_NAck          bh1750.o
    0x08005e34   0x08005e34   0x00000044   Code   RO          624    i.i2c_ReadByte      bh1750.o
    0x08005e78   0x08005e78   0x00000054   Code   RO          625    i.i2c_SendByte      bh1750.o
    0x08005ecc   0x08005ecc   0x00000030   Code   RO          626    i.i2c_Start         bh1750.o
    0x08005efc   0x08005efc   0x00000020   Code   RO          627    i.i2c_Stop          bh1750.o
    0x08005f1c   0x08005f1c   0x0000003c   Code   RO          628    i.i2c_WaitAck       bh1750.o
    0x08005f58   0x08005f58   0x00000074   Code   RO         4032    i.ldexp             m_ws.l(ldexp.o)
    0x08005fcc   0x08005fcc   0x00000298   Code   RO            1    i.main              main.o
    0x08006264   0x08006264   0x000000f8   Code   RO         1205    i.parse_array       cjson.o
    0x0800635c   0x0800635c   0x0000005a   Code   RO         1206    i.parse_hex4        cjson.o
    0x080063b6   0x080063b6   0x00000002   PAD
    0x080063b8   0x080063b8   0x00000138   Code   RO         1207    i.parse_number      cjson.o
    0x080064f0   0x080064f0   0x0000013e   Code   RO         1208    i.parse_object      cjson.o
    0x0800662e   0x0800662e   0x0000018c   Code   RO         1209    i.parse_string      cjson.o
    0x080067ba   0x080067ba   0x00000002   PAD
    0x080067bc   0x080067bc   0x0000013c   Code   RO         1210    i.parse_value       cjson.o
    0x080068f8   0x080068f8   0x0000003c   Code   RO         1221    i.skip_utf8_bom     cjson.o
    0x08006934   0x08006934   0x0000001c   Code   RO         3687    i.strtod            m_ws.l(strtod.o)
    0x08006950   0x08006950   0x0000012c   Code   RO         1224    i.utf16_literal_to_utf8  cjson.o
    0x08006a7c   0x08006a7c   0x0000002c   Code   RO         3923    locale$$code        c_w.l(lc_ctype_c.o)
    0x08006aa8   0x08006aa8   0x0000002c   Code   RO         3926    locale$$code        c_w.l(lc_numeric_c.o)
    0x08006ad4   0x08006ad4   0x00000062   Code   RO         3992    x$fpl$d2f           fz_ws.l(d2f.o)
    0x08006b36   0x08006b36   0x00000002   PAD
    0x08006b38   0x08006b38   0x00000010   Code   RO         4053    x$fpl$dcheck1       fz_ws.l(dcheck1.o)
    0x08006b48   0x08006b48   0x00000018   Code   RO         3826    x$fpl$dcmpinf       fz_ws.l(dcmpi.o)
    0x08006b60   0x08006b60   0x00000078   Code   RO         3648    x$fpl$deqf          fz_ws.l(deqf.o)
    0x08006bd8   0x08006bd8   0x0000005e   Code   RO         3650    x$fpl$dfix          fz_ws.l(dfix.o)
    0x08006c36   0x08006c36   0x00000002   PAD
    0x08006c38   0x08006c38   0x00000078   Code   RO         3660    x$fpl$dleqf         fz_ws.l(dleqf.o)
    0x08006cb0   0x08006cb0   0x0000009c   Code   RO         3828    x$fpl$dnaninf       fz_ws.l(dnaninf.o)
    0x08006d4c   0x08006d4c   0x0000000c   Code   RO         3830    x$fpl$dretinf       fz_ws.l(dretinf.o)
    0x08006d58   0x08006d58   0x0000006c   Code   RO         3664    x$fpl$drleqf        fz_ws.l(drleqf.o)
    0x08006dc4   0x08006dc4   0x00000056   Code   RO         3666    x$fpl$f2d           fz_ws.l(f2d.o)
    0x08006e1a   0x08006e1a   0x00000018   Code   RO         3832    x$fpl$fcmpinf       fz_ws.l(fcmpi.o)
    0x08006e32   0x08006e32   0x00000002   PAD
    0x08006e34   0x08006e34   0x00000184   Code   RO         3669    x$fpl$fdiv          fz_ws.l(fdiv.o)
    0x08006fb8   0x08006fb8   0x00000026   Code   RO         3672    x$fpl$ffltu         fz_ws.l(fflt_clz.o)
    0x08006fde   0x08006fde   0x00000002   PAD
    0x08006fe0   0x08006fe0   0x00000068   Code   RO         3678    x$fpl$fleqf         fz_ws.l(fleqf.o)
    0x08007048   0x08007048   0x00000102   Code   RO         3680    x$fpl$fmul          fz_ws.l(fmul.o)
    0x0800714a   0x0800714a   0x0000008c   Code   RO         3834    x$fpl$fnaninf       fz_ws.l(fnaninf.o)
    0x080071d6   0x080071d6   0x0000000a   Code   RO         3836    x$fpl$fretinf       fz_ws.l(fretinf.o)
    0x080071e0   0x080071e0   0x00000006   Code   RO         3943    x$fpl$ieeestatus    fz_ws.l(istatus.o)
    0x080071e6   0x080071e6   0x00000004   Code   RO         3682    x$fpl$printf1       fz_ws.l(printf1.o)
    0x080071ea   0x080071ea   0x00000004   Code   RO         3838    x$fpl$printf2       fz_ws.l(printf2.o)
    0x080071ee   0x080071ee   0x00000064   Code   RO         4093    x$fpl$retnan        fz_ws.l(retnan.o)
    0x08007252   0x08007252   0x0000005c   Code   RO         4028    x$fpl$scalbn        fz_ws.l(scalbn.o)
    0x080072ae   0x080072ae   0x00000004   Code   RO         3684    x$fpl$scanf1        fz_ws.l(scanf1.o)
    0x080072b2   0x080072b2   0x00000008   Code   RO         3945    x$fpl$scanf2        fz_ws.l(scanf2.o)
    0x080072ba   0x080072ba   0x00000030   Code   RO         4095    x$fpl$trapveneer    fz_ws.l(trapv.o)
    0x080072ea   0x080072ea   0x00000000   Code   RO         3844    x$fpl$usenofp       fz_ws.l(usenofp.o)
    0x080072ea   0x080072ea   0x0000000e   Data   RO            3    .constdata          main.o
    0x080072f8   0x080072f8   0x000017c0   Data   RO          464    .constdata          oled.o
    0x08008ab8   0x08008ab8   0x00000028   Data   RO         3583    .constdata          c_w.l(_printf_hex_int_ll_ptr.o)
    0x08008ae0   0x08008ae0   0x00000011   Data   RO         3603    .constdata          c_w.l(__printf_flags_ss_wp.o)
    0x08008af1   0x08008af1   0x00000003   PAD
    0x08008af4   0x08008af4   0x00000008   Data   RO         3742    .constdata          c_w.l(_printf_wctomb.o)
    0x08008afc   0x08008afc   0x00000026   Data   RO         3883    .constdata          c_w.l(_printf_fp_hex.o)
    0x08008b22   0x08008b22   0x00000002   PAD
    0x08008b24   0x08008b24   0x00000094   Data   RO         3896    .constdata          c_w.l(bigflt0.o)
    0x08008bb8   0x08008bb8   0x0000000e   Data   RO            4    .conststring        main.o
    0x08008bc6   0x08008bc6   0x00000002   PAD
    0x08008bc8   0x08008bc8   0x00000020   Data   RO         4097    Region$$Table       anon$$obj.o
    0x08008be8   0x08008be8   0x00000008   Data   RO         3937    c$$dinf             fz_ws.l(fpconst.o)
    0x08008bf0   0x08008bf0   0x00000008   Data   RO         3940    c$$dmax             fz_ws.l(fpconst.o)
    0x08008bf8   0x08008bf8   0x00000110   Data   RO         3922    locale$$data        c_w.l(lc_ctype_c.o)
    0x08008d08   0x08008d08   0x0000001c   Data   RO         3925    locale$$data        c_w.l(lc_numeric_c.o)


    Execution Region ER_RW (Exec base: 0x20000000, Load base: 0x08008d24, Size: 0x00000058, Max: 0xffffffff, ABSOLUTE)

    Exec Addr    Load Addr    Size         Type   Attr      Idx    E Section Name        Object

    0x20000000   0x08008d24   0x00000010   Data   RW            5    .data               main.o
    0x20000010   0x08008d34   0x00000014   Data   RW          304    .data               system_stm32f10x.o
    0x20000024   0x08008d48   0x00000004   Data   RW          729    .data               esp8266.o
    0x20000028   0x08008d4c   0x00000002   Data   RW         1064    .data               onenet.o
    0x2000002a   0x08008d4e   0x00000002   PAD
    0x2000002c   0x08008d50   0x00000014   Data   RW         1226    .data               cjson.o
    0x20000040   0x08008d64   0x00000004   Data   RW         1785    .data               delay.o
    0x20000044   0x08008d68   0x00000014   Data   RW         2180    .data               stm32f10x_rcc.o


    Execution Region ER_ZI (Exec base: 0x20000058, Load base: 0x08008d7c, Size: 0x00000c78, Max: 0xffffffff, ABSOLUTE)

    Exec Addr    Load Addr    Size         Type   Attr      Idx    E Section Name        Object

    0x20000058        -       0x00000100   Zero   RW            2    .bss                main.o
    0x20000158        -       0x00000480   Zero   RW          463    .bss                oled.o
    0x200005d8        -       0x00000080   Zero   RW          728    .bss                esp8266.o
    0x20000658        -       0x00000014   Zero   RW         1890    .bss                timer.o
    0x2000066c        -       0x00000060   Zero   RW         3848    .bss                c_w.l(libspace.o)
    0x200006cc   0x08008d7c   0x00000004   PAD
    0x200006d0        -       0x00000200   Zero   RW         1968    HEAP                startup_stm32f10x_hd.o
    0x200008d0        -       0x00000400   Zero   RW         1967    STACK               startup_stm32f10x_hd.o


==============================================================================

Image component sizes


      Code (inc. data)   RO Data    RW Data    ZI Data      Debug   Object Name

        52          6          0          0          0        528   beep.o
       642         42          0          0          0       8330   bh1750.o
      2686         70          0         20          0      18609   cjson.o
       220         26          0          4          0       1879   delay.o
       444         32          0          0          0       4236   dht11.o
       952        368          0          4        128     216057   esp8266.o
       280         28          0          0          0       1671   exti.o
        56          4          0          0          0        539   key.o
        80         10          0          0          0     206211   led.o
       664        212         28         16        256       6726   main.o
       172         22          0          0          0       2209   misc.o
      2672         26          0          0          0      18260   mqttkit.o
      1210         58       6080          0       1152      10315   oled.o
      1844        876          0          2          0       7493   onenet.o
        64         26        304          0       1536        824   startup_stm32f10x_hd.o
       160         12          0          0          0       1617   stm32f10x_exti.o
       378          4          0          0          0       5134   stm32f10x_gpio.o
        26          0          0          0          0      47730   stm32f10x_it.o
       276         32          0         20          0       4630   stm32f10x_rcc.o
       246         42          0          0          0       3786   stm32f10x_tim.o
       450          6          0          0          0       6491   stm32f10x_usart.o
         0          0          0          0          0         32   sys.o
       328         28          0         20          0       2277   system_stm32f10x.o
       500        110          0          0         20       3419   timer.o
       606         46          0          0          0       5277   usart.o

    ----------------------------------------------------------------------
     15038       2086       6446         88       3092     584280   Object Totals
         0          0         32          0          0          0   (incl. Generated)
        30          0          2          2          0          0   (incl. Padding)

    ----------------------------------------------------------------------

      Code (inc. data)   RO Data    RW Data    ZI Data      Debug   Library Member Name

        44          6          0          0          0         84   __2sprintf.o
         8          0          0          0          0         68   __main.o
       392          4         17          0          0         92   __printf_flags_ss_wp.o
        14          0          0          0          0         68   __printf_wp.o
         0          0          0          0          0          0   __rtentry.o
        12          0          0          0          0          0   __rtentry2.o
         6          0          0          0          0          0   __rtentry4.o
        52          8          0          0          0          0   __scatter.o
        26          0          0          0          0          0   __scatter_copy.o
        28          0          0          0          0          0   __scatter_zi.o
        28          0          0          0          0         68   _chval.o
         6          0          0          0          0          0   _printf_a.o
         6          0          0          0          0          0   _printf_c.o
        44          0          0          0          0        108   _printf_char.o
        48          6          0          0          0         96   _printf_char_common.o
        40          0          0          0          0         68   _printf_charcount.o
         6          0          0          0          0          0   _printf_d.o
       120         16          0          0          0         92   _printf_dec.o
         6          0          0          0          0          0   _printf_e.o
         6          0          0          0          0          0   _printf_f.o
      1054          0          0          0          0        216   _printf_fp_dec.o
       764          8         38          0          0        100   _printf_fp_hex.o
       128         16          0          0          0         84   _printf_fp_infnan.o
         6          0          0          0          0          0   _printf_g.o
       148          4         40          0          0        160   _printf_hex_int_ll_ptr.o
         6          0          0          0          0          0   _printf_i.o
       178          0          0          0          0         88   _printf_intcommon.o
        10          0          0          0          0          0   _printf_l.o
         6          0          0          0          0          0   _printf_lc.o
        10          0          0          0          0          0   _printf_ll.o
         6          0          0          0          0          0   _printf_lld.o
         6          0          0          0          0          0   _printf_lli.o
         6          0          0          0          0          0   _printf_llo.o
         6          0          0          0          0          0   _printf_llu.o
         6          0          0          0          0          0   _printf_llx.o
       124         16          0          0          0         92   _printf_longlong_dec.o
         6          0          0          0          0          0   _printf_ls.o
         6          0          0          0          0          0   _printf_n.o
         6          0          0          0          0          0   _printf_o.o
       112         10          0          0          0        124   _printf_oct_int_ll.o
         6          0          0          0          0          0   _printf_p.o
        78          0          0          0          0        108   _printf_pad.o
         0          0          0          0          0          0   _printf_percent.o
         4          0          0          0          0          0   _printf_percent_end.o
         6          0          0          0          0          0   _printf_s.o
        82          0          0          0          0         80   _printf_str.o
        36          0          0          0          0         84   _printf_truncate.o
         6          0          0          0          0          0   _printf_u.o
        44          0          0          0          0        108   _printf_wchar.o
       188          6          8          0          0         92   _printf_wctomb.o
         6          0          0          0          0          0   _printf_x.o
        22          0          0          0          0        100   _rserrno.o
        64          0          0          0          0         84   _sgetc.o
        16          0          0          0          0         68   _snputc.o
        10          0          0          0          0         68   _sputc.o
       158          0          0          0          0         92   _strtoul.o
        64          0          0          0          0         92   _wcrtomb.o
        26          0          0          0          0         80   atoi.o
       228          4        148          0          0         96   bigflt0.o
      2152        136          0          0          0        960   btod.o
        10          0          0          0          0         68   defsig_exit.o
        50          0          0          0          0         88   defsig_general.o
        80         58          0          0          0         76   defsig_rtmem_inner.o
        14          0          0          0          0         80   defsig_rtmem_outer.o
        18          0          0          0          0         80   exit.o
        94          0          0          0          0         80   h1_alloc.o
        52          0          0          0          0         68   h1_extend.o
        78          0          0          0          0         80   h1_free.o
        14          0          0          0          0         84   h1_init.o
       184          0          0          0          0         92   h1_realloc.o
         6          0          0          0          0        152   heapauxi.o
         4          0          0          0          0        136   hguard.o
         0          0          0          0          0          0   indicate_semi.o
       138          0          0          0          0        168   init_alloc.o
        18          0          0          0          0         76   isspace.o
        44         10        272          0          0         76   lc_ctype_c.o
        44         10         28          0          0         76   lc_numeric_c.o
         2          0          0          0          0          0   libinit.o
        38          0          0          0          0          0   libinit2.o
         2          0          0          0          0          0   libshutdown.o
         2          0          0          0          0          0   libshutdown2.o
         8          4          0          0         96         68   libspace.o
        38          0          0          0          0         68   llshl.o
       138          0          0          0          0         80   lludiv10.o
         0          0          0          0          0          0   maybetermalloc1.o
        16          4          0          0          0         76   rt_ctype_table.o
         8          4          0          0          0         68   rt_errno_addr_intlibspace.o
         8          4          0          0          0         68   rt_heap_descriptor_intlibspace.o
         8          4          0          0          0         68   rt_locale_intlibspace.o
        68          0          0          0          0         68   rt_memclr.o
        78          0          0          0          0         80   rt_memclr_w.o
       138          0          0          0          0         68   rt_memcpy_v6.o
       100          0          0          0          0         80   rt_memcpy_w.o
         2          0          0          0          0          0   rtexit.o
        10          0          0          0          0          0   rtexit2.o
      1272         16          0          0          0        168   scanf_fp.o
       800         14          0          0          0        100   scanf_hexfp.o
       308         16          0          0          0        100   scanf_infnan.o
        20          0          0          0          0         68   strchr.o
       128          0          0          0          0         68   strcmpv7m.o
        62          0          0          0          0         76   strlen.o
        36          0          0          0          0         76   strncat.o
       150          0          0          0          0         80   strncmp.o
        36          0          0          0          0         80   strstr.o
       164         14          0          0          0        120   strtod.o
       112          0          0          0          0         88   strtol.o
        12          4          0          0          0         68   sys_exit.o
        74          0          0          0          0         80   sys_stackheap_outer.o
        14          0          0          0          0         76   sys_wrch.o
        26          0          0          0          0         76   tolower.o
         2          0          0          0          0         68   use_no_semi.o
        52          4          0          0          0         80   vsnprintf.o
        98          4          0          0          0         92   d2f.o
        16          4          0          0          0         68   dcheck1.o
        24          0          0          0          0         68   dcmpi.o
       120          4          0          0          0         92   deqf.o
        94          4          0          0          0         92   dfix.o
       120          4          0          0          0         92   dleqf.o
       156          4          0          0          0         92   dnaninf.o
        12          0          0          0          0         68   dretinf.o
       108          0          0          0          0         80   drleqf.o
        86          4          0          0          0         84   f2d.o
        24          0          0          0          0         68   fcmpi.o
       388         76          0          0          0         96   fdiv.o
        38          0          0          0          0         68   fflt_clz.o
       104          4          0          0          0         84   fleqf.o
       258          4          0          0          0         84   fmul.o
       140          4          0          0          0         84   fnaninf.o
         0          0         16          0          0          0   fpconst.o
        10          0          0          0          0         68   fretinf.o
         6          0          0          0          0         68   istatus.o
         4          0          0          0          0         68   printf1.o
         4          0          0          0          0         68   printf2.o
       100          0          0          0          0         68   retnan.o
        92          0          0          0          0         68   scalbn.o
         4          0          0          0          0         68   scanf1.o
         8          0          0          0          0         84   scanf2.o
        48          0          0          0          0         68   trapv.o
         0          0          0          0          0          0   usenofp.o
        30          6          0          0          0        136   dunder.o
        40          0          0          0          0         68   fpclassify.o
        88          8          0          0          0         76   frexp.o
       138          0          0          0          0        160   ldexp.o
       204          4          0          0          0        168   narrow.o
        28          0          0          0          0         80   strtod.o

    ----------------------------------------------------------------------
     14076        542        572          0        100      10092   Library Totals
        24          2          5          0          4          0   (incl. Padding)

    ----------------------------------------------------------------------

      Code (inc. data)   RO Data    RW Data    ZI Data      Debug   Library Name

     11462        406        551          0         96       7464   c_w.l
      2062        116         16          0          0       1940   fz_ws.l
       528         18          0          0          0        688   m_ws.l

    ----------------------------------------------------------------------
     14076        542        572          0        100      10092   Library Totals

    ----------------------------------------------------------------------

==============================================================================


      Code (inc. data)   RO Data    RW Data    ZI Data      Debug   

     29114       2628       7018         88       3192     581160   Grand Totals
     29114       2628       7018         88       3192     581160   ELF Image Totals
     29114       2628       7018         88          0          0   ROM Totals

==============================================================================

    Total RO  Size (Code + RO Data)                36132 (  35.29kB)
    Total RW  Size (RW Data + ZI Data)              3280 (   3.20kB)
    Total ROM Size (Code + RO Data + RW Data)      36220 (  35.37kB)

==============================================================================

