Component: ARM Compiler 5.06 update 5 (build 528) Tool: armlink [4d35e2]

==============================================================================

Section Cross References

    main.o(.text) refers to _printf_percent.o(.ARM.Collect$$_printf_percent$$00000000) for _printf_percent
    main.o(.text) refers to _printf_d.o(.ARM.Collect$$_printf_percent$$00000009) for _printf_d
    main.o(.text) refers to _printf_f.o(.ARM.Collect$$_printf_percent$$00000003) for _printf_f
    main.o(.text) refers to _printf_dec.o(.text) for _printf_int_dec
    main.o(.text) refers to printf1.o(x$fpl$printf1) for _printf_fp_dec
    main.o(.text) refers to usart.o(.text) for Usart1_Init
    main.o(.text) refers to delay.o(.text) for delay_init
    main.o(.text) refers to oled.o(.text) for OLED_Init
    main.o(.text) refers to misc.o(.text) for NVIC_PriorityGroupConfig
    main.o(.text) refers to led.o(.text) for LED_Init
    main.o(.text) refers to key.o(.text) for KEY_Init
    main.o(.text) refers to exti.o(.text) for EXTIX_Init
    main.o(.text) refers to beep.o(.text) for BEEP_Init
    main.o(.text) refers to dht11.o(.text) for DHT11_Init
    main.o(.text) refers to bh1750.o(.text) for BH1750_Init
    main.o(.text) refers to esp8266.o(.text) for ESP8266_Init
    main.o(.text) refers to onenet.o(.text) for OneNet_DevLink
    main.o(.text) refers to timer.o(.text) for TIM2_Int_Init
    main.o(.text) refers to stm32f10x_gpio.o(.text) for GPIO_ReadInputDataBit
    main.o(.text) refers to fleqf.o(x$fpl$fleqf) for __aeabi_cfcmple
    main.o(.text) refers to f2d.o(x$fpl$f2d) for __aeabi_f2d
    main.o(.text) refers to __2sprintf.o(.text) for __2sprintf
    main.o(.text) refers to main.o(.data) for ESP8266_INIT_OK
    main.o(.text) refers to main.o(.conststring) for .conststring
    main.o(.text) refers to main.o(.bss) for PUB_BUF
    main.o(.text) refers to main.o(.constdata) for devPubTopic
    main.o(.data) refers to main.o(.conststring) for .conststring
    system_stm32f10x.o(.text) refers to system_stm32f10x.o(.data) for SystemCoreClock
    led.o(.text) refers to stm32f10x_rcc.o(.text) for RCC_APB2PeriphClockCmd
    led.o(.text) refers to stm32f10x_gpio.o(.text) for GPIO_Init
    beep.o(.text) refers to stm32f10x_rcc.o(.text) for RCC_APB2PeriphClockCmd
    beep.o(.text) refers to stm32f10x_gpio.o(.text) for GPIO_Init
    bh1750.o(.text) refers to stm32f10x_rcc.o(.text) for RCC_APB2PeriphClockCmd
    bh1750.o(.text) refers to stm32f10x_gpio.o(.text) for GPIO_Init
    bh1750.o(.text) refers to fflt_clz.o(x$fpl$ffltu) for __aeabi_ui2f
    bh1750.o(.text) refers to fdiv.o(x$fpl$fdiv) for __aeabi_fdiv
    bh1750.o(.text) refers to fmul.o(x$fpl$fmul) for __aeabi_fmul
    dht11.o(.text) refers to delay.o(.text) for delay_ms
    dht11.o(.text) refers to stm32f10x_rcc.o(.text) for RCC_APB2PeriphClockCmd
    dht11.o(.text) refers to stm32f10x_gpio.o(.text) for GPIO_Init
    oled.o(.text) refers to stm32f10x_gpio.o(.text) for GPIO_ResetBits
    oled.o(.text) refers to oled.o(.bss) for OLED_GRAM
    oled.o(.text) refers to oled.o(.constdata) for asc2_0806
    oled.o(.text) refers to stm32f10x_rcc.o(.text) for RCC_APB2PeriphClockCmd
    oled.o(.text) refers to delay.o(.text) for delay_ms
    oled.o(.text) refers to strcpy.o(.text) for strcpy
    oled.o(.text) refers to rand.o(.emb_text) for rand
    oled.o(.text) refers to oled.o(.data) for line
    key.o(.text) refers to stm32f10x_rcc.o(.text) for RCC_APB2PeriphClockCmd
    key.o(.text) refers to stm32f10x_gpio.o(.text) for GPIO_Init
    key.o(.text) refers to delay.o(.text) for delay_ms
    key.o(.text) refers to key.o(.data) for key_up
    delay.o(.text) refers to misc.o(.text) for SysTick_CLKSourceConfig
    delay.o(.text) refers to system_stm32f10x.o(.data) for SystemCoreClock
    delay.o(.text) refers to delay.o(.data) for fac_us
    usart.o(.text) refers to stm32f10x_rcc.o(.text) for RCC_APB2PeriphClockCmd
    usart.o(.text) refers to stm32f10x_gpio.o(.text) for GPIO_Init
    usart.o(.text) refers to stm32f10x_usart.o(.text) for USART_Init
    usart.o(.text) refers to misc.o(.text) for NVIC_Init
    usart.o(.text) refers to c89vsnprintf.o(.text) for __c89vsnprintf
    timer.o(.text) refers to _printf_percent.o(.ARM.Collect$$_printf_percent$$00000000) for _printf_percent
    timer.o(.text) refers to _printf_d.o(.ARM.Collect$$_printf_percent$$00000009) for _printf_d
    timer.o(.text) refers to _printf_dec.o(.text) for _printf_int_dec
    timer.o(.text) refers to _printf_f.o(.ARM.Collect$$_printf_percent$$00000003) for _printf_f
    timer.o(.text) refers to printf1.o(x$fpl$printf1) for _printf_fp_dec
    timer.o(.text) refers to stm32f10x_rcc.o(.text) for RCC_APB1PeriphClockCmd
    timer.o(.text) refers to stm32f10x_tim.o(.text) for TIM_TimeBaseInit
    timer.o(.text) refers to misc.o(.text) for NVIC_Init
    timer.o(.text) refers to __2sprintf.o(.text) for __2sprintf
    timer.o(.text) refers to oled.o(.text) for OLED_ShowString
[...]
    OLED_ShowChinese                         0x080014c9   Thumb Code   244  oled.o(.text)
    OLED_ScrollDisplay                       0x080015bd   Thumb Code   168  oled.o(.text)
    OLED_ShowPicture                         0x08001665   Thumb Code   252  oled.o(.text)
    OLED_Init                                0x08001761   Thumb Code   298  oled.o(.text)
    OLED_ClearAndShowString                  0x0800188b   Thumb Code    44  oled.o(.text)
    OLED_Refresh_Line                        0x080018b7   Thumb Code   372  oled.o(.text)
    KEY_Init                                 0x08001a61   Thumb Code    52  key.o(.text)
    KEY_Scan                                 0x08001a95   Thumb Code    92  key.o(.text)
    delay_init                               0x08001afd   Thumb Code    50  delay.o(.text)
    delay_us                                 0x08001b2f   Thumb Code    72  delay.o(.text)
    delay_ms                                 0x08001b77   Thumb Code    72  delay.o(.text)
    Usart1_Init                              0x08001bd1   Thumb Code   166  usart.o(.text)
    Usart2_Init                              0x08001c77   Thumb Code   162  usart.o(.text)
    Usart_SendString                         0x08001d19   Thumb Code    50  usart.o(.text)
    UsartPrintf                              0x08001d4b   Thumb Code    72  usart.o(.text)
    DEBUG_LOG                                0x08001d93   Thumb Code    86  usart.o(.text)
    USART1_IRQHandler                        0x08001de9   Thumb Code    24  usart.o(.text)
    TIM3_Int_Init                            0x08001e1d   Thumb Code    90  timer.o(.text)
    TIM3_IRQHandler                          0x08001e77   Thumb Code   100  timer.o(.text)
    TIM2_Int_Init                            0x08001edb   Thumb Code    92  timer.o(.text)
    TIM2_IRQHandler                          0x08001f37   Thumb Code   154  timer.o(.text)
    EXTIX_Init                               0x08002039   Thumb Code   144  exti.o(.text)
    EXTI0_IRQHandler                         0x080020c9   Thumb Code    44  exti.o(.text)
    EXTI1_IRQHandler                         0x080020f5   Thumb Code    46  exti.o(.text)
    Reset_Handler                            0x08002139   Thumb Code     8  startup_stm32f10x_md.o(.text)
    ADC1_2_IRQHandler                        0x08002153   Thumb Code     0  startup_stm32f10x_md.o(.text)
    CAN1_RX1_IRQHandler                      0x08002153   Thumb Code     0  startup_stm32f10x_md.o(.text)
    CAN1_SCE_IRQHandler                      0x08002153   Thumb Code     0  startup_stm32f10x_md.o(.text)
    DMA1_Channel1_IRQHandler                 0x08002153   Thumb Code     0  startup_stm32f10x_md.o(.text)
    DMA1_Channel2_IRQHandler                 0x08002153   Thumb Code     0  startup_stm32f10x_md.o(.text)
    DMA1_Channel3_IRQHandler                 0x08002153   Thumb Code     0  startup_stm32f10x_md.o(.text)
    DMA1_Channel4_IRQHandler                 0x08002153   Thumb Code     0  startup_stm32f10x_md.o(.text)
    DMA1_Channel5_IRQHandler                 0x08002153   Thumb Code     0  startup_stm32f10x_md.o(.text)
    DMA1_Channel6_IRQHandler                 0x08002153   Thumb Code     0  startup_stm32f10x_md.o(.text)
    DMA1_Channel7_IRQHandler                 0x08002153   Thumb Code     0  startup_stm32f10x_md.o(.text)
    EXTI15_10_IRQHandler                     0x08002153   Thumb Code     0  startup_stm32f10x_md.o(.text)
    EXTI2_IRQHandler                         0x08002153   Thumb Code     0  startup_stm32f10x_md.o(.text)
    EXTI3_IRQHandler                         0x08002153   Thumb Code     0  startup_stm32f10x_md.o(.text)
    EXTI4_IRQHandler                         0x08002153   Thumb Code     0  startup_stm32f10x_md.o(.text)
    EXTI9_5_IRQHandler                       0x08002153   Thumb Code     0  startup_stm32f10x_md.o(.text)
    FLASH_IRQHandler                         0x08002153   Thumb Code     0  startup_stm32f10x_md.o(.text)
    I2C1_ER_IRQHandler                       0x08002153   Thumb Code     0  startup_stm32f10x_md.o(.text)
    I2C1_EV_IRQHandler                       0x08002153   Thumb Code     0  startup_stm32f10x_md.o(.text)
    I2C2_ER_IRQHandler                       0x08002153   Thumb Code     0  startup_stm32f10x_md.o(.text)
    I2C2_EV_IRQHandler                       0x08002153   Thumb Code     0  startup_stm32f10x_md.o(.text)
    PVD_IRQHandler                           0x08002153   Thumb Code     0  startup_stm32f10x_md.o(.text)
    RCC_IRQHandler                           0x08002153   Thumb Code     0  startup_stm32f10x_md.o(.text)
    RTCAlarm_IRQHandler                      0x08002153   Thumb Code     0  startup_stm32f10x_md.o(.text)
    RTC_IRQHandler                           0x08002153   Thumb Code     0  startup_stm32f10x_md.o(.text)
    SPI1_IRQHandler                          0x08002153   Thumb Code     0  startup_stm32f10x_md.o(.text)
    SPI2_IRQHandler                          0x08002153   Thumb Code     0  startup_stm32f10x_md.o(.text)
    TAMPER_IRQHandler                        0x08002153   Thumb Code     0  startup_stm32f10x_md.o(.text)
    TIM1_BRK_IRQHandler                      0x08002153   Thumb Code     0  startup_stm32f10x_md.o(.text)
    TIM1_CC_IRQHandler                       0x08002153   Thumb Code     0  startup_stm32f10x_md.o(.text)
    TIM1_TRG_COM_IRQHandler                  0x08002153   Thumb Code     0  startup_stm32f10x_md.o(.text)
    TIM1_UP_IRQHandler                       0x08002153   Thumb Code     0  startup_stm32f10x_md.o(.text)
    TIM4_IRQHandler                          0x08002153   Thumb Code     0  startup_stm32f10x_md.o(.text)
    USART3_IRQHandler                        0x08002153   Thumb Code     0  startup_stm32f10x_md.o(.text)
    USBWakeUp_IRQHandler                     0x08002153   Thumb Code     0  startup_stm32f10x_md.o(.text)
    USB_HP_CAN1_TX_IRQHandler                0x08002153   Thumb Code     0  startup_stm32f10x_md.o(.text)
    USB_LP_CAN1_RX0_IRQHandler               0x08002153   Thumb Code     0  startup_stm32f10x_md.o(.text)
    WWDG_IRQHandler                          0x08002153   Thumb Code     0  startup_stm32f10x_md.o(.text)
    __user_initial_stackheap                 0x08002155   Thumb Code     0  startup_stm32f10x_md.o(.text)
    GPIO_DeInit                              0x08002179   Thumb Code   172  stm32f10x_gpio.o(.text)
    GPIO_AFIODeInit                          0x08002225   Thumb Code    20  stm32f10x_gpio.o(.text)
    GPIO_Init                                0x08002239   Thumb Code   278  stm32f10x_gpio.o(.text)
    GPIO_StructInit                          0x0800234f   Thumb Code    16  stm32f10x_gpio.o(.text)
    GPIO_ReadInputDataBit                    0x0800235f   Thumb Code    18  stm32f10x_gpio.o(.text)
    GPIO_ReadInputData                       0x08002371   Thumb Code     8  stm32f10x_gpio.o(.text)
    GPIO_ReadOutputDataBit                   0x08002379   Thumb Code    18  stm32f10x_gpio.o(.text)
    GPIO_ReadOutputData                      0x0800238b   Thumb Code     8  stm32f10x_gpio.o(.text)
    GPIO_SetBits                             0x08002393   Thumb Code     4  stm32f10x_gpio.o(.text)
    GPIO_ResetBits                           0x08002397   Thumb Code     4  stm32f10x_gpio.o(.text)
    GPIO_WriteBit                            0x0800239b   Thumb Code    10  stm32f10x_gpio.o(.text)
    GPIO_Write                               0x080023a5   Thumb Code     4  stm32f10x_gpio.o(.text)
    GPIO_PinLockConfig                       0x080023a9   Thumb Code    18  stm32f10x_gpio.o(.text)
    GPIO_EventOutputConfig                   0x080023bb   Thumb Code    26  stm32f10x_gpio.o(.text)
    GPIO_EventOutputCmd                      0x080023d5   Thumb Code     6  stm32f10x_gpio.o(.text)
    GPIO_PinRemapConfig                      0x080023db   Thumb Code   138  stm32f10x_gpio.o(.text)
    GPIO_EXTILineConfig                      0x08002465   Thumb Code    66  stm32f10x_gpio.o(.text)
    GPIO_ETH_MediaInterfaceConfig            0x080024a7   Thumb Code     8  stm32f10x_gpio.o(.text)
    RCC_DeInit                               0x080024d5   Thumb Code    64  stm32f10x_rcc.o(.text)
    RCC_HSEConfig                            0x08002515   Thumb Code    70  stm32f10x_rcc.o(.text)
    RCC_GetFlagStatus                        0x0800255b   Thumb Code    56  stm32f10x_rcc.o(.text)
    RCC_WaitForHSEStartUp                    0x08002593   Thumb Code    56  stm32f10x_rcc.o(.text)
    RCC_AdjustHSICalibrationValue            0x080025cb   Thumb Code    20  stm32f10x_rcc.o(.text)
    RCC_HSICmd                               0x080025df   Thumb Code     6  stm32f10x_rcc.o(.text)
    RCC_PLLConfig                            0x080025e5   Thumb Code    24  stm32f10x_rcc.o(.text)
    RCC_PLLCmd                               0x080025fd   Thumb Code     6  stm32f10x_rcc.o(.text)
    RCC_SYSCLKConfig                         0x08002603   Thumb Code    18  stm32f10x_rcc.o(.text)
    RCC_GetSYSCLKSource                      0x08002615   Thumb Code    10  stm32f10x_rcc.o(.text)
    RCC_HCLKConfig                           0x0800261f   Thumb Code    18  stm32f10x_rcc.o(.text)
    RCC_PCLK1Config                          0x08002631   Thumb Code    18  stm32f10x_rcc.o(.text)
    RCC_PCLK2Config                          0x08002643   Thumb Code    20  stm32f10x_rcc.o(.text)
    RCC_ITConfig                             0x08002657   Thumb Code    26  stm32f10x_rcc.o(.text)
    RCC_USBCLKConfig                         0x08002671   Thumb Code     8  stm32f10x_rcc.o(.text)
    RCC_ADCCLKConfig                         0x08002679   Thumb Code    18  stm32f10x_rcc.o(.text)
    RCC_LSEConfig                            0x0800268b   Thumb Code    50  stm32f10x_rcc.o(.text)
    RCC_LSICmd                               0x080026bd   Thumb Code     6  stm32f10x_rcc.o(.text)
    RCC_RTCCLKConfig                         0x080026c3   Thumb Code    12  stm32f10x_rcc.o(.text)
    RCC_RTCCLKCmd                            0x080026cf   Thumb Code     8  stm32f10x_rcc.o(.text)
    RCC_GetClocksFreq                        0x080026d7   Thumb Code   192  stm32f10x_rcc.o(.text)
    RCC_AHBPeriphClockCmd                    0x08002797   Thumb Code    26  stm32f10x_rcc.o(.text)
    RCC_APB2PeriphClockCmd                   0x080027b1   Thumb Code    26  stm32f10x_rcc.o(.text)
    RCC_APB1PeriphClockCmd                   0x080027cb   Thumb Code    26  stm32f10x_rcc.o(.text)
    RCC_APB2PeriphResetCmd                   0x080027e5   Thumb Code    26  stm32f10x_rcc.o(.text)
    RCC_APB1PeriphResetCmd                   0x080027ff   Thumb Code    26  stm32f10x_rcc.o(.text)
    RCC_BackupResetCmd                       0x08002819   Thumb Code     8  stm32f10x_rcc.o(.text)
    RCC_ClockSecuritySystemCmd               0x08002821   Thumb Code     6  stm32f10x_rcc.o(.text)
    RCC_MCOConfig                            0x08002827   Thumb Code     6  stm32f10x_rcc.o(.text)
    RCC_ClearFlag                            0x0800282d   Thumb Code    14  stm32f10x_rcc.o(.text)
    RCC_GetITStatus                          0x0800283b   Thumb Code    20  stm32f10x_rcc.o(.text)
    RCC_ClearITPendingBit                    0x0800284f   Thumb Code     6  stm32f10x_rcc.o(.text)
    USART_DeInit                             0x08002879   Thumb Code   134  stm32f10x_usart.o(.text)
    USART_Init                               0x080028ff   Thumb Code   210  stm32f10x_usart.o(.text)
    USART_StructInit                         0x080029d1   Thumb Code    24  stm32f10x_usart.o(.text)
    USART_ClockInit                          0x080029e9   Thumb Code    34  stm32f10x_usart.o(.text)
    USART_ClockStructInit                    0x08002a0b   Thumb Code    12  stm32f10x_usart.o(.text)
    USART_Cmd                                0x08002a17   Thumb Code    24  stm32f10x_usart.o(.text)
    USART_ITConfig                           0x08002a2f   Thumb Code    74  stm32f10x_usart.o(.text)
    USART_DMACmd                             0x08002a79   Thumb Code    18  stm32f10x_usart.o(.text)
    USART_SetAddress                         0x08002a8b   Thumb Code    18  stm32f10x_usart.o(.text)
    USART_WakeUpConfig                       0x08002a9d   Thumb Code    18  stm32f10x_usart.o(.text)
    USART_ReceiverWakeUpCmd                  0x08002aaf   Thumb Code    24  stm32f10x_usart.o(.text)
    USART_LINBreakDetectLengthConfig         0x08002ac7   Thumb Code    18  stm32f10x_usart.o(.text)
    USART_LINCmd                             0x08002ad9   Thumb Code    24  stm32f10x_usart.o(.text)
    USART_SendData                           0x08002af1   Thumb Code     8  stm32f10x_usart.o(.text)
    USART_ReceiveData                        0x08002af9   Thumb Code    10  stm32f10x_usart.o(.text)
    USART_SendBreak                          0x08002b03   Thumb Code    10  stm32f10x_usart.o(.text)
    USART_SetGuardTime                       0x08002b0d   Thumb Code    16  stm32f10x_usart.o(.text)
    USART_SetPrescaler                       0x08002b1d   Thumb Code    16  stm32f10x_usart.o(.text)
    USART_SmartCardCmd                       0x08002b2d   Thumb Code    24  stm32f10x_usart.o(.text)
    USART_SmartCardNACKCmd                   0x08002b45   Thumb Code    24  stm32f10x_usart.o(.text)
    USART_HalfDuplexCmd                      0x08002b5d   Thumb Code    24  stm32f10x_usart.o(.text)
    USART_OverSampling8Cmd                   0x08002b75   Thumb Code    22  stm32f10x_usart.o(.text)
    USART_OneBitMethodCmd                    0x08002b8b   Thumb Code    24  stm32f10x_usart.o(.text)
    USART_IrDAConfig                         0x08002ba3   Thumb Code    18  stm32f10x_usart.o(.text)
    USART_IrDACmd                            0x08002bb5   Thumb Code    24  stm32f10x_usart.o(.text)
    USART_GetFlagStatus                      0x08002bcd   Thumb Code    26  stm32f10x_usart.o(.text)
    USART_ClearFlag                          0x08002be7   Thumb Code    18  stm32f10x_usart.o(.text)
    USART_GetITStatus                        0x08002bf9   Thumb Code    84  stm32f10x_usart.o(.text)
    USART_ClearITPendingBit                  0x08002c4d   Thumb Code    52  stm32f10x_usart.o(.text)
    NVIC_PriorityGroupConfig                 0x08002c81   Thumb Code    10  misc.o(.text)
    NVIC_Init                                0x08002c8b   Thumb Code   100  misc.o(.text)
    NVIC_SetVectorTable                      0x08002cef   Thumb Code    14  misc.o(.text)
    NVIC_SystemLPConfig                      0x08002cfd   Thumb Code    34  misc.o(.text)
    SysTick_CLKSourceConfig                  0x08002d1f   Thumb Code    40  misc.o(.text)
    TIM_DeInit                               0x08002d5d   Thumb Code   424  stm32f10x_tim.o(.text)
    TIM_TimeBaseInit                         0x08002f05   Thumb Code   122  stm32f10x_tim.o(.text)
    TIM_OC1Init                              0x08002f7f   Thumb Code   132  stm32f10x_tim.o(.text)
    TIM_OC2Init                              0x08003003   Thumb Code   154  stm32f10x_tim.o(.text)
    TIM_OC3Init                              0x0800309d   Thumb Code   150  stm32f10x_tim.o(.text)
    TIM_OC4Init                              0x08003133   Thumb Code   182  stm32f10x_tim.o(.text)
    TIM_SetIC4Prescaler                      0x080031e9   Thumb Code    26  stm32f10x_tim.o(.text)
    TIM_SetIC3Prescaler                      0x08003285   Thumb Code    18  stm32f10x_tim.o(.text)
    TIM_SetIC2Prescaler                      0x08003311   Thumb Code    26  stm32f10x_tim.o(.text)
    TIM_SetIC1Prescaler                      0x080033ad   Thumb Code    18  stm32f10x_tim.o(.text)
    TIM_ICInit                               0x0800342b   Thumb Code   150  stm32f10x_tim.o(.text)
    TIM_PWMIConfig                           0x080034c1   Thumb Code   124  stm32f10x_tim.o(.text)
    TIM_BDTRConfig                           0x0800353d   Thumb Code    32  stm32f10x_tim.o(.text)
    TIM_TimeBaseStructInit                   0x0800355d   Thumb Code    18  stm32f10x_tim.o(.text)
    TIM_OCStructInit                         0x0800356f   Thumb Code    20  stm32f10x_tim.o(.text)
    TIM_ICStructInit                         0x08003583   Thumb Code    18  stm32f10x_tim.o(.text)
    TIM_BDTRStructInit                       0x08003595   Thumb Code    40  stm32f10x_tim.o(.text)
    TIM_Cmd                                  0x080035bd   Thumb Code    24  stm32f10x_tim.o(.text)
    TIM_CtrlPWMOutputs                       0x080035d5   Thumb Code    30  stm32f10x_tim.o(.text)
    TIM_ITConfig                             0x080035f3   Thumb Code    18  stm32f10x_tim.o(.text)
    TIM_GenerateEvent                        0x08003605   Thumb Code     4  stm32f10x_tim.o(.text)
    TIM_DMAConfig                            0x08003609   Thumb Code    10  stm32f10x_tim.o(.text)
    TIM_DMACmd                               0x08003613   Thumb Code    18  stm32f10x_tim.o(.text)
    TIM_InternalClockConfig                  0x08003625   Thumb Code    12  stm32f10x_tim.o(.text)
    TIM_SelectInputTrigger                   0x08003631   Thumb Code    18  stm32f10x_tim.o(.text)
    TIM_ITRxExternalClockConfig              0x08003643   Thumb Code    24  stm32f10x_tim.o(.text)
    TIM_TIxExternalClockConfig               0x0800365b   Thumb Code    62  stm32f10x_tim.o(.text)
    TIM_ETRConfig                            0x08003699   Thumb Code    28  stm32f10x_tim.o(.text)
    TIM_ETRClockMode1Config                  0x080036b5   Thumb Code    54  stm32f10x_tim.o(.text)
    TIM_ETRClockMode2Config                  0x080036eb   Thumb Code    32  stm32f10x_tim.o(.text)
    TIM_PrescalerConfig                      0x0800370b   Thumb Code     6  stm32f10x_tim.o(.text)
    TIM_CounterModeConfig                    0x08003711   Thumb Code    18  stm32f10x_tim.o(.text)
    TIM_EncoderInterfaceConfig               0x08003723   Thumb Code    66  stm32f10x_tim.o(.text)
    TIM_ForcedOC1Config                      0x08003765   Thumb Code    18  stm32f10x_tim.o(.text)
    TIM_ForcedOC2Config                      0x08003777   Thumb Code    26  stm32f10x_tim.o(.text)
    TIM_ForcedOC3Config                      0x08003791   Thumb Code    18  stm32f10x_tim.o(.text)
    TIM_ForcedOC4Config                      0x080037a3   Thumb Code    26  stm32f10x_tim.o(.text)
    TIM_ARRPreloadConfig                     0x080037bd   Thumb Code    24  stm32f10x_tim.o(.text)
    TIM_SelectCOM                            0x080037d5   Thumb Code    24  stm32f10x_tim.o(.text)
    TIM_SelectCCDMA                          0x080037ed   Thumb Code    24  stm32f10x_tim.o(.text)
    TIM_CCPreloadControl                     0x08003805   Thumb Code    24  stm32f10x_tim.o(.text)
    TIM_OC1PreloadConfig                     0x0800381d   Thumb Code    18  stm32f10x_tim.o(.text)
    TIM_OC2PreloadConfig                     0x0800382f   Thumb Code    26  stm32f10x_tim.o(.text)
    TIM_OC3PreloadConfig                     0x08003849   Thumb Code    18  stm32f10x_tim.o(.text)
    TIM_OC4PreloadConfig                     0x0800385b   Thumb Code    26  stm32f10x_tim.o(.text)
    TIM_OC1FastConfig                        0x08003875   Thumb Code    18  stm32f10x_tim.o(.text)
    TIM_OC2FastConfig                        0x08003887   Thumb Code    26  stm32f10x_tim.o(.text)
    TIM_OC3FastConfig                        0x080038a1   Thumb Code    18  stm32f10x_tim.o(.text)
    TIM_OC4FastConfig                        0x080038b3   Thumb Code    26  stm32f10x_tim.o(.text)
    TIM_ClearOC1Ref                          0x080038cd   Thumb Code    18  stm32f10x_tim.o(.text)
    TIM_ClearOC2Ref                          0x080038df   Thumb Code    24  stm32f10x_tim.o(.text)
    TIM_ClearOC3Ref                          0x080038f7   Thumb Code    18  stm32f10x_tim.o(.text)
    TIM_ClearOC4Ref                          0x08003909   Thumb Code    24  stm32f10x_tim.o(.text)
    TIM_OC1PolarityConfig                    0x08003921   Thumb Code    18  stm32f10x_tim.o(.text)
    TIM_OC1NPolarityConfig                   0x08003933   Thumb Code    18  stm32f10x_tim.o(.text)
    TIM_OC2PolarityConfig                    0x08003945   Thumb Code    26  stm32f10x_tim.o(.text)
    TIM_OC2NPolarityConfig                   0x0800395f   Thumb Code    26  stm32f10x_tim.o(.text)
    TIM_OC3PolarityConfig                    0x08003979   Thumb Code    26  stm32f10x_tim.o(.text)
    TIM_OC3NPolarityConfig                   0x08003993   Thumb Code    26  stm32f10x_tim.o(.text)
    TIM_OC4PolarityConfig                    0x080039ad   Thumb Code    26  stm32f10x_tim.o(.text)
    TIM_CCxCmd                               0x080039c7   Thumb Code    30  stm32f10x_tim.o(.text)
    TIM_CCxNCmd                              0x080039e5   Thumb Code    30  stm32f10x_tim.o(.text)
    TIM_SelectOCxM                           0x08003a03   Thumb Code    82  stm32f10x_tim.o(.text)
    TIM_UpdateDisableConfig                  0x08003a55   Thumb Code    24  stm32f10x_tim.o(.text)
    TIM_UpdateRequestConfig                  0x08003a6d   Thumb Code    24  stm32f10x_tim.o(.text)
    TIM_SelectHallSensor                     0x08003a85   Thumb Code    24  stm32f10x_tim.o(.text)
    TIM_SelectOnePulseMode                   0x08003a9d   Thumb Code    18  stm32f10x_tim.o(.text)
    TIM_SelectOutputTrigger                  0x08003aaf   Thumb Code    18  stm32f10x_tim.o(.text)
    TIM_SelectSlaveMode                      0x08003ac1   Thumb Code    18  stm32f10x_tim.o(.text)
    TIM_SelectMasterSlaveMode                0x08003ad3   Thumb Code    18  stm32f10x_tim.o(.text)
    TIM_SetCounter                           0x08003ae5   Thumb Code     4  stm32f10x_tim.o(.text)
    TIM_SetAutoreload                        0x08003ae9   Thumb Code     4  stm32f10x_tim.o(.text)
    TIM_SetCompare1                          0x08003aed   Thumb Code     4  stm32f10x_tim.o(.text)
    TIM_SetCompare2                          0x08003af1   Thumb Code     4  stm32f10x_tim.o(.text)
    TIM_SetCompare3                          0x08003af5   Thumb Code     4  stm32f10x_tim.o(.text)
    TIM_SetCompare4                          0x08003af9   Thumb Code     6  stm32f10x_tim.o(.text)
    TIM_SetClockDivision                     0x08003aff   Thumb Code    18  stm32f10x_tim.o(.text)
    TIM_GetCapture1                          0x08003b11   Thumb Code     6  stm32f10x_tim.o(.text)
    TIM_GetCapture2                          0x08003b17   Thumb Code     6  stm32f10x_tim.o(.text)
    TIM_GetCapture3                          0x08003b1d   Thumb Code     6  stm32f10x_tim.o(.text)
    TIM_GetCapture4                          0x08003b23   Thumb Code     8  stm32f10x_tim.o(.text)
    TIM_GetCounter                           0x08003b2b   Thumb Code     6  stm32f10x_tim.o(.text)
    TIM_GetPrescaler                         0x08003b31   Thumb Code     6  stm32f10x_tim.o(.text)
    TIM_GetFlagStatus                        0x08003b37   Thumb Code    18  stm32f10x_tim.o(.text)
    TIM_ClearFlag                            0x08003b49   Thumb Code     6  stm32f10x_tim.o(.text)
    TIM_GetITStatus                          0x08003b4f   Thumb Code    34  stm32f10x_tim.o(.text)
    TIM_ClearITPendingBit                    0x08003b71   Thumb Code     6  stm32f10x_tim.o(.text)
    EXTI_DeInit                              0x08003b79   Thumb Code    28  stm32f10x_exti.o(.text)
    EXTI_Init                                0x08003b95   Thumb Code   142  stm32f10x_exti.o(.text)
    EXTI_StructInit                          0x08003c23   Thumb Code    16  stm32f10x_exti.o(.text)
    EXTI_GenerateSWInterrupt                 0x08003c33   Thumb Code    16  stm32f10x_exti.o(.text)
    EXTI_GetFlagStatus                       0x08003c43   Thumb Code    22  stm32f10x_exti.o(.text)
    EXTI_ClearFlag                           0x08003c59   Thumb Code     8  stm32f10x_exti.o(.text)
    EXTI_GetITStatus                         0x08003c61   Thumb Code    34  stm32f10x_exti.o(.text)
    EXTI_ClearITPendingBit                   0x08003c83   Thumb Code     8  stm32f10x_exti.o(.text)
    ESP8266_Clear                            0x08003c95   Thumb Code    20  esp8266.o(.text)
    ESP8266_WaitRecive                       0x08003ca9   Thumb Code    42  esp8266.o(.text)
    ESP8266_SendCmd                          0x08003cd3   Thumb Code    76  esp8266.o(.text)
    ESP8266_SendData                         0x08003d1f   Thumb Code    46  esp8266.o(.text)
    ESP8266_GetIPD                           0x08003d4d   Thumb Code    66  esp8266.o(.text)
    ESP8266_Init                             0x08003d8f   Thumb Code   284  esp8266.o(.text)
    USART2_IRQHandler                        0x08003eab   Thumb Code    64  esp8266.o(.text)
    MQTT_NewBuffer                           0x08004125   Thumb Code    88  mqttkit.o(.text)
    MQTT_DeleteBuffer                        0x0800417d   Thumb Code    28  mqttkit.o(.text)
    MQTT_DumpLength                          0x08004199   Thumb Code    46  mqttkit.o(.text)
    MQTT_ReadLength                          0x080041c7   Thumb Code    70  mqttkit.o(.text)
    MQTT_UnPacketRecv                        0x0800420d   Thumb Code   106  mqttkit.o(.text)
    MQTT_PacketConnect                       0x08004277   Thumb Code   666  mqttkit.o(.text)
    MQTT_PacketDisConnect                    0x08004511   Thumb Code    48  mqttkit.o(.text)
    MQTT_UnPacketConnectAck                  0x08004541   Thumb Code    30  mqttkit.o(.text)
    MQTT_PacketPublish                       0x0800455f   Thumb Code   430  mqttkit.o(.text)
    MQTT_PacketSaveData                      0x0800470d   Thumb Code    88  mqttkit.o(.text)
    MQTT_PacketSaveBinData                   0x08004765   Thumb Code   192  mqttkit.o(.text)
    MQTT_UnPacketCmd                         0x08004825   Thumb Code   140  mqttkit.o(.text)
    MQTT_PacketCmdResp                       0x080048b1   Thumb Code   132  mqttkit.o(.text)
    MQTT_PacketSubscribe                     0x08004935   Thumb Code   254  mqttkit.o(.text)
    MQTT_UnPacketSubscribe                   0x08004a33   Thumb Code    52  mqttkit.o(.text)
    MQTT_PacketUnSubscribe                   0x08004a67   Thumb Code   266  mqttkit.o(.text)
    MQTT_UnPacketUnSubscribe                 0x08004b71   Thumb Code    18  mqttkit.o(.text)
    MQTT_UnPacketPublish                     0x08004b83   Thumb Code   440  mqttkit.o(.text)
    MQTT_PacketPublishAck                    0x08004d3b   Thumb Code    72  mqttkit.o(.text)
    MQTT_UnPacketPublishAck                  0x08004d83   Thumb Code    30  mqttkit.o(.text)
    MQTT_PacketPublishRec                    0x08004da1   Thumb Code    72  mqttkit.o(.text)
    MQTT_UnPacketPublishRec                  0x08004de9   Thumb Code    30  mqttkit.o(.text)
    MQTT_PacketPublishRel                    0x08004e07   Thumb Code    72  mqttkit.o(.text)
    MQTT_UnPacketPublishRel                  0x08004e4f   Thumb Code    36  mqttkit.o(.text)
    MQTT_PacketPublishComp                   0x08004e73   Thumb Code    72  mqttkit.o(.text)
    MQTT_UnPacketPublishComp                 0x08004ebb   Thumb Code    30  mqttkit.o(.text)
    MQTT_PacketPing                          0x08004ed9   Thumb Code    48  mqttkit.o(.text)
    OneNet_DevLink                           0x08004f09   Thumb Code   236  onenet.o(.text)
    OneNet_Subscribe                         0x08004ff5   Thumb Code    78  onenet.o(.text)
    OneNet_Publish                           0x08005043   Thumb Code    84  onenet.o(.text)
    OneNet_RevPro                            0x08005097   Thumb Code  1432  onenet.o(.text)
    cJSON_GetErrorPtr                        0x08005631   Thumb Code     6  cjson.o(.text)
    cJSON_InitHooks                          0x080056ab   Thumb Code    48  cjson.o(.text)
    cJSON_Delete                             0x080056f5   Thumb Code    82  cjson.o(.text)
    cJSON_ParseWithOpts                      0x08006261   Thumb Code   152  cjson.o(.text)
    cJSON_Parse                              0x080062f9   Thumb Code    16  cjson.o(.text)
    cJSON_Print                              0x08006a89   Thumb Code    18  cjson.o(.text)
    cJSON_PrintUnformatted                   0x08006a9b   Thumb Code    18  cjson.o(.text)
    cJSON_PrintBuffered                      0x08006aad   Thumb Code    52  cjson.o(.text)
    cJSON_GetArraySize                       0x08006ae1   Thumb Code    18  cjson.o(.text)
    cJSON_GetArrayItem                       0x08006af3   Thumb Code    18  cjson.o(.text)
    cJSON_GetObjectItem                      0x08006b05   Thumb Code    30  cjson.o(.text)
    cJSON_AddItemToArray                     0x08006b59   Thumb Code    42  cjson.o(.text)
    cJSON_AddItemToObject                    0x08006b83   Thumb Code    44  cjson.o(.text)
    cJSON_AddItemToObjectCS                  0x08006baf   Thumb Code    54  cjson.o(.text)
    cJSON_AddItemReferenceToArray            0x08006be5   Thumb Code    24  cjson.o(.text)
    cJSON_AddItemReferenceToObject           0x08006bfd   Thumb Code    32  cjson.o(.text)
    cJSON_DetachItemFromArray                0x08006c1d   Thumb Code    66  cjson.o(.text)
    cJSON_DeleteItemFromArray                0x08006c5f   Thumb Code    22  cjson.o(.text)
    cJSON_DetachItemFromObject               0x08006c75   Thumb Code    50  cjson.o(.text)
    cJSON_DeleteItemFromObject               0x08006ca7   Thumb Code    22  cjson.o(.text)
    cJSON_InsertItemInArray                  0x08006cbd   Thumb Code    64  cjson.o(.text)
    cJSON_ReplaceItemInArray                 0x08006cfd   Thumb Code    76  cjson.o(.text)
    cJSON_ReplaceItemInObject                0x08006d49   Thumb Code    62  cjson.o(.text)
    cJSON_CreateNull                         0x08006d87   Thumb Code    18  cjson.o(.text)
    cJSON_CreateTrue                         0x08006d99   Thumb Code    18  cjson.o(.text)
    cJSON_CreateFalse                        0x08006dab   Thumb Code    18  cjson.o(.text)
    cJSON_CreateBool                         0x08006dbd   Thumb Code    26  cjson.o(.text)
    cJSON_CreateNumber                       0x08006dd7   Thumb Code    36  cjson.o(.text)
    cJSON_CreateString                       0x08006dfb   Thumb Code    28  cjson.o(.text)
    cJSON_CreateArray                        0x08006e17   Thumb Code    18  cjson.o(.text)
    cJSON_CreateObject                       0x08006e29   Thumb Code    18  cjson.o(.text)
    cJSON_CreateIntArray                     0x08006e3b   Thumb Code    68  cjson.o(.text)
    cJSON_CreateFloatArray                   0x08006e7f   Thumb Code    68  cjson.o(.text)
    cJSON_CreateDoubleArray                  0x08006ec3   Thumb Code    68  cjson.o(.text)
    cJSON_CreateStringArray                  0x08006f07   Thumb Code    62  cjson.o(.text)
    cJSON_Duplicate                          0x08006f45   Thumb Code   178  cjson.o(.text)
    cJSON_Minify                             0x08006ff7   Thumb Code   186  cjson.o(.text)
    malloc                                   0x080070b1   Thumb Code    94  h1_alloc.o(.text)
    free                                     0x0800710f   Thumb Code    78  h1_free.o(.text)
    tolower                                  0x0800715d   Thumb Code    26  tolower.o(.text)
    __c89vsnprintf                           0x08007179   Thumb Code    48  c89vsnprintf.o(.text)
    __2sprintf                               0x080071ad   Thumb Code    38  __2sprintf.o(.text)
    _printf_pre_padding                      0x080071d9   Thumb Code    44  _printf_pad.o(.text)
    _printf_post_padding                     0x08007205   Thumb Code    34  _printf_pad.o(.text)
    _printf_str                              0x08007227   Thumb Code    82  _printf_str.o(.text)
    _printf_int_dec                          0x08007279   Thumb Code   104  _printf_dec.o(.text)
    _printf_longlong_hex                     0x080072f1   Thumb Code    86  _printf_hex_int_ll_ptr.o(.text)
    _printf_int_hex                          0x08007347   Thumb Code    28  _printf_hex_int_ll_ptr.o(.text)
    _printf_ll_hex                           0x08007363   Thumb Code    12  _printf_hex_int_ll_ptr.o(.text)
    _printf_hex_ptr                          0x0800736f   Thumb Code    18  _printf_hex_int_ll_ptr.o(.text)
    __printf                                 0x08007385   Thumb Code   388  __printf_flags_ss_wp.o(.text)
    atoi                                     0x0800750d   Thumb Code    26  atoi.o(.text)
    srand                                    0x08007529   Thumb Code    42  rand.o(.text)
    _rand_init                               0x08007553   Thumb Code     4  rand.o(.text)
    strchr                                   0x08007565   Thumb Code    20  strchr.o(.text)
    strncat                                  0x08007579   Thumb Code    36  strncat.o(.text)
    strstr                                   0x0800759d   Thumb Code    36  strstr.o(.text)
    strcpy                                   0x080075c1   Thumb Code    72  strcpy.o(.text)
    strlen                                   0x08007609   Thumb Code    62  strlen.o(.text)
    strncmp                                  0x08007647   Thumb Code   150  strncmp.o(.text)
    __aeabi_memcpy                           0x080076dd   Thumb Code     0  rt_memcpy_v6.o(.text)
    __rt_memcpy                              0x080076dd   Thumb Code   138  rt_memcpy_v6.o(.text)
    _memcpy_lastbytes                        0x08007743   Thumb Code     0  rt_memcpy_v6.o(.text)
    __aeabi_memcpy4                          0x08007767   Thumb Code     0  rt_memcpy_w.o(.text)
    __aeabi_memcpy8                          0x08007767   Thumb Code     0  rt_memcpy_w.o(.text)
    __rt_memcpy_w                            0x08007767   Thumb Code   100  rt_memcpy_w.o(.text)
    _memcpy_lastbytes_aligned                0x080077af   Thumb Code     0  rt_memcpy_w.o(.text)
    __aeabi_memclr                           0x080077cb   Thumb Code     0  rt_memclr.o(.text)
    __rt_memclr                              0x080077cb   Thumb Code    68  rt_memclr.o(.text)
    _memset                                  0x080077cf   Thumb Code     0  rt_memclr.o(.text)
    __aeabi_memclr4                          0x0800780f   Thumb Code     0  rt_memclr_w.o(.text)
    __aeabi_memclr8                          0x0800780f   Thumb Code     0  rt_memclr_w.o(.text)
    __rt_memclr_w                            0x0800780f   Thumb Code    78  rt_memclr_w.o(.text)
    _memset_w                                0x08007813   Thumb Code     0  rt_memclr_w.o(.text)
    __use_two_region_memory                  0x0800785d   Thumb Code     2  heapauxi.o(.text)
    __rt_heap_escrow                         0x0800785f   Thumb Code     2  heapauxi.o(.text)
    __rt_heap_expand                         0x08007861   Thumb Code     2  heapauxi.o(.text)
    __rt_ctype_table                         0x08007865   Thumb Code    16  rt_ctype_table.o(.text)
    __rt_heap_descriptor                     0x08007875   Thumb Code     8  rt_heap_descriptor_intlibspace.o(.text)
    __aeabi_errno_addr                       0x0800787d   Thumb Code     8  rt_errno_addr_intlibspace.o(.text)
    __errno$intlibspace                      0x0800787d   Thumb Code     0  rt_errno_addr_intlibspace.o(.text)
    __rt_errno_addr$intlibspace              0x0800787d   Thumb Code     0  rt_errno_addr_intlibspace.o(.text)
    __use_no_heap                            0x08007885   Thumb Code     2  hguard.o(.text)
    __heap$guard                             0x08007887   Thumb Code     2  hguard.o(.text)
    _terminate_user_alloc                    0x08007889   Thumb Code     2  init_alloc.o(.text)
    _init_user_alloc                         0x0800788b   Thumb Code     2  init_alloc.o(.text)
    __Heap_Full                              0x0800788d   Thumb Code    34  init_alloc.o(.text)
    __Heap_Broken                            0x080078af   Thumb Code     6  init_alloc.o(.text)
    _init_alloc                              0x080078b5   Thumb Code    94  init_alloc.o(.text)
    __Heap_Initialize                        0x08007913   Thumb Code    10  h1_init.o(.text)
    __Heap_DescSize                          0x0800791d   Thumb Code     4  h1_init.o(.text)
    __read_errno                             0x08007921   Thumb Code    10  _rserrno.o(.text)
    __set_errno                              0x0800792b   Thumb Code    12  _rserrno.o(.text)
    _printf_truncate_signed                  0x08007937   Thumb Code    18  _printf_truncate.o(.text)
    _printf_truncate_unsigned                0x08007949   Thumb Code    18  _printf_truncate.o(.text)
    _printf_int_common                       0x0800795b   Thumb Code   178  _printf_intcommon.o(.text)
    _printf_charcount                        0x08007a0d   Thumb Code    40  _printf_charcount.o(.text)
    __lib_sel_fp_printf                      0x08007a35   Thumb Code     2  _printf_fp_dec.o(.text)
    _printf_fp_dec_real                      0x08007be7   Thumb Code   620  _printf_fp_dec.o(.text)
    _printf_char_common                      0x08007e5f   Thumb Code    32  _printf_char_common.o(.text)
    _sputc                                   0x08007e85   Thumb Code    10  _sputc.o(.text)
    _snputc                                  0x08007e8f   Thumb Code    16  _snputc.o(.text)
    _printf_cs_common                        0x08007e9f   Thumb Code    20  _printf_char.o(.text)
    _printf_char                             0x08007eb3   Thumb Code    16  _printf_char.o(.text)
    _printf_string                           0x08007ec3   Thumb Code     8  _printf_char.o(.text)
    _printf_wctomb                           0x08007ecd   Thumb Code   182  _printf_wctomb.o(.text)
    _printf_longlong_dec                     0x08007f89   Thumb Code   108  _printf_longlong_dec.o(.text)
    _printf_longlong_oct                     0x08008005   Thumb Code    66  _printf_oct_int_ll.o(.text)
    _printf_int_oct                          0x08008047   Thumb Code    24  _printf_oct_int_ll.o(.text)
    _printf_ll_oct                           0x0800805f   Thumb Code    12  _printf_oct_int_ll.o(.text)
    strtol                                   0x08008075   Thumb Code   112  strtol.o(.text)
    __user_libspace                          0x080080e5   Thumb Code     8  libspace.o(.text)
    __user_perproc_libspace                  0x080080e5   Thumb Code     0  libspace.o(.text)
    __user_perthread_libspace                0x080080e5   Thumb Code     0  libspace.o(.text)
    __rt_locale                              0x080080ed   Thumb Code     8  rt_locale_intlibspace.o(.text)
    __Heap_ProvideMemory                     0x080080f5   Thumb Code    52  h1_extend.o(.text)
    _ll_udiv10                               0x08008129   Thumb Code   138  lludiv10.o(.text)
    _printf_fp_infnan                        0x080081b5   Thumb Code   112  _printf_fp_infnan.o(.text)
    _printf_lcs_common                       0x08008235   Thumb Code    20  _printf_wchar.o(.text)
    _printf_wchar                            0x08008249   Thumb Code    16  _printf_wchar.o(.text)
    _printf_wstring                          0x08008259   Thumb Code     8  _printf_wchar.o(.text)
    _strtoul                                 0x08008261   Thumb Code   158  _strtoul.o(.text)
    _btod_etento                             0x08008301   Thumb Code   224  bigflt0.o(.text)
    _wcrtomb                                 0x080083e5   Thumb Code    64  _wcrtomb.o(.text)
    __rt_SIGRTMEM                            0x08008425   Thumb Code    14  defsig_rtmem_outer.o(.text)
    __I$use$semihosting                      0x08008433   Thumb Code     0  use_no_semi.o(.text)
    __use_no_semihosting_swi                 0x08008433   Thumb Code     2  use_no_semi.o(.text)
    __semihosting_library_function           0x08008435   Thumb Code     0  indicate_semi.o(.text)
    __user_setup_stackheap                   0x08008435   Thumb Code    74  sys_stackheap_outer.o(.text)
    _chval                                   0x0800847f   Thumb Code    28  _chval.o(.text)
    exit                                     0x0800849b   Thumb Code    18  exit.o(.text)
    __sig_exit                               0x080084ad   Thumb Code    10  defsig_exit.o(.text)
    __rt_SIGRTMEM_inner                      0x080084b9   Thumb Code    22  defsig_rtmem_inner.o(.text)
    strcmp                                   0x08008509   Thumb Code   128  strcmpv7m.o(.text)
    _sys_exit                                0x08008589   Thumb Code     8  sys_exit.o(.text)
    __default_signal_display                 0x08008595   Thumb Code    50  defsig_general.o(.text)
    _ttywrch                                 0x080085c7   Thumb Code    14  sys_wrch.o(.text)
    _btod_d2e                                0x080085d5   Thumb Code    62  btod.o(CL$$btod_d2e)
    _d2e_denorm_low                          0x08008613   Thumb Code    70  btod.o(CL$$btod_d2e_denorm_low)
    _d2e_norm_op1                            0x08008659   Thumb Code    96  btod.o(CL$$btod_d2e_norm_op1)
    __btod_div_common                        0x080086b9   Thumb Code   696  btod.o(CL$$btod_div_common)
    _e2e                                     0x080089f1   Thumb Code   220  btod.o(CL$$btod_e2e)
    _btod_ediv                               0x08008acd   Thumb Code    42  btod.o(CL$$btod_ediv)
    _btod_emul                               0x08008af7   Thumb Code    42  btod.o(CL$$btod_emul)
    __btod_mult_common                       0x08008b21   Thumb Code   580  btod.o(CL$$btod_mult_common)
    __ARM_fpclassify                         0x08008d65   Thumb Code    40  fpclassify.o(i.__ARM_fpclassify)
    __kernel_poly                            0x08008d8d   Thumb Code   170  poly.o(i.__kernel_poly)
    __mathlib_dbl_divzero                    0x08008e39   Thumb Code    12  dunder.o(i.__mathlib_dbl_divzero)
    __mathlib_dbl_infnan2                    0x08008e49   Thumb Code     4  dunder.o(i.__mathlib_dbl_infnan2)
    __mathlib_dbl_invalid                    0x08008e4d   Thumb Code    12  dunder.o(i.__mathlib_dbl_invalid)
    __mathlib_dbl_overflow                   0x08008e59   Thumb Code    14  dunder.o(i.__mathlib_dbl_overflow)
    __mathlib_dbl_underflow                  0x08008e69   Thumb Code    10  dunder.o(i.__mathlib_dbl_underflow)
    _is_digit                                0x08008e79   Thumb Code    14  __printf_wp.o(i._is_digit)
    floor                                    0x08008e89   Thumb Code   204  floor.o(i.floor)
    pow                                      0x08008f65   Thumb Code  2512  pow.o(i.pow)
    sqrt                                     0x0800993d   Thumb Code    76  sqrt.o(i.sqrt)
    _get_lc_ctype                            0x08009989   Thumb Code    44  lc_ctype_c.o(locale$$code)
    _get_lc_numeric                          0x080099b5   Thumb Code    44  lc_numeric_c.o(locale$$code)
    __aeabi_dadd                             0x080099e1   Thumb Code     0  daddsub_clz.o(x$fpl$dadd)
    _dadd                                    0x080099e1   Thumb Code   332  daddsub_clz.o(x$fpl$dadd)
    __fpl_dcheck_NaN1                        0x08009b31   Thumb Code    10  dcheck1.o(x$fpl$dcheck1)
    __fpl_dcmp_Inf                           0x08009b41   Thumb Code    24  dcmpi.o(x$fpl$dcmpinf)
    __aeabi_ddiv                             0x08009b59   Thumb Code     0  ddiv.o(x$fpl$ddiv)
    _ddiv                                    0x08009b59   Thumb Code   552  ddiv.o(x$fpl$ddiv)
    __aeabi_cdcmpeq                          0x08009e09   Thumb Code     0  deqf.o(x$fpl$deqf)
    _dcmpeq                                  0x08009e09   Thumb Code   120  deqf.o(x$fpl$deqf)
    __aeabi_d2iz                             0x08009e81   Thumb Code     0  dfix.o(x$fpl$dfix)
    _dfix                                    0x08009e81   Thumb Code    94  dfix.o(x$fpl$dfix)
    __aeabi_i2d                              0x08009edf   Thumb Code     0  dflt_clz.o(x$fpl$dflt)
    _dflt                                    0x08009edf   Thumb Code    46  dflt_clz.o(x$fpl$dflt)
    __aeabi_cdcmple                          0x08009f0d   Thumb Code     0  dleqf.o(x$fpl$dleqf)
    _dcmple                                  0x08009f0d   Thumb Code   120  dleqf.o(x$fpl$dleqf)
    __fpl_dcmple_InfNaN                      0x08009f6f   Thumb Code     0  dleqf.o(x$fpl$dleqf)
    __aeabi_dmul                             0x08009f85   Thumb Code     0  dmul.o(x$fpl$dmul)
    _dmul                                    0x08009f85   Thumb Code   332  dmul.o(x$fpl$dmul)
    __fpl_dnaninf                            0x0800a0d9   Thumb Code   156  dnaninf.o(x$fpl$dnaninf)
    __fpl_dretinf                            0x0800a175   Thumb Code    12  dretinf.o(x$fpl$dretinf)
    __aeabi_cdrcmple                         0x0800a181   Thumb Code     0  drleqf.o(x$fpl$drleqf)
    _drcmple                                 0x0800a181   Thumb Code   108  drleqf.o(x$fpl$drleqf)
    __aeabi_drsub                            0x0800a1ed   Thumb Code     0  daddsub_clz.o(x$fpl$drsb)
    _drsb                                    0x0800a1ed   Thumb Code    22  daddsub_clz.o(x$fpl$drsb)
    _dsqrt                                   0x0800a205   Thumb Code   456  dsqrt_noumaal.o(x$fpl$dsqrt)
    __aeabi_dsub                             0x0800a3d1   Thumb Code     0  daddsub_clz.o(x$fpl$dsub)
    _dsub                                    0x0800a3d1   Thumb Code   464  daddsub_clz.o(x$fpl$dsub)
    __aeabi_f2d                              0x0800a5a5   Thumb Code     0  f2d.o(x$fpl$f2d)
    _f2d                                     0x0800a5a5   Thumb Code    86  f2d.o(x$fpl$f2d)
    __fpl_fcmp_Inf                           0x0800a5fb   Thumb Code    24  fcmpi.o(x$fpl$fcmpinf)
    __aeabi_fdiv                             0x0800a615   Thumb Code     0  fdiv.o(x$fpl$fdiv)
    _fdiv                                    0x0800a615   Thumb Code   384  fdiv.o(x$fpl$fdiv)
    __aeabi_ui2f                             0x0800a799   Thumb Code     0  fflt_clz.o(x$fpl$ffltu)
    _ffltu                                   0x0800a799   Thumb Code    38  fflt_clz.o(x$fpl$ffltu)
    __aeabi_cfcmple                          0x0800a7c1   Thumb Code     0  fleqf.o(x$fpl$fleqf)
    _fcmple                                  0x0800a7c1   Thumb Code   104  fleqf.o(x$fpl$fleqf)
    __fpl_fcmple_InfNaN                      0x0800a813   Thumb Code     0  fleqf.o(x$fpl$fleqf)
    __aeabi_fmul                             0x0800a829   Thumb Code     0  fmul.o(x$fpl$fmul)
    _fmul                                    0x0800a829   Thumb Code   258  fmul.o(x$fpl$fmul)
    __fpl_fnaninf                            0x0800a92b   Thumb Code   140  fnaninf.o(x$fpl$fnaninf)
    __fpl_fretinf                            0x0800a9b7   Thumb Code    10  fretinf.o(x$fpl$fretinf)
    _printf_fp_dec                           0x0800a9c1   Thumb Code     4  printf1.o(x$fpl$printf1)
    __fpl_return_NaN                         0x0800a9c5   Thumb Code   100  retnan.o(x$fpl$retnan)
    __ARM_scalbn                             0x0800aa29   Thumb Code    92  scalbn.o(x$fpl$scalbn)
    __fpl_cmpreturn                          0x0800aa85   Thumb Code    48  trapv.o(x$fpl$trapveneer)
    __I$use$fp                               0x0800aab4   Number         0  usenofp.o(x$fpl$usenofp)
    devPubTopic                              0x0800aab4   Data          14  main.o(.constdata)
    asc2_0806                                0x0800aac2   Data         552  oled.o(.constdata)
    asc2_1206                                0x0800acea   Data        1140  oled.o(.constdata)
    asc2_1608                                0x0800b15e   Data        1520  oled.o(.constdata)
    asc2_2412                                0x0800b74e   Data        3420  oled.o(.constdata)
    Hzk1                                     0x0800c4aa   Data         928  oled.o(.constdata)
    Hzk2                                     0x0800c84a   Data          72  oled.o(.constdata)
    Hzk3                                     0x0800c892   Data         128  oled.o(.constdata)
    Hzk4                                     0x0800c912   Data         512  oled.o(.constdata)
    __mathlib_zero                           0x0800cbe8   Data           8  qnan.o(.constdata)
    Region$$Table$$Base                      0x0800cce8   Number         0  anon$$obj.o(Region$$Table)
    Region$$Table$$Limit                     0x0800cd08   Number         0  anon$$obj.o(Region$$Table)
    __ctype                                  0x0800cd15   Data           0  lc_ctype_c.o(locale$$data)
    alarmFlag                                0x20000000   Data           1  main.o(.data)
    alarm_is_free                            0x20000001   Data           1  main.o(.data)
    LightFlag                                0x20000002   Data           1  main.o(.data)
    Light_is_free                            0x20000003   Data           1  main.o(.data)
    humidityH                                0x20000004   Data           1  main.o(.data)
    humidityL                                0x20000005   Data           1  main.o(.data)
    temperatureH                             0x20000006   Data           1  main.o(.data)
    temperatureL                             0x20000007   Data           1  main.o(.data)
    Light                                    0x20000008   Data           4  main.o(.data)
    Led_Status                               0x2000000c   Data           1  main.o(.data)
    devSubTopic                              0x20000010   Data           4  main.o(.data)
    ESP8266_INIT_OK                          0x20000014   Data           1  main.o(.data)
    SystemCoreClock                          0x20000018   Data           4  system_stm32f10x.o(.data)
    AHBPrescTable                            0x2000001c   Data          16  system_stm32f10x.o(.data)
    esp8266_cnt                              0x20000046   Data           2  esp8266.o(.data)
    esp8266_cntPre                           0x20000048   Data           2  esp8266.o(.data)
    PUB_BUF                                  0x20000058   Data         256  main.o(.bss)
    OLED_GRAM                                0x20000158   Data        1152  oled.o(.bss)
    oledBuf                                  0x20000618   Data          20  timer.o(.bss)
    esp8266_buf                              0x2000062c   Data        1024  esp8266.o(.bss)
    _random_number_data                      0x20000a2c   Data         228  rand.o(.bss)
    __libspace_start                         0x20000b10   Data          96  libspace.o(.bss)
    __temporary_stack_top$libspace           0x20000b70   Data           0  libspace.o(.bss)



==============================================================================

Memory Map of the image

  Image Entry point : 0x080000ed

  Load Region LR_IROM1 (Base: 0x08000000, Size: 0x0000ce8c, Max: 0x00010000, ABSOLUTE)

    Execution Region ER_IROM1 (Exec base: 0x08000000, Load base: 0x08000000, Size: 0x0000ce34, Max: 0x00010000, ABSOLUTE)

    Exec Addr    Load Addr    Size         Type   Attr      Idx    E Section Name        Object

    0x08000000   0x08000000   0x000000ec   Data   RO          388    RESET               startup_stm32f10x_md.o
    0x080000ec   0x080000ec   0x00000008   Code   RO          727  * !!!main             c_w.l(__main.o)
    0x080000f4   0x080000f4   0x00000034   Code   RO         1148    !!!scatter          c_w.l(__scatter.o)
    0x08000128   0x08000128   0x0000001a   Code   RO         1150    !!handler_copy      c_w.l(__scatter_copy.o)
    0x08000142   0x08000142   0x00000002   PAD
    0x08000144   0x08000144   0x0000001c   Code   RO         1152    !!handler_zi        c_w.l(__scatter_zi.o)
    0x08000160   0x08000160   0x00000000   Code   RO          697    .ARM.Collect$$_printf_percent$$00000000  c_w.l(_printf_percent.o)
    0x08000160   0x08000160   0x00000006   Code   RO          850    .ARM.Collect$$_printf_percent$$00000001  c_w.l(_printf_n.o)
    0x08000166   0x08000166   0x00000006   Code   RO          851    .ARM.Collect$$_printf_percent$$00000002  c_w.l(_printf_p.o)
    0x0800016c   0x0800016c   0x00000006   Code   RO          695    .ARM.Collect$$_printf_percent$$00000003  c_w.l(_printf_f.o)
    0x08000172   0x08000172   0x00000006   Code   RO          696    .ARM.Collect$$_printf_percent$$00000004  c_w.l(_printf_e.o)
    0x08000178   0x08000178   0x00000006   Code   RO          855    .ARM.Collect$$_printf_percent$$00000005  c_w.l(_printf_g.o)
    0x0800017e   0x0800017e   0x00000006   Code   RO          856    .ARM.Collect$$_printf_percent$$00000006  c_w.l(_printf_a.o)
    0x08000184   0x08000184   0x0000000a   Code   RO          861    .ARM.Collect$$_printf_percent$$00000007  c_w.l(_printf_ll.o)
    0x0800018e   0x0800018e   0x00000006   Code   RO          853    .ARM.Collect$$_printf_percent$$00000008  c_w.l(_printf_i.o)
    0x08000194   0x08000194   0x00000006   Code   RO          694    .ARM.Collect$$_printf_percent$$00000009  c_w.l(_printf_d.o)
    0x0800019a   0x0800019a   0x00000006   Code   RO          854    .ARM.Collect$$_printf_percent$$0000000A  c_w.l(_printf_u.o)
    0x080001a0   0x080001a0   0x00000006   Code   RO          852    .ARM.Collect$$_printf_percent$$0000000B  c_w.l(_printf_o.o)
    0x080001a6   0x080001a6   0x00000006   Code   RO          693    .ARM.Collect$$_printf_percent$$0000000C  c_w.l(_printf_x.o)
    0x080001ac   0x080001ac   0x00000006   Code   RO          858    .ARM.Collect$$_printf_percent$$0000000D  c_w.l(_printf_lli.o)
    0x080001b2   0x080001b2   0x00000006   Code   RO          859    .ARM.Collect$$_printf_percent$$0000000E  c_w.l(_printf_lld.o)
    0x080001b8   0x080001b8   0x00000006   Code   RO          860    .ARM.Collect$$_printf_percent$$0000000F  c_w.l(_printf_llu.o)
    0x080001be   0x080001be   0x00000006   Code   RO          865    .ARM.Collect$$_printf_percent$$00000010  c_w.l(_printf_llo.o)
    0x080001c4   0x080001c4   0x00000006   Code   RO          866    .ARM.Collect$$_printf_percent$$00000011  c_w.l(_printf_llx.o)
    0x080001ca   0x080001ca   0x0000000a   Code   RO          862    .ARM.Collect$$_printf_percent$$00000012  c_w.l(_printf_l.o)
    0x080001d4   0x080001d4   0x00000006   Code   RO          849    .ARM.Collect$$_printf_percent$$00000013  c_w.l(_printf_c.o)
    0x080001da   0x080001da   0x00000006   Code   RO          692    .ARM.Collect$$_printf_percent$$00000014  c_w.l(_printf_s.o)
    0x080001e0   0x080001e0   0x00000006   Code   RO          863    .ARM.Collect$$_printf_percent$$00000015  c_w.l(_printf_lc.o)
    0x080001e6   0x080001e6   0x00000006   Code   RO          864    .ARM.Collect$$_printf_percent$$00000016  c_w.l(_printf_ls.o)
    0x080001ec   0x080001ec   0x00000004   Code   RO          857    .ARM.Collect$$_printf_percent$$00000017  c_w.l(_printf_percent_end.o)
    0x080001f0   0x080001f0   0x00000002   Code   RO         1083    .ARM.Collect$$libinit$$00000000  c_w.l(libinit.o)
    0x080001f2   0x080001f2   0x00000000   Code   RO          872    .ARM.Collect$$libinit$$00000002  c_w.l(libinit2.o)
    0x080001f2   0x080001f2   0x00000000   Code   RO          874    .ARM.Collect$$libinit$$00000004  c_w.l(libinit2.o)
    0x080001f2   0x080001f2   0x00000008   Code   RO          875    .ARM.Collect$$libinit$$00000005  c_w.l(libinit2.o)
    0x080001fa   0x080001fa   0x00000000   Code   RO          877    .ARM.Collect$$libinit$$0000000A  c_w.l(libinit2.o)
    0x080001fa   0x080001fa   0x00000000   Code   RO          879    .ARM.Collect$$libinit$$0000000C  c_w.l(libinit2.o)
    0x080001fa   0x080001fa   0x00000004   Code   RO          880    .ARM.Collect$$libinit$$0000000D  c_w.l(libinit2.o)
    0x080001fe   0x080001fe   0x00000000   Code   RO          881    .ARM.Collect$$libinit$$0000000E  c_w.l(libinit2.o)
    0x080001fe   0x080001fe   0x00000006   Code   RO          882    .ARM.Collect$$libinit$$0000000F  c_w.l(libinit2.o)
    0x08000204   0x08000204   0x00000000   Code   RO          884    .ARM.Collect$$libinit$$00000011  c_w.l(libinit2.o)
    0x08000204   0x08000204   0x0000000c   Code   RO          885    .ARM.Collect$$libinit$$00000012  c_w.l(libinit2.o)
    0x08000210   0x08000210   0x00000000   Code   RO          886    .ARM.Collect$$libinit$$00000013  c_w.l(libinit2.o)
    0x08000210   0x08000210   0x00000000   Code   RO          888    .ARM.Collect$$libinit$$00000015  c_w.l(libinit2.o)
    0x08000210   0x08000210   0x0000000a   Code   RO          889    .ARM.Collect$$libinit$$00000016  c_w.l(libinit2.o)
    0x0800021a   0x0800021a   0x00000000   Code   RO          890    .ARM.Collect$$libinit$$00000017  c_w.l(libinit2.o)
    0x0800021a   0x0800021a   0x00000000   Code   RO          892    .ARM.Collect$$libinit$$00000019  c_w.l(libinit2.o)
    0x0800021a   0x0800021a   0x00000000   Code   RO          894    .ARM.Collect$$libinit$$0000001B  c_w.l(libinit2.o)
    0x0800021a   0x0800021a   0x00000000   Code   RO          896    .ARM.Collect$$libinit$$0000001D  c_w.l(libinit2.o)
    0x0800021a   0x0800021a   0x00000000   Code   RO          898    .ARM.Collect$$libinit$$0000001F  c_w.l(libinit2.o)
    0x0800021a   0x0800021a   0x00000000   Code   RO          900    .ARM.Collect$$libinit$$00000021  c_w.l(libinit2.o)
    0x0800021a   0x0800021a   0x00000000   Code   RO          902    .ARM.Collect$$libinit$$00000023  c_w.l(libinit2.o)
    0x0800021a   0x0800021a   0x00000000   Code   RO          904    .ARM.Collect$$libinit$$00000025  c_w.l(libinit2.o)
    0x0800021a   0x0800021a   0x00000000   Code   RO          908    .ARM.Collect$$libinit$$0000002C  c_w.l(libinit2.o)
    0x0800021a   0x0800021a   0x00000000   Code   RO          910    .ARM.Collect$$libinit$$0000002E  c_w.l(libinit2.o)
    0x0800021a   0x0800021a   0x00000000   Code   RO          912    .ARM.Collect$$libinit$$00000030  c_w.l(libinit2.o)
    0x0800021a   0x0800021a   0x00000000   Code   RO          914    .ARM.Collect$$libinit$$00000032  c_w.l(libinit2.o)
    0x0800021a   0x0800021a   0x00000002   Code   RO          915    .ARM.Collect$$libinit$$00000033  c_w.l(libinit2.o)
    0x0800021c   0x0800021c   0x00000002   Code   RO         1145    .ARM.Collect$$libshutdown$$00000000  c_w.l(libshutdown.o)
    0x0800021e   0x0800021e   0x00000000   Code   RO         1099    .ARM.Collect$$libshutdown$$00000002  c_w.l(libshutdown2.o)
    0x0800021e   0x0800021e   0x00000000   Code   RO         1101    .ARM.Collect$$libshutdown$$00000004  c_w.l(libshutdown2.o)
    0x0800021e   0x0800021e   0x00000000   Code   RO         1104    .ARM.Collect$$libshutdown$$00000007  c_w.l(libshutdown2.o)
    0x0800021e   0x0800021e   0x00000000   Code   RO         1107    .ARM.Collect$$libshutdown$$0000000A  c_w.l(libshutdown2.o)
    0x0800021e   0x0800021e   0x00000000   Code   RO         1109    .ARM.Collect$$libshutdown$$0000000C  c_w.l(libshutdown2.o)
    0x0800021e   0x0800021e   0x00000000   Code   RO         1112    .ARM.Collect$$libshutdown$$0000000F  c_w.l(libshutdown2.o)
    0x0800021e   0x0800021e   0x00000002   Code   RO         1113    .ARM.Collect$$libshutdown$$00000010  c_w.l(libshutdown2.o)
    0x08000220   0x08000220   0x00000000   Code   RO          787    .ARM.Collect$$rtentry$$00000000  c_w.l(__rtentry.o)
    0x08000220   0x08000220   0x00000000   Code   RO          968    .ARM.Collect$$rtentry$$00000002  c_w.l(__rtentry2.o)
    0x08000220   0x08000220   0x00000006   Code   RO          980    .ARM.Collect$$rtentry$$00000004  c_w.l(__rtentry4.o)
    0x08000226   0x08000226   0x00000000   Code   RO          970    .ARM.Collect$$rtentry$$00000009  c_w.l(__rtentry2.o)
    0x08000226   0x08000226   0x00000004   Code   RO          971    .ARM.Collect$$rtentry$$0000000A  c_w.l(__rtentry2.o)
    0x0800022a   0x0800022a   0x00000000   Code   RO          973    .ARM.Collect$$rtentry$$0000000C  c_w.l(__rtentry2.o)
    0x0800022a   0x0800022a   0x00000008   Code   RO          974    .ARM.Collect$$rtentry$$0000000D  c_w.l(__rtentry2.o)
    0x08000232   0x08000232   0x00000002   Code   RO         1088    .ARM.Collect$$rtexit$$00000000  c_w.l(rtexit.o)
    0x08000234   0x08000234   0x00000000   Code   RO         1119    .ARM.Collect$$rtexit$$00000002  c_w.l(rtexit2.o)
    0x08000234   0x08000234   0x00000004   Code   RO         1120    .ARM.Collect$$rtexit$$00000003  c_w.l(rtexit2.o)
    0x08000238   0x08000238   0x00000006   Code   RO         1121    .ARM.Collect$$rtexit$$00000004  c_w.l(rtexit2.o)
    0x0800023e   0x0800023e   0x00000002   PAD
    0x08000240   0x08000240   0x00000034   Code   RO          700    .emb_text           c_w.l(rand.o)
    0x08000274   0x08000274   0x00000000   Code   RO          989    .emb_text           c_w.l(maybetermalloc1.o)
    0x08000274   0x08000274   0x000005a8   Code   RO            1    .text               main.o
    0x0800081c   0x0800081c   0x0000001a   Code   RO          154    .text               stm32f10x_it.o
    0x08000836   0x08000836   0x00000002   PAD
    0x08000838   0x08000838   0x000001e0   Code   RO          195    .text               system_stm32f10x.o
    0x08000a18   0x08000a18   0x00000050   Code   RO          213    .text               led.o
    0x08000a68   0x08000a68   0x00000034   Code   RO          225    .text               beep.o
    0x08000a9c   0x08000a9c   0x00000278   Code   RO          237    .text               bh1750.o
    0x08000d14   0x08000d14   0x000001b8   Code   RO          249    .text               dht11.o
    0x08000ecc   0x08000ecc   0x00000b94   Code   RO          261    .text               oled.o
    0x08001a60   0x08001a60   0x0000009c   Code   RO          281    .text               key.o
    0x08001afc   0x08001afc   0x000000d4   Code   RO          294    .text               delay.o
    0x08001bd0   0x08001bd0   0x0000024c   Code   RO          325    .text               usart.o
    0x08001e1c   0x08001e1c   0x0000021c   Code   RO          347    .text               timer.o
    0x08002038   0x08002038   0x00000100   Code   RO          363    .text               exti.o
    0x08002138   0x08002138   0x00000040   Code   RO          389    .text               startup_stm32f10x_md.o
    0x08002178   0x08002178   0x0000035c   Code   RO          393    .text               stm32f10x_gpio.o
    0x080024d4   0x080024d4   0x000003a4   Code   RO          405    .text               stm32f10x_rcc.o
    0x08002878   0x08002878   0x00000408   Code   RO          419    .text               stm32f10x_usart.o
    0x08002c80   0x08002c80   0x000000dc   Code   RO          431    .text               misc.o
    0x08002d5c   0x08002d5c   0x00000e1a   Code   RO          443    .text               stm32f10x_tim.o
    0x08003b76   0x08003b76   0x00000002   PAD
    0x08003b78   0x08003b78   0x0000011c   Code   RO          455    .text               stm32f10x_exti.o
    0x08003c94   0x08003c94   0x00000490   Code   RO          467    .text               esp8266.o
    0x08004124   0x08004124   0x00000de4   Code   RO          488    .text               mqttkit.o
    0x08004f08   0x08004f08   0x00000726   Code   RO          516    .text               onenet.o
    0x0800562e   0x0800562e   0x00000002   PAD
    0x08005630   0x08005630   0x00001a80   Code   RO          536    .text               cjson.o
    0x080070b0   0x080070b0   0x0000005e   Code   RO          577    .text               c_w.l(h1_alloc.o)
    0x0800710e   0x0800710e   0x0000004e   Code   RO          579    .text               c_w.l(h1_free.o)
    0x0800715c   0x0800715c   0x0000001a   Code   RO          635    .text               c_w.l(tolower.o)
    0x08007176   0x08007176   0x00000002   PAD
    0x08007178   0x08007178   0x00000034   Code   RO          637    .text               c_w.l(c89vsnprintf.o)
    0x080071ac   0x080071ac   0x0000002c   Code   RO          639    .text               c_w.l(__2sprintf.o)
    0x080071d8   0x080071d8   0x0000004e   Code   RO          645    .text               c_w.l(_printf_pad.o)
    0x08007226   0x08007226   0x00000052   Code   RO          647    .text               c_w.l(_printf_str.o)
    0x08007278   0x08007278   0x00000078   Code   RO          649    .text               c_w.l(_printf_dec.o)
    0x080072f0   0x080072f0   0x00000094   Code   RO          669    .text               c_w.l(_printf_hex_int_ll_ptr.o)
    0x08007384   0x08007384   0x00000188   Code   RO          689    .text               c_w.l(__printf_flags_ss_wp.o)
    0x0800750c   0x0800750c   0x0000001a   Code   RO          698    .text               c_w.l(atoi.o)
    0x08007526   0x08007526   0x00000002   PAD
    0x08007528   0x08007528   0x0000003c   Code   RO          701    .text               c_w.l(rand.o)
    0x08007564   0x08007564   0x00000014   Code   RO          705    .text               c_w.l(strchr.o)
    0x08007578   0x08007578   0x00000024   Code   RO          707    .text               c_w.l(strncat.o)
    0x0800759c   0x0800759c   0x00000024   Code   RO          709    .text               c_w.l(strstr.o)
    0x080075c0   0x080075c0   0x00000048   Code   RO          711    .text               c_w.l(strcpy.o)
    0x08007608   0x08007608   0x0000003e   Code   RO          713    .text               c_w.l(strlen.o)
    0x08007646   0x08007646   0x00000096   Code   RO          715    .text               c_w.l(strncmp.o)
    0x080076dc   0x080076dc   0x0000008a   Code   RO          717    .text               c_w.l(rt_memcpy_v6.o)
    0x08007766   0x08007766   0x00000064   Code   RO          719    .text               c_w.l(rt_memcpy_w.o)
    0x080077ca   0x080077ca   0x00000044   Code   RO          721    .text               c_w.l(rt_memclr.o)
    0x0800780e   0x0800780e   0x0000004e   Code   RO          723    .text               c_w.l(rt_memclr_w.o)
    0x0800785c   0x0800785c   0x00000006   Code   RO          725    .text               c_w.l(heapauxi.o)
    0x08007862   0x08007862   0x00000002   PAD
    0x08007864   0x08007864   0x00000010   Code   RO          788    .text               c_w.l(rt_ctype_table.o)
    0x08007874   0x08007874   0x00000008   Code   RO          793    .text               c_w.l(rt_heap_descriptor_intlibspace.o)
    0x0800787c   0x0800787c   0x00000008   Code   RO          798    .text               c_w.l(rt_errno_addr_intlibspace.o)
    0x08007884   0x08007884   0x00000004   Code   RO          800    .text               c_w.l(hguard.o)
    0x08007888   0x08007888   0x0000008a   Code   RO          802    .text               c_w.l(init_alloc.o)
    0x08007912   0x08007912   0x0000000e   Code   RO          806    .text               c_w.l(h1_init.o)
    0x08007920   0x08007920   0x00000016   Code   RO          820    .text               c_w.l(_rserrno.o)
    0x08007936   0x08007936   0x00000024   Code   RO          822    .text               c_w.l(_printf_truncate.o)
    0x0800795a   0x0800795a   0x000000b2   Code   RO          824    .text               c_w.l(_printf_intcommon.o)
    0x08007a0c   0x08007a0c   0x00000028   Code   RO          826    .text               c_w.l(_printf_charcount.o)
    0x08007a34   0x08007a34   0x0000041e   Code   RO          828    .text               c_w.l(_printf_fp_dec.o)
    0x08007e52   0x08007e52   0x00000002   PAD
    0x08007e54   0x08007e54   0x00000030   Code   RO          830    .text               c_w.l(_printf_char_common.o)
    0x08007e84   0x08007e84   0x0000000a   Code   RO          832    .text               c_w.l(_sputc.o)
    0x08007e8e   0x08007e8e   0x00000010   Code   RO          834    .text               c_w.l(_snputc.o)
    0x08007e9e   0x08007e9e   0x0000002c   Code   RO          836    .text               c_w.l(_printf_char.o)
    0x08007eca   0x08007eca   0x00000002   PAD
    0x08007ecc   0x08007ecc   0x000000bc   Code   RO          838    .text               c_w.l(_printf_wctomb.o)
    0x08007f88   0x08007f88   0x0000007c   Code   RO          841    .text               c_w.l(_printf_longlong_dec.o)
    0x08008004   0x08008004   0x00000070   Code   RO          847    .text               c_w.l(_printf_oct_int_ll.o)
    0x08008074   0x08008074   0x00000070   Code   RO          867    .text               c_w.l(strtol.o)
    0x080080e4   0x080080e4   0x00000008   Code   RO          964    .text               c_w.l(libspace.o)
    0x080080ec   0x080080ec   0x00000008   Code   RO          985    .text               c_w.l(rt_locale_intlibspace.o)
    0x080080f4   0x080080f4   0x00000034   Code   RO          991    .text               c_w.l(h1_extend.o)
    0x08008128   0x08008128   0x0000008a   Code   RO          995    .text               c_w.l(lludiv10.o)
    0x080081b2   0x080081b2   0x00000002   PAD
    0x080081b4   0x080081b4   0x00000080   Code   RO          997    .text               c_w.l(_printf_fp_infnan.o)
    0x08008234   0x08008234   0x0000002c   Code   RO         1001    .text               c_w.l(_printf_wchar.o)
    0x08008260   0x08008260   0x0000009e   Code   RO         1003    .text               c_w.l(_strtoul.o)
    0x080082fe   0x080082fe   0x00000002   PAD
    0x08008300   0x08008300   0x000000e4   Code   RO         1005    .text               c_w.l(bigflt0.o)
    0x080083e4   0x080083e4   0x00000040   Code   RO         1030    .text               c_w.l(_wcrtomb.o)
    0x08008424   0x08008424   0x0000000e   Code   RO         1038    .text               c_w.l(defsig_rtmem_outer.o)
    0x08008432   0x08008432   0x00000002   Code   RO         1055    .text               c_w.l(use_no_semi.o)
    0x08008434   0x08008434   0x00000000   Code   RO         1057    .text               c_w.l(indicate_semi.o)
    0x08008434   0x08008434   0x0000004a   Code   RO         1058    .text               c_w.l(sys_stackheap_outer.o)
    0x0800847e   0x0800847e   0x0000001c   Code   RO         1064    .text               c_w.l(_chval.o)
    0x0800849a   0x0800849a   0x00000012   Code   RO         1066    .text               c_w.l(exit.o)
    0x080084ac   0x080084ac   0x0000000a   Code   RO         1068    .text               c_w.l(defsig_exit.o)
    0x080084b6   0x080084b6   0x00000002   PAD
    0x080084b8   0x080084b8   0x00000050   Code   RO         1070    .text               c_w.l(defsig_rtmem_inner.o)
    0x08008508   0x08008508   0x00000080   Code   RO         1072    .text               c_w.l(strcmpv7m.o)
    0x08008588   0x08008588   0x0000000c   Code   RO         1086    .text               c_w.l(sys_exit.o)
    0x08008594   0x08008594   0x00000032   Code   RO         1096    .text               c_w.l(defsig_general.o)
    0x080085c6   0x080085c6   0x0000000e   Code   RO         1116    .text               c_w.l(sys_wrch.o)
    0x080085d4   0x080085d4   0x0000003e   Code   RO         1008    CL$$btod_d2e        c_w.l(btod.o)
    0x08008612   0x08008612   0x00000046   Code   RO         1010    CL$$btod_d2e_denorm_low  c_w.l(btod.o)
    0x08008658   0x08008658   0x00000060   Code   RO         1009    CL$$btod_d2e_norm_op1  c_w.l(btod.o)
    0x080086b8   0x080086b8   0x00000338   Code   RO         1018    CL$$btod_div_common  c_w.l(btod.o)
    0x080089f0   0x080089f0   0x000000dc   Code   RO         1015    CL$$btod_e2e        c_w.l(btod.o)
    0x08008acc   0x08008acc   0x0000002a   Code   RO         1012    CL$$btod_ediv       c_w.l(btod.o)
    0x08008af6   0x08008af6   0x0000002a   Code   RO         1011    CL$$btod_emul       c_w.l(btod.o)
    0x08008b20   0x08008b20   0x00000244   Code   RO         1017    CL$$btod_mult_common  c_w.l(btod.o)
    0x08008d64   0x08008d64   0x00000028   Code   RO          949    i.__ARM_fpclassify  m_ws.l(fpclassify.o)
    0x08008d8c   0x08008d8c   0x000000aa   Code   RO          951    i.__kernel_poly     m_ws.l(poly.o)
    0x08008e36   0x08008e36   0x00000002   PAD
    0x08008e38   0x08008e38   0x00000010   Code   RO          935    i.__mathlib_dbl_divzero  m_ws.l(dunder.o)
    0x08008e48   0x08008e48   0x00000004   Code   RO          937    i.__mathlib_dbl_infnan2  m_ws.l(dunder.o)
    0x08008e4c   0x08008e4c   0x0000000c   Code   RO          938    i.__mathlib_dbl_invalid  m_ws.l(dunder.o)
    0x08008e58   0x08008e58   0x0000000e   Code   RO          939    i.__mathlib_dbl_overflow  m_ws.l(dunder.o)
    0x08008e66   0x08008e66   0x00000002   PAD
    0x08008e68   0x08008e68   0x00000010   Code   RO          941    i.__mathlib_dbl_underflow  m_ws.l(dunder.o)
    0x08008e78   0x08008e78   0x0000000e   Code   RO          682    i._is_digit         c_w.l(__printf_wp.o)
    0x08008e86   0x08008e86   0x00000002   PAD
    0x08008e88   0x08008e88   0x000000dc   Code   RO          772    i.floor             m_ws.l(floor.o)
    0x08008f64   0x08008f64   0x000009d8   Code   RO          776    i.pow               m_ws.l(pow.o)
    0x0800993c   0x0800993c   0x0000004c   Code   RO          955    i.sqrt              m_ws.l(sqrt.o)
    0x08009988   0x08009988   0x0000002c   Code   RO         1033    locale$$code        c_w.l(lc_ctype_c.o)
    0x080099b4   0x080099b4   0x0000002c   Code   RO         1036    locale$$code        c_w.l(lc_numeric_c.o)
    0x080099e0   0x080099e0   0x00000150   Code   RO          729    x$fpl$dadd          fz_ws.l(daddsub_clz.o)
    0x08009b30   0x08009b30   0x00000010   Code   RO         1047    x$fpl$dcheck1       fz_ws.l(dcheck1.o)
    0x08009b40   0x08009b40   0x00000018   Code   RO          916    x$fpl$dcmpinf       fz_ws.l(dcmpi.o)
    0x08009b58   0x08009b58   0x000002b0   Code   RO          919    x$fpl$ddiv          fz_ws.l(ddiv.o)
    0x08009e08   0x08009e08   0x00000078   Code   RO          735    x$fpl$deqf          fz_ws.l(deqf.o)
    0x08009e80   0x08009e80   0x0000005e   Code   RO          737    x$fpl$dfix          fz_ws.l(dfix.o)
    0x08009ede   0x08009ede   0x0000002e   Code   RO          742    x$fpl$dflt          fz_ws.l(dflt_clz.o)
    0x08009f0c   0x08009f0c   0x00000078   Code   RO          747    x$fpl$dleqf         fz_ws.l(dleqf.o)
    0x08009f84   0x08009f84   0x00000154   Code   RO          749    x$fpl$dmul          fz_ws.l(dmul.o)
    0x0800a0d8   0x0800a0d8   0x0000009c   Code   RO          922    x$fpl$dnaninf       fz_ws.l(dnaninf.o)
    0x0800a174   0x0800a174   0x0000000c   Code   RO          924    x$fpl$dretinf       fz_ws.l(dretinf.o)
    0x0800a180   0x0800a180   0x0000006c   Code   RO          751    x$fpl$drleqf        fz_ws.l(drleqf.o)
    0x0800a1ec   0x0800a1ec   0x00000016   Code   RO          730    x$fpl$drsb          fz_ws.l(daddsub_clz.o)
    0x0800a202   0x0800a202   0x00000002   PAD
    0x0800a204   0x0800a204   0x000001cc   Code   RO         1049    x$fpl$dsqrt         fz_ws.l(dsqrt_noumaal.o)
    0x0800a3d0   0x0800a3d0   0x000001d4   Code   RO          731    x$fpl$dsub          fz_ws.l(daddsub_clz.o)
    0x0800a5a4   0x0800a5a4   0x00000056   Code   RO          753    x$fpl$f2d           fz_ws.l(f2d.o)
    0x0800a5fa   0x0800a5fa   0x00000018   Code   RO          926    x$fpl$fcmpinf       fz_ws.l(fcmpi.o)
    0x0800a612   0x0800a612   0x00000002   PAD
    0x0800a614   0x0800a614   0x00000184   Code   RO          756    x$fpl$fdiv          fz_ws.l(fdiv.o)
    0x0800a798   0x0800a798   0x00000026   Code   RO          759    x$fpl$ffltu         fz_ws.l(fflt_clz.o)
    0x0800a7be   0x0800a7be   0x00000002   PAD
    0x0800a7c0   0x0800a7c0   0x00000068   Code   RO          765    x$fpl$fleqf         fz_ws.l(fleqf.o)
    0x0800a828   0x0800a828   0x00000102   Code   RO          767    x$fpl$fmul          fz_ws.l(fmul.o)
    0x0800a92a   0x0800a92a   0x0000008c   Code   RO          928    x$fpl$fnaninf       fz_ws.l(fnaninf.o)
    0x0800a9b6   0x0800a9b6   0x0000000a   Code   RO          930    x$fpl$fretinf       fz_ws.l(fretinf.o)
    0x0800a9c0   0x0800a9c0   0x00000004   Code   RO          769    x$fpl$printf1       fz_ws.l(printf1.o)
    0x0800a9c4   0x0800a9c4   0x00000064   Code   RO         1084    x$fpl$retnan        fz_ws.l(retnan.o)
    0x0800aa28   0x0800aa28   0x0000005c   Code   RO          932    x$fpl$scalbn        fz_ws.l(scalbn.o)
    0x0800aa84   0x0800aa84   0x00000030   Code   RO         1114    x$fpl$trapveneer    fz_ws.l(trapv.o)
    0x0800aab4   0x0800aab4   0x00000000   Code   RO          934    x$fpl$usenofp       fz_ws.l(usenofp.o)
    0x0800aab4   0x0800aab4   0x0000000e   Data   RO            3    .constdata          main.o
    0x0800aac2   0x0800aac2   0x00002050   Data   RO          263    .constdata          oled.o
    0x0800cb12   0x0800cb12   0x00000007   Data   RO          537    .constdata          cjson.o
    0x0800cb19   0x0800cb19   0x00000028   Data   RO          670    .constdata          c_w.l(_printf_hex_int_ll_ptr.o)
    0x0800cb41   0x0800cb41   0x00000011   Data   RO          690    .constdata          c_w.l(__printf_flags_ss_wp.o)
    0x0800cb52   0x0800cb52   0x00000006   PAD
    0x0800cb58   0x0800cb58   0x00000088   Data   RO          777    .constdata          m_ws.l(pow.o)
    0x0800cbe0   0x0800cbe0   0x00000008   Data   RO          839    .constdata          c_w.l(_printf_wctomb.o)
    0x0800cbe8   0x0800cbe8   0x00000008   Data   RO          953    .constdata          m_ws.l(qnan.o)
    0x0800cbf0   0x0800cbf0   0x00000094   Data   RO         1006    .constdata          c_w.l(bigflt0.o)
    0x0800cc84   0x0800cc84   0x00000062   Data   RO            4    .conststring        main.o
    0x0800cce6   0x0800cce6   0x00000002   PAD
    0x0800cce8   0x0800cce8   0x00000020   Data   RO         1146    Region$$Table       anon$$obj.o
    0x0800cd08   0x0800cd08   0x00000110   Data   RO         1032    locale$$data        c_w.l(lc_ctype_c.o)
    0x0800ce18   0x0800ce18   0x0000001c   Data   RO         1035    locale$$data        c_w.l(lc_numeric_c.o)


    Execution Region RW_IRAM1 (Exec base: 0x20000000, Load base: 0x0800ce34, Size: 0x00001170, Max: 0x00005000, ABSOLUTE)

    Exec Addr    Load Addr    Size         Type   Attr      Idx    E Section Name        Object

    0x20000000   0x0800ce34   0x00000015   Data   RW            5    .data               main.o
    0x20000015   0x0800ce49   0x00000003   PAD
    0x20000018   0x0800ce4c   0x00000014   Data   RW          196    .data               system_stm32f10x.o
    0x2000002c   0x0800ce60   0x00000001   Data   RW          264    .data               oled.o
    0x2000002d   0x0800ce61   0x00000001   Data   RW          282    .data               key.o
    0x2000002e   0x0800ce62   0x00000004   Data   RW          295    .data               delay.o
    0x20000032   0x0800ce66   0x00000014   Data   RW          406    .data               stm32f10x_rcc.o
    0x20000046   0x0800ce7a   0x00000004   Data   RW          469    .data               esp8266.o
    0x2000004a   0x0800ce7e   0x00000002   Data   RW          517    .data               onenet.o
    0x2000004c   0x0800ce80   0x0000000c   Data   RW          538    .data               cjson.o
    0x20000058        -       0x00000100   Zero   RW            2    .bss                main.o
    0x20000158        -       0x000004c0   Zero   RW          262    .bss                oled.o
    0x20000618        -       0x00000014   Zero   RW          348    .bss                timer.o
    0x2000062c        -       0x00000400   Zero   RW          468    .bss                esp8266.o
    0x20000a2c        -       0x000000e4   Zero   RW          702    .bss                c_w.l(rand.o)
    0x20000b10        -       0x00000060   Zero   RW          965    .bss                c_w.l(libspace.o)
    0x20000b70        -       0x00000200   Zero   RW          387    HEAP                startup_stm32f10x_md.o
    0x20000d70        -       0x00000400   Zero   RW          386    STACK               startup_stm32f10x_md.o


==============================================================================

Image component sizes


      Code (inc. data)   RO Data    RW Data    ZI Data      Debug   Object Name

        52          6          0          0          0        520   beep.o
       632         10          0          0          0       3220   bh1750.o
      6784        208          7         12          0      24376   cjson.o
       212         18          0          4          0       1103   delay.o
       440         14          0          0          0       2322   dht11.o
      1168        570          0          4       1024       3413   esp8266.o
       256         22          0          0          0        911   exti.o
       156         12          0          1          0        824   key.o
        80         10          0          0          0        527   led.o
      1448        578        112         21        256     256458   main.o
       220         22          0          0          0       1861   misc.o
      3556         40          0          0          0      15299   mqttkit.o
      2964        100       8272          1       1216      10217   oled.o
      1830        864          0          2          0       6301   onenet.o
        64         26        236          0       1536        816   startup_stm32f10x_md.o
       284         10          0          0          0       2319   stm32f10x_exti.o
       860         38          0          0          0       5793   stm32f10x_gpio.o
        26          0          0          0          0       1210   stm32f10x_it.o
       932         36          0         20          0       9004   stm32f10x_rcc.o
      3610         88          0          0          0      22904   stm32f10x_tim.o
      1032         22          0          0          0       8520   stm32f10x_usart.o
         0          0          0          0          0         32   sys.o
       480         38          0         20          0       1827   system_stm32f10x.o
       540        104          0          0         20       2230   timer.o
       588         28          0          0          0       3691   usart.o

    ----------------------------------------------------------------------
     28220       2864       8661         88       4052     385698   Object Totals
         0          0         32          0          0          0   (incl. Generated)
         6          0          2          3          0          0   (incl. Padding)

    ----------------------------------------------------------------------

      Code (inc. data)   RO Data    RW Data    ZI Data      Debug   Library Member Name

        44          6          0          0          0         84   __2sprintf.o
         8          0          0          0          0         68   __main.o
       392          4         17          0          0         92   __printf_flags_ss_wp.o
        14          0          0          0          0         68   __printf_wp.o
         0          0          0          0          0          0   __rtentry.o
        12          0          0          0          0          0   __rtentry2.o
         6          0          0          0          0          0   __rtentry4.o
        52          8          0          0          0          0   __scatter.o
        26          0          0          0          0          0   __scatter_copy.o
        28          0          0          0          0          0   __scatter_zi.o
        28          0          0          0          0         68   _chval.o
         6          0          0          0          0          0   _printf_a.o
         6          0          0          0          0          0   _printf_c.o
        44          0          0          0          0        108   _printf_char.o
        48          6          0          0          0         96   _printf_char_common.o
        40          0          0          0          0         68   _printf_charcount.o
         6          0          0          0          0          0   _printf_d.o
       120         16          0          0          0         92   _printf_dec.o
         6          0          0          0          0          0   _printf_e.o
         6          0          0          0          0          0   _printf_f.o
      1054          0          0          0          0        216   _printf_fp_dec.o
       128         16          0          0          0         84   _printf_fp_infnan.o
         6          0          0          0          0          0   _printf_g.o
       148          4         40          0          0        160   _printf_hex_int_ll_ptr.o
         6          0          0          0          0          0   _printf_i.o
       178          0          0          0          0         88   _printf_intcommon.o
        10          0          0          0          0          0   _printf_l.o
         6          0          0          0          0          0   _printf_lc.o
        10          0          0          0          0          0   _printf_ll.o
         6          0          0          0          0          0   _printf_lld.o
         6          0          0          0          0          0   _printf_lli.o
         6          0          0          0          0          0   _printf_llo.o
         6          0          0          0          0          0   _printf_llu.o
         6          0          0          0          0          0   _printf_llx.o
       124         16          0          0          0         92   _printf_longlong_dec.o
         6          0          0          0          0          0   _printf_ls.o
         6          0          0          0          0          0   _printf_n.o
         6          0          0          0          0          0   _printf_o.o
       112         10          0          0          0        124   _printf_oct_int_ll.o
         6          0          0          0          0          0   _printf_p.o
        78          0          0          0          0        108   _printf_pad.o
         0          0          0          0          0          0   _printf_percent.o
         4          0          0          0          0          0   _printf_percent_end.o
         6          0          0          0          0          0   _printf_s.o
        82          0          0          0          0         80   _printf_str.o
        36          0          0          0          0         84   _printf_truncate.o
         6          0          0          0          0          0   _printf_u.o
        44          0          0          0          0        108   _printf_wchar.o
       188          6          8          0          0         92   _printf_wctomb.o
         6          0          0          0          0          0   _printf_x.o
        22          0          0          0          0        100   _rserrno.o
        16          0          0          0          0         68   _snputc.o
        10          0          0          0          0         68   _sputc.o
       158          0          0          0          0         92   _strtoul.o
        64          0          0          0          0         92   _wcrtomb.o
        26          0          0          0          0         80   atoi.o
       228          4        148          0          0         96   bigflt0.o
      1936        128          0          0          0        672   btod.o
        52          4          0          0          0         80   c89vsnprintf.o
        10          0          0          0          0         68   defsig_exit.o
        50          0          0          0          0         88   defsig_general.o
        80         58          0          0          0         76   defsig_rtmem_inner.o
        14          0          0          0          0         80   defsig_rtmem_outer.o
        18          0          0          0          0         80   exit.o
        94          0          0          0          0         80   h1_alloc.o
        52          0          0          0          0         68   h1_extend.o
        78          0          0          0          0         80   h1_free.o
        14          0          0          0          0         84   h1_init.o
         6          0          0          0          0        152   heapauxi.o
         4          0          0          0          0        136   hguard.o
         0          0          0          0          0          0   indicate_semi.o
       138          0          0          0          0        168   init_alloc.o
        44         10        272          0          0         76   lc_ctype_c.o
        44         10         28          0          0         76   lc_numeric_c.o
         2          0          0          0          0          0   libinit.o
        42          0          0          0          0          0   libinit2.o
         2          0          0          0          0          0   libshutdown.o
         2          0          0          0          0          0   libshutdown2.o
         8          4          0          0         96         68   libspace.o
       138          0          0          0          0         80   lludiv10.o
         0          0          0          0          0          0   maybetermalloc1.o
       112         18          0          0        228        160   rand.o
        16          4          0          0          0         76   rt_ctype_table.o
         8          4          0          0          0         68   rt_errno_addr_intlibspace.o
         8          4          0          0          0         68   rt_heap_descriptor_intlibspace.o
         8          4          0          0          0         68   rt_locale_intlibspace.o
        68          0          0          0          0         68   rt_memclr.o
        78          0          0          0          0         80   rt_memclr_w.o
       138          0          0          0          0         68   rt_memcpy_v6.o
       100          0          0          0          0         80   rt_memcpy_w.o
         2          0          0          0          0          0   rtexit.o
        10          0          0          0          0          0   rtexit2.o
        20          0          0          0          0         68   strchr.o
       128          0          0          0          0         68   strcmpv7m.o
        72          0          0          0          0         80   strcpy.o
        62          0          0          0          0         76   strlen.o
        36          0          0          0          0         76   strncat.o
       150          0          0          0          0         80   strncmp.o
        36          0          0          0          0         80   strstr.o
       112          0          0          0          0         88   strtol.o
        12          4          0          0          0         68   sys_exit.o
        74          0          0          0          0         80   sys_stackheap_outer.o
        14          0          0          0          0         76   sys_wrch.o
        26          0          0          0          0         76   tolower.o
         2          0          0          0          0         68   use_no_semi.o
       826         16          0          0          0        348   daddsub_clz.o
        16          4          0          0          0         68   dcheck1.o
        24          0          0          0          0         68   dcmpi.o
       688        140          0          0          0        208   ddiv.o
       120          4          0          0          0         92   deqf.o
        94          4          0          0          0         92   dfix.o
        46          0          0          0          0         68   dflt_clz.o
       120          4          0          0          0         92   dleqf.o
       340         12          0          0          0        104   dmul.o
       156          4          0          0          0         92   dnaninf.o
        12          0          0          0          0         68   dretinf.o
       108          0          0          0          0         80   drleqf.o
       460         56          0          0          0        120   dsqrt_noumaal.o
        86          4          0          0          0         84   f2d.o
        24          0          0          0          0         68   fcmpi.o
       388         76          0          0          0         96   fdiv.o
        38          0          0          0          0         68   fflt_clz.o
       104          4          0          0          0         84   fleqf.o
       258          4          0          0          0         84   fmul.o
       140          4          0          0          0         84   fnaninf.o
        10          0          0          0          0         68   fretinf.o
         4          0          0          0          0         68   printf1.o
       100          0          0          0          0         68   retnan.o
        92          0          0          0          0         68   scalbn.o
        48          0          0          0          0         68   trapv.o
         0          0          0          0          0          0   usenofp.o
        62         10          0          0          0        340   dunder.o
       220         16          0          0          0         84   floor.o
        40          0          0          0          0         68   fpclassify.o
       170          0          0          0          0         96   poly.o
      2520        190        136          0          0        324   pow.o
         0          0          8          0          0          0   qnan.o
        76          0          0          0          0         84   sqrt.o

    ----------------------------------------------------------------------
     15244        900        663          0        324       9912   Library Totals
        32          0          6          0          0          0   (incl. Padding)

    ----------------------------------------------------------------------

      Code (inc. data)   RO Data    RW Data    ZI Data      Debug   Library Name

      7822        348        513          0        324       6508   c_w.l
      4302        336          0          0          0       2408   fz_ws.l
      3088        216        144          0          0        996   m_ws.l

    ----------------------------------------------------------------------
     15244        900        663          0        324       9912   Library Totals

    ----------------------------------------------------------------------

==============================================================================


      Code (inc. data)   RO Data    RW Data    ZI Data      Debug   

     43464       3764       9324         88       4376     388014   Grand Totals
     43464       3764       9324         88       4376     388014   ELF Image Totals
     43464       3764       9324         88          0          0   ROM Totals

==============================================================================

    Total RO  Size (Code + RO Data)                52788 (  51.55kB)
    Total RW  Size (RW Data + ZI Data)              4464 (   4.36kB)
    Total ROM Size (Code + RO Data + RW Data)      52876 (  51.64kB)

==============================================================================

